=== DUMP COPY v2 — 2026-09-19 16:08:16 UTC ===
### copy dict:
{
 "traders": [
  {
   "nombre": "0x2c335066",
   "wallet": "0x2c335066fe58fe9237c3d3dc7b275c2a034a0563",
   "puesto": 0,
   "profit": 0.0,
   "volumen": 0.0,
   "compras48h": 300,
   "ventas48h": 0,
   "ratio_ventas": 0.0,
   "mercados": 20,
   "deporte_pct": 79,
   "mediana_usd": 34.1504,
   "origen": "veterano",
   "senales_papel": 45,
   "acierto_papel": 55.6,
   "roi_papel": 10.4,
   "elegido_en": 1789757875
  },
  {
   "nombre": "BreakTheBank",
   "wallet": "0xf0318c32136c2db7fec88b84869aee6a1106c80c",
   "puesto": 10,
   "profit": 650950.13,
   "volumen": 19766563.88,
   "compras48h": 289,
   "ventas48h": 11,
   "ratio_ventas": 0.04,
   "mercados": 10,
   "deporte_pct": 40,
   "mediana_usd": 8.2,
   "origen": "novato",
   "elegido_en": 1789757882
  },
  {
   "nombre": "BrotherObama",
   "wallet": "0x8a8685a792c184e5c2ee8c7d4d4baba7c2c94998",
   "puesto": 19,
   "profit": 508134.07,
   "volumen": 11694938.16,
   "compras48h": 78,
   "ventas48h": 20,
   "ratio_ventas": 0.26,
   "mercados": 34,
   "deporte_pct": 92,
   "mediana_usd": 6675.5,
   "origen": "novato",
   "elegido_en": 1789757890
  }
 ],
 "vistos": {
  "0x594a64093a4d4cfe629384|24581060312238229844": 1789661525,
  "0x3bcf38964e1dcff57b66d0|11316411303592864107": 1789661706,
  "0x172062ed353705ccc3d373|11316411303592864107": 1789661886,
  "0x0a133d24f700357109755b|11316411303592864107": 1789662067,
  "0x1487f4c8f088ec686de521|11316411303592864107": 1789662247,
  "0xfc3325bd1063ecbe2c6d00|33552483675712385840": 1789662428,
  "0x76a5a6bddc460f1ca864b6|11316411303592864107": 1789662789,
  "0x75832fc43d1b9508e0cdf9|11316411303592864107": 1789662970,
  "0xe31b2dd59a161797f6bbe8|11316411303592864107": 1789663150,
  "0x17d4b57b874ed48bae4db1|11316411303592864107": 1789663331,
  "0xc357bcba97cc286342a6df|11316411303592864107": 1789663511,
  "0xcb8737cf7f334f6aee5505|90801325938697117643": 1789663692,
  "0x52cce251aa5511a9eacc55|90801325938697117643": 1789663872,
  "0x62fb0729f79b12178d13c8|70285593713480550477": 1789664053,
  "0x523ed9a4634e3f840a9e95|11316411303592864107": 1789664233,
  "0x1582ad692e27899aee9631|49789593930109313152": 1789664414,
  "0xe58d1e484350be8ab37f85|20225819075735750518": 1789664594,
  "0x6d38f69b6bca9845b5bb53|11316411303592864107": 1789664775,
  "0x0af85504733039501952f8|11316411303592864107": 1789664955,
  "0xb276d7f321f1f2aff24836|52110220766960616812": 1789665497,
  "0xbb3d696dc1cae6c4c468c2|11316411303592864107": 1789665677,
  "0x2d679ed0c9dc56ec42ebf8|11316411303592864107": 1789665858,
  "0x0d5f4394855ae2075f530e|11316411303592864107": 1789666038,
  "0x94b70904ff38fe5f0fb8ec|99071092706299344000": 1789666399,
  "0x710a09d516eb34a238c079|11316411303592864107": 1789666580,
  "0xb426d0546ccf64793e93a5|21539104995595268994": 1789666761,
  "0xeee61964fb4cd0ad28ca5f|86834866922827467009": 1789666941,
  "0xdd792c095a04e6df771ebc|90801325938697117643": 1789667483,
  "0x863e87e2379b2e75f68e12|92103437655080793564": 1789667663,
  "0x967aa86330be63be20d22b|21539104995
### ultimo_auditoria_resumen:
{
 "reabiertas": 0,
 "corregidas": 0,
 "confirmadas": 81,
 "manuales": 0,
 "nuevas_cerradas": 0,
 "origen": "auto",
 "pnl_antes": 9.63,
 "pnl_despues": 9.63
}
### trades_copiados:
[]
### descartadas:
[{"trader": "pleaseplease123", "peso": 10, "titulo": "Washington Nationals vs. Los Angeles Dodgers: O/U 8.5", "side": "BUY", "price": 0.54, "size": 434.0, "asset": "95952339111587815223537791500571044605986864428829629834185439441029088171356", "timestamp": 1788559234, "cuota": 1.85, "stake_sugerido": 2.0, "copiado_en": "2026-09-05T19:00:01.832312", "status": "error", "chat_id": 250818720, "order_id": "tamaño 3.7 < 5 shares mínimo", "descartada": "registro vacío (basura): sin pregunta, stake ni legs", "descartada_en": "2026-09-11T21:19:52.378936+00:00"}, {"tipo": "combo", "copiado_en": "2026-09-08T03:22:45.402897", "question": "Barranquilla: Julieta Pareja vs Lucrezia Stefanini", "slug": "wta-pareja-stefani-2026-09-07", "market_id": "4320096", "condition_id": "0xf4ae1e2d985191bb2249a435c3b31a4e1d7089b987b27070763226cf4c04b280", "real_token": "102190795601065752692316941866482150736520688268644150542153831580824160844279", "precio_ejecutado": 0.505, "cuota_ejecutada": 1.98, "size_shares": 9.9, "stake_dolares": 5.0, "order_id": "0x5b93625ac427161712af23f24b33eb8baf2ecd3aeb4044612bf1fd1ec10242ba", "volumen": 1237058.8143799999, "tags": ["sports", "tennis", "games"], "status": "cerrado", "pnl_antes_auditoria": -5.0, "resultado_antes": "perdida", "pendiente_info": null, "fin_previsto": "14/09 02:00", "reauditada": "2026-09-11T17:37:13.058725+00:00", "descartada": "duplicado fantasma: hay más registros que fills reales de ese token en la cadena", "descartada_en": "2026-09-11T21:19:
### copy_señales COMPLETAS (80):
{"dia": "2026-09-12", "ts": 1789193922, "ts_fill": 1789191417, "retraso_s": 2505, "trader": "0x2c335066", "wallet": "0x2c335066fe58fe9237c3d3dc7b275c2a034a0563", "titulo": "Chelsea FC vs. Hull City AFC: O/U 4.5", "slug": "epl-che-hul-2026-09-12-total-4pt5", "event_slug": "epl-che-hul-2026-09-12-more-markets", "condition_id": "0x8d94e85af1c1126a8a1daffc0c012ee8c8403163c6ef5e718489a6d29527e93a", "token": "51550238544691631352110051616611261154133483935506436721452882753448481822700", "outcome": "Under", "precio_trader": 0.71, "cuota_trader": 1.41, "usd_trader": 32.88, "size_trader": 45.65, "precio_nuestro": 0.725, "cuota_nuestro": 1.38, "deriva_pts": 1.5, "deporte": true, "en_rango_combo": true, "tx": "0x98bc027943f39f0f2e0970", "resuelta": true, "senal_acerto": true, "anulada": false, "pnl_papel_nuestro": 1.897, "pnl_papel_trader": 2.042, "ejecutada": false, "escaladas": 0, "precio_nuestro_max": 0.725, "ts_ultimo_fill": 1789191417}
{"dia": "2026-09-12", "ts": 1789200249, "ts_fill": 1789200102, "retraso_s": 147, "trader": "0x2c335066", "wallet": "0x2c335066fe58fe9237c3d3dc7b275c2a034a0563", "titulo": "LoL: Hanwha Life Esports vs T1 (BO5) - LCK Playoffs", "slug": "lol-hle1-t1-2026-09-12", "event_slug": "lol-hle1-t1-2026-09-12", "condition_id": "0x1d38c2172d410b833739d7cc834e62e07b0a82d631f0f2c89f10a9fbfa6f3960", "token": "48695112555672485727777248446585038036780756395855109591575492967792057631373", "outcome": "Hanwha Life Esports", "precio_trader": 0.7700000014, "cuota_trader": 1.3, "usd_trader": 2649.4, "size_trader": 3423.6072, "precio_nuestro": 0.7775, "cuota_nuestro": 1.29, "deriva_pts": 0.75, "deporte": true, "en_rango_combo": true, "tx": "0xffe5f2afd389e425a8a783", "resuelta": true, "senal_acerto": true, "anulada": false, "pnl_papel_nuestro": 1.431, "pnl_papel_trader": 1.494, "ejecutada": false, "escaladas": 1, "precio_nuestro_max": 0.7775, "ts_ultimo_fill": 1789200085}
{"dia": "2026-09-12", "ts": 1789201522, "ts_fill": 1789201492, "retraso_s": 30, "trader": "0x2c335066", "wallet": "0x2c335066fe58fe9237c3d3dc7b275c2a034a0563", "titulo": "Counter-Strike: Legacy vs MIBR (BO3) - FISSURE PLAYGROUND Playoffs", "slug": "cs2-lgc-mibr-2026-09-12", "event_slug": "cs2-lgc-mibr-2026-09-12", "condition_id": "0x3bfb437b5761e5fb341b474ce3710f39701e4f05626508857d9605e97deec649", "token": "2131119120294333998344100867147595414140991886676339763571694593381251698246", "outcome": "MIBR", "precio_trader": 0.341, "cuota_trader": 2.93, "usd_trader": 16719.38, "size_trader": 49030.44, "precio_nuestro": 0.3525, "cuota_nuestro": 2.84, "deriva_pts": 1.15, "deporte": false, "en_rango_combo": false, "tx": "0xc6b72b6cc662cbc49d9ae3", "resuelta": true, "senal_acerto": false, "anulada": false, "pnl_papel_nuestro": -5.0, "pnl_papel_trader": -5.0, "ejecutada": false, "escaladas": 0, "precio_nuestro_max": 0.3525, "ts_ultimo_fill": 1789201492}
{"dia": "2026-09-12", "ts": 1789202615, "ts_fill": 1789202559, "retraso_s": 56, "trader": "0x2c335066", "wallet": "0x2c335066fe58fe9237c3d3dc7b275c2a034a0563", "titulo": "Will BV Borussia 09 Dortmund win on 2026-09-12?", "slug": "bun-dor-scp-2026-09-12-dor", "event_slug": "bun-dor-scp-2026-09-12", "condition_id": "0x80097de7cbab373b5e790ee6c4c644c86550b460ce3fcd52d231b31d51025180", "token": "2569148029126068697760717806730971910262225107727726791080384862019625788975", "outcome": "Yes", "precio_trader": 0.77, "cuota_trader": 1.3, "usd_trader": 40700.72, "size_trader": 52257.13, "precio_nuestro": 0.775, "cuota_nuestro": 1.29, "deriva_pts": 0.5, "deporte": false, "en_rango_combo": true, "tx": "0x94be6a6bfa985cc2029bd7", "resuelta": true, "senal_acerto": true, "anulada": false, "pnl_papel_nuestro": 1.452, "pnl_papel_trader": 1.494, "ejecutada": false, "escaladas": 1, "precio_nuestro_max": 0.775, "ts_ultimo_fill": 1789202554}
{"dia": "2026-09-12", "ts": 1789202615, "ts_fill": 1789202542, "retraso_s": 73, "trader": "0x2c335066", "wallet": "0x2c335066fe58fe9237c3d3dc7b275c2a034a0563", "titulo": "Counter-Strike: BetBoom Team vs G2 (BO3) - FISSURE PLAYGROUND Playoffs", "slug": "cs2-bb3-g2-2026-09-12", "event_slug": "cs2-bb3-g2-2026-09-12", "condition_id": "0x115a4cbd340377fccae7a46f133565a791058aa467e6b4de6c6a75fac35cff47", "token": "616570729029951893685169527540250884567159576183493134116442262526202566143", "outcome": "G2", "precio_trader": 0.64, "cuota_trader": 1.56, "usd_trader": 79816.92, "size_trader": 123830.0, "precio_nuestro": 0.635, "cuota_nuestro": 1.57, "deriva_pts": -0.5, "deporte": false, "en_rango_combo": true, "tx": "0x9b89dd1893a84f0947fd66", "resuelta": true, "senal_acerto": true, "anulada": false, "pnl_papel_nuestro": 2.874, "pnl_papel_trader": 2.812, "ejecutada": false, "escaladas": 1, "precio_nuestro_max": 0.635, "ts_ultimo_fill": 1789206876}
{"dia": "2026-09-13", "ts": 1789258636, "ts_fill": 1789258602, "retraso_s": 34, "trader": "0x2c335066", "wallet": "0x2c335066fe58fe9237c3d3dc7b275c2a034a0563", "titulo": "Noche UFC: Jean Silva vs. Jose Miguel Delgado (Featherweight, Main Card)", "slug": "ufc-jea-jos55-2026-09-12", "event_slug": "ufc-jea-jos55-2026-09-12", "condition_id": "0x72041a4e8cdb8539f0c037d4fdf1c7588e0b1590a2b4761a9c3c10889a206922", "token": "14978473665990112355665274502576419507438167907063830325235575375771575951158", "outcome": "Jean Silva", "precio_trader": 0.56, "cuota_trader": 1.79, "usd_trader": 1910.77, "size_trader": 2665.0, "precio_nuestro": 0.61, "cuota_nuestro": 1.64, "deriva_pts": 5.0, "deporte": true, "en_rango_combo": true, "tx": "0x84e31f6ca2b3fb79e60bfd", "resuelta": true, "senal_acerto": true, "anulada": false, "pnl_papel_nuestro": 3.197, "pnl_papel_trader": 3.929, "ejecutada": false, "escaladas": 7, "precio_nuestro_max": 0.9995, "ts_ultimo_fill": 1789259302}
{"dia": "2026-09-13", "ts": 1789258636, "ts_fill": 1789258530, "retraso_s": 106, "trader": "0x2c335066", "wallet": "0x2c335066fe58fe9237c3d3dc7b275c2a034a0563", "titulo": "Chicago White Sox vs. St. Louis Cardinals", "slug": "mlb-cws-stl-2026-09-12", "event_slug": "mlb-cws-stl-2026-09-12", "condition_id": "0x117a501c1d7c812f374fd0b6d72f68e66b399c75543a7ec6da5036f85a3a962b", "token": "44618449636292769433449339680304089604373746726215923039510990866957386262179", "outcome": "Chicago White Sox", "precio_trader": 0.18, "cuota_trader": 5.56, "usd_trader": 291.53, "size_trader": 1555.83, "precio_nuestro": 0.185, "cuota_nuestro": 5.41, "deriva_pts": 0.5, "deporte": true, "en_rango_combo": false, "tx": "0xc423d170ea52097066130c", "resuelta": true, "senal_acerto": true, "anulada": false, "pnl_papel_nuestro": 22.027, "pnl_papel_trader": 22.778, "ejecutada": false, "escaladas": 0, "precio_nuestro_max": 0.185, "ts_ultimo_fill": 1789258530}
{"dia": "2026-09-13", "ts": 1789258999, "ts_fill": 1789258878, "retraso_s": 121, "trader": "0x2c335066", "wallet": "0x2c335066fe58fe9237c3d3dc7b275c2a034a0563", "titulo": "Cincinnati Reds vs. Milwaukee Brewers", "slug": "mlb-cin-mil-2026-09-12", "event_slug": "mlb-cin-mil-2026-09-12", "condition_id": "0xd9c13e36f49566d2aa21e8bfd3c51bcc3f2e28b9452a8a83f282684dfb57ac3e", "token": "108970816118354896794561700801076511134887213128871974444988158282344844497393", "outcome": "Cincinnati Reds", "precio_trader": 0.35, "cuota_trader": 2.86, "usd_trader": 1098.58, "size_trader": 3040.0, "precio_nuestro": 0.365, "cuota_nuestro": 2.74, "deriva_pts": 1.5, "deporte": true, "en_rango_combo": false, "tx": "0x66105977d96e619894682d", "resuelta": true, "senal_acerto": false, "anulada": false, "pnl_papel_nuestro": -5.0, "pnl_papel_trader": -5.0, "ejecutada": false, "escaladas": 0, "precio_nuestro_max": 0.365, "ts_ultimo_fill": 1789258878}
{"dia": "2026-09-13", "ts": 1789259179, "ts_fill": 1789259118, "retraso_s": 61, "trader": "0x2c335066", "wallet": "0x2c335066fe58fe9237c3d3dc7b275c2a034a0563", "titulo": "Houston Astros vs. Tampa Bay Rays", "slug": "mlb-hou-tb-2026-09-12", "event_slug": "mlb-hou-tb-2026-09-12", "condition_id": "0xd9264d1126274daeaa7a811211e1f46278bf79bacf9a648ecc0524c0f2365017", "token": "26924943409099587884725835387292512623954637197660419126367977003516773219764", "outcome": "Houston Astros", "precio_trader": 0.24, "cuota_trader": 4.17, "usd_trader": 3840.3, "size_trader": 16006.34, "precio_nuestro": 0.195, "cuota_nuestro": 5.13, "deriva_pts": -4.5, "deporte": true, "en_rango_combo": false, "tx": "0x40870251cee5475e6de033", "resuelta": true, "senal_acerto": false, "anulada": false, "pnl_papel_nuestro": -5.0, "pnl_papel_trader": -5.0, "ejecutada": false, "escaladas": 2, "precio_nuestro_max": 0.195, "ts_ultimo_fill": 1789259913}
{"dia": "2026-09-13", "ts": 1789259723, "ts_fill": 1789259650, "retraso_s": 73, "trader": "0x2c335066", "wallet": "0x2c335066fe58fe9237c3d3dc7b275c2a034a0563", "titulo": "Seattle Mariners vs. Athletics: O/U 9.5", "slug": "mlb-sea-oak-2026-09-12-total-9pt5", "event_slug": "mlb-sea-oak-2026-09-12", "condition_id": "0x100f318bf8b716b2ddaa9dfccf1be7fca9bbc5f4ad4d640f7a3890359174efab", "token": "110766493539189276736954106471795298823431870960315426133366042923971807537352", "outcome": "Under", "precio_trader": 0.49, "cuota_trader": 2.04, "usd_trader": 35801.78, "size_trader": 73064.8527, "precio_nuestro": 0.505, "cuota_nuestro": 1.98, "deriva_pts": 1.5, "deporte": true, "en_rango_combo": true, "tx": "0x8a9dba168f24f06a513301", "resuelta": true, "senal_acerto": false, "anulada": false, "pnl_papel_nuestro": -5.0, "pnl_papel_trader": -5.0, "ejecutada": false, "escaladas": 0, "precio_nuestro_max": 0.505, "ts_ultimo_fill": 1789259650}
{"dia": "2026-09-14", "ts": 1789344172, "ts_fill": 1789344169, "retraso_s": 3, "trader": "0x2c335066", "wallet": "0x2c335066fe58fe9237c3d3dc7b275c2a034a0563", "titulo": "Spread: Cowboys (-3.5)", "slug": "nfl-dal-nyg-2026-09-14-spread-away-3pt5", "event_slug": "", "condition_id": "0x79f7e7980d342af09ad3affbf9edd35c80330ee6f3b5a3710d7eec66ce2bf451", "token": "7059644226521973969491168308838054537438540863721645500873394016531583633565", "outcome": "Giants", "precio_trader": 0.53, "cuota_trader": 1.89, "usd_trader": 129673.22, "size_trader": 244666.4849, "precio_nuestro": 0.535, "cuota_nuestro": 1.87, "deriva_pts": 0.5, "deporte": false, "en_rango_combo": true, "tx": "0x8fb5af3d20720a170e9501", "resuelta": true, "senal_acerto": true, "anulada": false, "pnl_papel_nuestro": 4.346, "pnl_papel_trader": 4.434, "ejecutada": false, "escaladas": 648, "precio_nuestro_max": 0.535, "ts_ultimo_fill": 1789344721}
{"dia": "2026-09-14", "ts": 1789345624, "ts_fill": 1789345602, "retraso_s": 22, "trader": "0x2c335066", "wallet": "0x2c335066fe58fe9237c3d3dc7b275c2a034a0563", "titulo": "Cowboys vs. Giants: O/U 47.5", "slug": "nfl-dal-nyg-2026-09-14-total-47pt5", "event_slug": "", "condition_id": "0xb34ee9b23368fd2f90046d99ef0940390a3c407d1ba7a96cfcfd154e80b59618", "token": "12345061341535128528447830587162282633259282780962828877719068502110448823677", "outcome": "Under", "precio_trader": 0.49, "cuota_trader": 2.04, "usd_trader": 25124.75, "size_trader": 50000.0, "precio_nuestro": 0.485, "cuota_nuestro": 2.06, "deriva_pts": -0.5, "deporte": false, "en_rango_combo": true, "tx": "0xc35babcd2c9f1129a5c423", "resuelta": true, "senal_acerto": false, "anulada": false, "pnl_papel_nuestro": -5.0, "pnl_papel_trader": -5.0, "ejecutada": false, "escaladas": 0, "precio_nuestro_max": 0.485, "ts_ultimo_fill": 1789345602}
{"dia": "2026-09-14", "ts": 1789345624, "ts_fill": 1789345575, "retraso_s": 49, "trader": "0x2c335066", "wallet": "0x2c335066fe58fe9237c3d3dc7b275c2a034a0563", "titulo": "Cowboys vs. Giants", "slug": "nfl-dal-nyg-2026-09-14", "event_slug": "nfl-dal-nyg-2026-09-14", "condition_id": "0x18afd71a2b235a4a3b910e9d97f7ae3aea5cc000e6449cabc04cb0fe9f4a6e6a", "token": "61211282474076936864921717721041574216547901577970646460859243302386714676354", "outcome": "Giants", "precio_trader": 0.39, "cuota_trader": 2.56, "usd_trader": 173299.2, "size_trader": 200107.12, "precio_nuestro": 0.385, "cuota_nuestro": 2.6, "deriva_pts": -0.5, "deporte": true, "en_rango_combo": false, "tx": "0x2bfa88325607b1f3376dfd", "resuelta": true, "senal_acerto": true, "anulada": false, "pnl_papel_nuestro": 7.987, "pnl_papel_trader": 7.821, "ejecutada": false, "escaladas": 29, "precio_nuestro_max": 0.9995, "ts_ultimo_fill": 1789357302}
{"dia": "2026-09-14", "ts": 1789346169, "ts_fill": 1789346154, "retraso_s": 15, "trader": "0x2c335066", "wallet": "0x2c335066fe58fe9237c3d3dc7b275c2a034a0563", "titulo": "Cowboys vs. Giants", "slug": "nfl-dal-nyg-2026-09-14", "event_slug": "nfl-dal-nyg-2026-09-14", "condition_id": "0x18afd71a2b235a4a3b910e9d97f7ae3aea5cc000e6449cabc04cb0fe9f4a6e6a", "token": "96935894714471024050937734858010069812684897703967287777517273604480313892633", "outcome": "Cowboys", "precio_trader": 0.47, "cuota_trader": 2.13, "usd_trader": 99589.32, "size_trader": 314371.8794, "precio_nuestro": 0.485, "cuota_nuestro": 2.06, "deriva_pts": 1.5, "deporte": true, "en_rango_combo": true, "tx": "0x481306aa5e9c321d338169", "resuelta": true, "senal_acerto": false, "anulada": false, "pnl_papel_nuestro": -5.0, "pnl_papel_trader": -5.0, "ejecutada": false, "escaladas": 19, "precio_nuestro_max": 0.585, "ts_ultimo_fill": 1789355733}
{"dia": "2026-09-14", "ts": 1789349076, "ts_fill": 1789349047, "retraso_s": 29, "trader": "0x2c335066", "wallet": "0x2c335066fe58fe9237c3d3dc7b275c2a034a0563", "titulo": "San Diego FC vs. Philadelphia Union: O/U 2.5", "slug": "mls-sdg-phi-2026-09-13-total-2pt5", "event_slug": "mls-sdg-phi-2026-09-13-more-markets", "condition_id": "0x0cdaea90eb24c87e216b74947229512ea38315c223707d05d3bf8698d539aebb", "token": "7967032470746299570484561303257415552220679171211154575166566612392149201015", "outcome": "Over", "precio_trader": 0.6304997445, "cuota_trader": 1.59, "usd_trader": 866.96, "size_trader": 1350.09, "precio_nuestro": 0.61, "cuota_nuestro": 1.64, "deriva_pts": -2.05, "deporte": true, "en_rango_combo": true, "tx": "0x8623c8ca5e7af11133b3ce", "resuelta": true, "senal_acerto": true, "anulada": false, "pnl_papel_nuestro": 3.197, "pnl_papel_trader": 2.93, "ejecutada": false, "escaladas": 0, "precio_nuestro_max": 0.61, "ts_ultimo_fill": 1789349047}
{"dia": "2026-09-15", "ts": 1789430470, "ts_fill": 1789430434, "retraso_s": 36, "trader": "wr0ngw4yb3tt0r", "wallet": "0x224a89dbe0db0d6124b335edabd15b3f877da3d5", "titulo": "1H Spread: Chiefs (-1.5)", "slug": "nfl-den-kc-2026-09-15-1h-spread-home-1pt5", "event_slug": "nfl-den-kc-2026-09-15", "condition_id": "0x53fd24c834a8f0e3a2d773900a4983b1e2cee3f4f00c7f50aa771eaeffc3a407", "token": "4172120364992065138025115125751179251559842731472342407188162345699684902576", "outcome": "Chiefs", "precio_trader": 0.45, "cuota_trader": 2.22, "usd_trader": 7.65, "size_trader": 17.0, "precio_nuestro": 0.445, "cuota_nuestro": 2.25, "deriva_pts": -0.5, "deporte": true, "en_rango_combo": true, "tx": "0x3c278550cecd068cb4ef84", "resuelta": true, "senal_acerto": true, "anulada": false, "pnl_papel_nuestro": 6.236, "pnl_papel_trader": 6.111, "ejecutada": false, "escaladas": 0, "precio_nuestro_max": 0.445, "ts_ultimo_fill": 1789430434}
{"dia": "2026-09-15", "ts": 1789430470, "ts_fill": 1789430338, "retraso_s": 132, "trader": "wr0ngw4yb3tt0r", "wallet": "0x224a89dbe0db0d6124b335edabd15b3f877da3d5", "titulo": "New York Yankees vs. Minnesota Twins: O/U 7.5", "slug": "mlb-nyy-min-2026-09-14-total-7pt5", "event_slug": "mlb-nyy-min-2026-09-14", "condition_id": "0x5cc7cf0f5111c210812ea489f03614823637026f3608014adbd358ab27e16567", "token": "18166116176416049667545917709070379563967477010187501672447347680754119797672", "outcome": "Under", "precio_trader": 0.5, "cuota_trader": 2.0, "usd_trader": 512.5, "size_trader": 1000.0, "precio_nuestro": 0.535, "cuota_nuestro": 1.87, "deriva_pts": 3.5, "deporte": true, "en_rango_combo": true, "tx": "0xdb4cf77aafb639de798006", "resuelta": true, "senal_acerto": false, "anulada": false, "pnl_papel_nuestro": -5.0, "pnl_papel_trader": -5.0, "ejecutada": false, "escaladas": 0, "precio_nuestro_max": 0.535, "ts_ultimo_fill": 1789430338}
{"dia": "2026-09-15", "ts": 1789430500, "ts_fill": 1789430290, "retraso_s": 210, "trader": "wr0ngw4yb3tt0r", "wallet": "0x224a89dbe0db0d6124b335edabd15b3f877da3d5", "titulo": "New York Yankees vs. Minnesota Twins", "slug": "mlb-nyy-min-2026-09-14", "event_slug": "mlb-nyy-min-2026-09-14", "condition_id": "0xf94af197057437aadc0a3ccee340e1579824121e63b2f5e94fe2c2e7502e760e", "token": "44495976938704477374351943995298818464461934403555742922555543201354821272059", "outcome": "Minnesota Twins", "precio_trader": 0.4500000067, "cuota_trader": 2.22, "usd_trader": 3669.56, "size_trader": 10749.4404, "precio_nuestro": 0.485, "cuota_nuestro": 2.06, "deriva_pts": 3.5, "deporte": true, "en_rango_combo": true, "tx": "0x61015f4133793b56416bfa", "resuelta": true, "senal_acerto": false, "anulada": false, "pnl_papel_nuestro": -5.0, "pnl_papel_trader": -5.0, "ejecutada": false, "escaladas": 16, "precio_nuestro_max": 0.775, "ts_ultimo_fill": 1789436140}
{"dia": "2026-09-15", "ts": 1789430501, "ts_fill": 1789430496, "retraso_s": 5, "trader": "BreakTheBank", "wallet": "0xf0318c32136c2db7fec88b84869aee6a1106c80c", "titulo": "Spread: Chiefs (-3.5)", "slug": "nfl-den-kc-2026-09-15-spread-home-3pt5", "event_slug": "nfl-den-kc-2026-09-15", "condition_id": "0xfef8ddce01bd424ebf9fb3cf56a4ed980e98dd53b50d9e59fb1848849bfe4f3f", "token": "104954660281475864332831168452820357214928001644991607079193544608311682516566", "outcome": "Chiefs", "precio_trader": 0.39, "cuota_trader": 2.56, "usd_trader": 818.71, "size_trader": 2099.26, "precio_nuestro": 0.395, "cuota_nuestro": 2.53, "deriva_pts": 0.5, "deporte": true, "en_rango_combo": false, "tx": "0xef8ca41ce7bf8697c6021b", "resuelta": true, "senal_acerto": true, "anulada": false, "pnl_papel_nuestro": 7.658, "pnl_papel_trader": 7.821, "ejecutada": false, "escaladas": 6, "precio_nuestro_max": 0.395, "ts_ultimo_fill": 1789430785}
{"dia": "2026-09-15", "ts": 1789430501, "ts_fill": 1789430442, "retraso_s": 59, "trader": "BreakTheBank", "wallet": "0xf0318c32136c2db7fec88b84869aee6a1106c80c", "titulo": "Spread: Chiefs (-0.5)", "slug": "nfl-den-kc-2026-09-15-spread-home-0pt5", "event_slug": "nfl-den-kc-2026-09-15", "condition_id": "0xe77ba2a352743973104031ec2efeeefe8aebb1bdb21d4e551eab1cf4d887ad24", "token": "44223417079553033612755502876056992516177816911405303454404446665370316848833", "outcome": "Chiefs", "precio_trader": 0.54, "cuota_trader": 1.85, "usd_trader": 41.86, "size_trader": 77.5183, "precio_nuestro": 0.545, "cuota_nuestro": 1.83, "deriva_pts": 0.5, "deporte": true, "en_rango_combo": true, "tx": "0x70664442d93c92f1324d9e", "resuelta": true, "senal_acerto": true, "anulada": false, "pnl_papel_nuestro": 4.174, "pnl_papel_trader": 4.259, "ejecutada": false, "escaladas": 1, "precio_nuestro_max": 0.545, "ts_ultimo_fill": 1789430440}
{"dia": "2026-09-16", "ts": 1789516913, "ts_fill": 1789516906, "retraso_s": 7, "trader": "wr0ngw4yb3tt0r", "wallet": "0x224a89dbe0db0d6124b335edabd15b3f877da3d5", "titulo": "Athletics vs. Tampa Bay Rays", "slug": "mlb-oak-tb-2026-09-15", "event_slug": "mlb-oak-tb-2026-09-15", "condition_id": "0xd83ec7cb1e859a81e68bf8b348c08071342136a2f0ea718471d1b986646955c2", "token": "38285622098431356085336030732334068043847475987322686552975197469898386854951", "outcome": "Athletics", "precio_trader": 0.36, "cuota_trader": 2.78, "usd_trader": 329.94, "size_trader": 920.0, "precio_nuestro": 0.365, "cuota_nuestro": 2.74, "deriva_pts": 0.5, "deporte": true, "en_rango_combo": false, "tx": "0xffef03ccb6d91392ca03ab", "resuelta": true, "senal_acerto": false, "anulada": false, "pnl_papel_nuestro": -5.0, "pnl_papel_trader": -5.0, "ejecutada": false, "escaladas": 1, "precio_nuestro_max": 0.365, "ts_ultimo_fill": 1789519923}
{"dia": "2026-09-16", "ts": 1789516914, "ts_fill": 1789516873, "retraso_s": 41, "trader": "wr0ngw4yb3tt0r", "wallet": "0x224a89dbe0db0d6124b335edabd15b3f877da3d5", "titulo": "Boston Red Sox vs. Texas Rangers: O/U 7.5", "slug": "mlb-bos-tex-2026-09-15-total-7pt5", "event_slug": "mlb-bos-tex-2026-09-15", "condition_id": "0x2377f02821703de2501845b8ab8a697f312eb710a0873fc7797a641a05f03664", "token": "47387139638753550169354420204311827426257610843461447410289733675405440517620", "outcome": "Over", "precio_trader": 0.5, "cuota_trader": 2.0, "usd_trader": 9781.0, "size_trader": 19562.0, "precio_nuestro": 0.495, "cuota_nuestro": 2.02, "deriva_pts": -0.5, "deporte": true, "en_rango_combo": true, "tx": "0x63eaf290d523a1cf73230c", "resuelta": true, "senal_acerto": false, "anulada": false, "pnl_papel_nuestro": -5.0, "pnl_papel_trader": -5.0, "ejecutada": false, "escaladas": 0, "precio_nuestro_max": 0.495, "ts_ultimo_fill": 1789516873}
{"dia": "2026-09-16", "ts": 1789516914, "ts_fill": 1789516845, "retraso_s": 69, "trader": "wr0ngw4yb3tt0r", "wallet": "0x224a89dbe0db0d6124b335edabd15b3f877da3d5", "titulo": "Detroit Tigers vs. Toronto Blue Jays", "slug": "mlb-det-tor-2026-09-15", "event_slug": "mlb-det-tor-2026-09-15", "condition_id": "0x6a453e49c6b8c31a63577ed281cabb63a03aed950ce4b8bdf5fea63ea780a7fb", "token": "23711555269256616088708721825628865270883705784691951675539133720708323000572", "outcome": "Toronto Blue Jays", "precio_trader": 0.53, "cuota_trader": 1.89, "usd_trader": 5203.31, "size_trader": 10468.2836, "precio_nuestro": 0.535, "cuota_nuestro": 1.87, "deriva_pts": 0.5, "deporte": true, "en_rango_combo": true, "tx": "0x19e670f92d6121219f78e7", "resuelta": true, "senal_acerto": false, "anulada": false, "pnl_papel_nuestro": -5.0, "pnl_papel_trader": -5.0, "ejecutada": false, "escaladas": 2, "precio_nuestro_max": 0.535, "ts_ultimo_fill": 1789518543}
{"dia": "2026-09-16", "ts": 1789516914, "ts_fill": 1789516821, "retraso_s": 93, "trader": "wr0ngw4yb3tt0r", "wallet": "0x224a89dbe0db0d6124b335edabd15b3f877da3d5", "titulo": "Atlanta Braves vs. Chicago Cubs: O/U 7.5", "slug": "mlb-atl-chc-2026-09-15-total-7pt5", "event_slug": "mlb-atl-chc-2026-09-15", "condition_id": "0x7ae51e18a9f14e4344fa2475f22d61fd2fe770e7cd0db32568e340961e39a764", "token": "33722032115692714491966895658936522258400123590066601362313367639951302624374", "outcome": "Over", "precio_trader": 0.48, "cuota_trader": 2.08, "usd_trader": 1716.74, "size_trader": 3577.0615, "precio_nuestro": 0.465, "cuota_nuestro": 2.15, "deriva_pts": -1.5, "deporte": true, "en_rango_combo": true, "tx": "0xbe4d4ab3f66766fafa8d6e", "resuelta": true, "senal_acerto": true, "anulada": false, "pnl_papel_nuestro": 5.753, "pnl_papel_trader": 5.417, "ejecutada": false, "escaladas": 1, "precio_nuestro_max": 0.465, "ts_ultimo_fill": 1789521972}
{"dia": "2026-09-16", "ts": 1789516914, "ts_fill": 1789516821, "retraso_s": 93, "trader": "wr0ngw4yb3tt0r", "wallet": "0x224a89dbe0db0d6124b335edabd15b3f877da3d5", "titulo": "Spread: Chicago Cubs (-1.5)", "slug": "mlb-atl-chc-2026-09-15-spread-home-1pt5", "event_slug": "mlb-atl-chc-2026-09-15", "condition_id": "0xef5ce62d62261b0bd5cf380e71d3e6a151993e40487ccf0e52fec99fb96d1ba0", "token": "906218455560768613256288428780100856641642907017241045896847395902152921000", "outcome": "Chicago Cubs", "precio_trader": 0.38, "cuota_trader": 2.63, "usd_trader": 750.0, "size_trader": 1973.68, "precio_nuestro": 0.36, "cuota_nuestro": 2.78, "deriva_pts": -2.0, "deporte": true, "en_rango_combo": false, "tx": "0x302ef9d61a46c0cd2a4554", "resuelta": true, "senal_acerto": false, "anulada": false, "pnl_papel_nuestro": -5.0, "pnl_papel_trader": -5.0, "ejecutada": false, "escaladas": 0, "precio_nuestro_max": 0.36, "ts_ultimo_fill": 1789516821}
{"dia": "2026-09-16", "ts": 1789585053, "ts_fill": 1789585002, "retraso_s": 51, "trader": "0x2c335066", "wallet": "0x2c335066fe58fe9237c3d3dc7b275c2a034a0563", "titulo": "Will AC Milan win on 2026-09-16?", "slug": "uel-mil1-ben-2026-09-16-mil1", "event_slug": "uel-mil1-ben-2026-09-16", "condition_id": "0x58625c0213561a33235ec0eeb716a8b7b82c9fa906f58b2d3a3d0de532083921", "token": "298530079537036833747924873078404694548784543480094076970206359865868881202", "outcome": "No", "precio_trader": 0.55, "cuota_trader": 1.82, "usd_trader": 585101.08, "size_trader": 1052384.9959, "precio_nuestro": 0.555, "cuota_nuestro": 1.8, "deriva_pts": 0.5, "deporte": false, "en_rango_combo": true, "tx": "0xaaee920e854e71c7db2e0b", "resuelta": true, "senal_acerto": true, "anulada": false, "pnl_papel_nuestro": 4.009, "pnl_papel_trader": 4.091, "ejecutada": false, "escaladas": 17, "precio_nuestro_max": 0.555, "ts_ultimo_fill": 1789585131}
{"dia": "2026-09-16", "ts": 1789585234, "ts_fill": 1789585201, "retraso_s": 33, "trader": "0x2c335066", "wallet": "0x2c335066fe58fe9237c3d3dc7b275c2a034a0563", "titulo": "Will AC Milan win on 2026-09-16?", "slug": "uel-mil1-ben-2026-09-16-mil1", "event_slug": "uel-mil1-ben-2026-09-16", "condition_id": "0x58625c0213561a33235ec0eeb716a8b7b82c9fa906f58b2d3a3d0de532083921", "token": "53421257387054705058463765622659365826759327662741000285967746639200588802546", "outcome": "Yes", "precio_trader": 0.450000002, "cuota_trader": 2.22, "usd_trader": 89909.67, "size_trader": 199333.0273, "precio_nuestro": 0.445, "cuota_nuestro": 2.25, "deriva_pts": -0.5, "deporte": false, "en_rango_combo": true, "tx": "0x07088ba274b567f36d7d9a", "resuelta": true, "senal_acerto": false, "anulada": false, "pnl_papel_nuestro": -5.0, "pnl_papel_trader": -5.0, "ejecutada": false, "escaladas": 68, "precio_nuestro_max": 0.455, "ts_ultimo_fill": 1789588980}
{"dia": "2026-09-16", "ts": 1789585595, "ts_fill": 1789585576, "retraso_s": 19, "trader": "0x2c335066", "wallet": "0x2c335066fe58fe9237c3d3dc7b275c2a034a0563", "titulo": "Will Aston Villa FC win on 2026-09-16?", "slug": "efl-cov-ast-2026-09-16-ast", "event_slug": "", "condition_id": "0xd110d12b9269400fd830a7b26b48633f728faa72e706164b04d0ade64860004f", "token": "59406053569152750107964611711498312454133655766417866212267897656095762665949", "outcome": "No", "precio_trader": 0.54, "cuota_trader": 1.85, "usd_trader": 55.24, "size_trader": 100.0, "precio_nuestro": 0.545, "cuota_nuestro": 1.83, "deriva_pts": 0.5, "deporte": false, "en_rango_combo": true, "tx": "0xa7529060abb8e6201f38df", "resuelta": true, "senal_acerto": false, "anulada": false, "pnl_papel_nuestro": -5.0, "pnl_papel_trader": -5.0, "ejecutada": false, "escaladas": 0, "precio_nuestro_max": 0.545, "ts_ultimo_fill": 1789585576}
{"dia": "2026-09-16", "ts": 1789585957, "ts_fill": 1789585923, "retraso_s": 34, "trader": "0x2c335066", "wallet": "0x2c335066fe58fe9237c3d3dc7b275c2a034a0563", "titulo": "Everton FC vs. Wolverhampton Wanderers FC: O/U 0.5", "slug": "efl-eve-wol-2026-09-09-total-0pt5", "event_slug": "efl-eve-wol-2026-09-09-more-markets", "condition_id": "0xe962afe1d143b2addd45ca648b582a7f291c8416f007116191edc88f85ae1ad5", "token": "99240138373915838098704494063104473652171243058772750789308523471666540469705", "outcome": "Under", "precio_trader": 0.1, "cuota_trader": 10.0, "usd_trader": 216.64, "size_trader": 647.03, "precio_nuestro": 0.065, "cuota_nuestro": 15.38, "deriva_pts": -3.5, "deporte": false, "en_rango_combo": false, "tx": "0x0d915691ebdda09ca3cd60", "resuelta": true, "senal_acerto": false, "anulada": false, "pnl_papel_nuestro": -5.0, "pnl_papel_trader": -5.0, "ejecutada": false, "escaladas": 2, "precio_nuestro_max": 0.505, "ts_ultimo_fill": 1789589988}
{"dia": "2026-09-16", "ts": 1789585957, "ts_fill": 1789585837, "retraso_s": 120, "trader": "0x2c335066", "wallet": "0x2c335066fe58fe9237c3d3dc7b275c2a034a0563", "titulo": "Chicago White Sox vs. Cleveland Guardians", "slug": "mlb-cws-cle-2026-09-16", "event_slug": "mlb-cws-cle-2026-09-16", "condition_id": "0xc7cfe6321679b46112548f5490c7da11f1422fd42d4c0d9bb0d316b43d13255d", "token": "78002249989811126272931542662981928983626563929397085892119414181848266584050", "outcome": "Chicago White Sox", "precio_trader": 0.06, "cuota_trader": 16.67, "usd_trader": 276.83, "size_trader": 4406.72, "precio_nuestro": 0.105, "cuota_nuestro": 9.52, "deriva_pts": 4.5, "deporte": true, "en_rango_combo": false, "tx": "0x9edcd4b33c5e2697a986ec", "resuelta": true, "senal_acerto": false, "anulada": false, "pnl_papel_nuestro": -5.0, "pnl_papel_trader": -5.0, "ejecutada": false, "escaladas": 0, "precio_nuestro_max": 0.105, "ts_ultimo_fill": 1789585837}
{"dia": "2026-09-16", "ts": 1789586138, "ts_fill": 1789586062, "retraso_s": 76, "trader": "0x2c335066", "wallet": "0x2c335066fe58fe9237c3d3dc7b275c2a034a0563", "titulo": "Valencia: Guiomar Maristany vs Marina Bassols Ribera", "slug": "wta-marista-ribera-2026-09-16", "event_slug": "wta-marista-ribera-2026-09-16", "condition_id": "0xa528a2fc4c27b1ac7a7c591ff8482bc9382e9f3de3daa830118f60edbd79b805", "token": "59816793912092544502121625995616479442759286770974385143375834159090795151491", "outcome": "Guiomar Maristany", "precio_trader": 0.57, "cuota_trader": 1.75, "usd_trader": 9727.02, "size_trader": 16705.67, "precio_nuestro": 0.575, "cuota_nuestro": 1.74, "deriva_pts": 0.5, "deporte": true, "en_rango_combo": true, "tx": "0x58d7fad1d798169fde9cf2", "resuelta": true, "senal_acerto": true, "anulada": false, "pnl_papel_nuestro": 3.696, "pnl_papel_trader": 3.772, "ejecutada": false, "escaladas": 2, "precio_nuestro_max": 0.595, "ts_ultimo_fill": 1789592245}
{"dia": "2026-09-16", "ts": 1789586500, "ts_fill": 1789586433, "retraso_s": 67, "trader": "0x2c335066", "wallet": "0x2c335066fe58fe9237c3d3dc7b275c2a034a0563", "titulo": "Will Sport Lisboa e Benfica win on 2026-09-16?", "slug": "uel-mil1-ben-2026-09-16-ben", "event_slug": "uel-mil1-ben-2026-09-16", "condition_id": "0xc4a15847c83f063188842f545e5841992008029354de71cc508e99d60b4d5214", "token": "34501505804920456021303784281924287473570951645105234124675604649740680529857", "outcome": "No", "precio_trader": 0.5, "cuota_trader": 2.0, "usd_trader": 14936.2, "size_trader": 29970.43, "precio_nuestro": 0.515, "cuota_nuestro": 1.94, "deriva_pts": 1.5, "deporte": false, "en_rango_combo": true, "tx": "0x485d923c35f9bc06e48bfb", "resuelta": true, "senal_acerto": false, "anulada": false, "pnl_papel_nuestro": -5.0, "pnl_papel_trader": -5.0, "ejecutada": false, "escaladas": 26, "precio_nuestro_max": 0.515, "ts_ultimo_fill": 1789589719}
{"dia": "2026-09-17", "ts": 1789603311, "ts_fill": 1789603270, "retraso_s": 41, "trader": "pleaseplease123", "wallet": "0x5e9458202b5817a72cf81105ec8a30e6f3705ba1", "titulo": "Boston Red Sox vs. Texas Rangers", "slug": "mlb-bos-tex-2026-09-16", "event_slug": "mlb-bos-tex-2026-09-16", "condition_id": "0x06146cca6d8e1906e6fa1e80c1cab9cf4c5582b2c63f23b5786ea25f854fe267", "token": "100795944537855259912881494059281265566321679007218643507725443138365535276583", "outcome": "Boston Red Sox", "precio_trader": 0.5, "cuota_trader": 2.0, "usd_trader": 558.74, "size_trader": 1117.48, "precio_nuestro": 0.505, "cuota_nuestro": 1.98, "deriva_pts": 0.5, "deporte": true, "en_rango_combo": true, "tx": "0x9d797c202d97565ba2b81a", "resuelta": true, "senal_acerto": false, "anulada": false, "pnl_papel_nuestro": -5.0, "pnl_papel_trader": -5.0, "ejecutada": false, "escaladas": 29, "precio_nuestro_max": 0.505, "ts_ultimo_fill": 1789603315}
{"dia": "2026-09-17", "ts": 1789605118, "ts_fill": 1789605081, "retraso_s": 37, "trader": "0x2c335066", "wallet": "0x2c335066fe58fe9237c3d3dc7b275c2a034a0563", "titulo": "Will Botafogo FR win on 2026-09-16?", "slug": "bra-bot-gre-2026-09-16-bot", "event_slug": "bra-bot-gre-2026-09-16", "condition_id": "0xb041b7f265adc3e10f600b820e2ca06319dc32ce0e3ede58419ac79e4fcb830a", "token": "26107763676872338385038864730508032874942341040037864728681620413173183985090", "outcome": "No", "precio_trader": 0.01, "cuota_trader": 100.0, "usd_trader": 412.53, "size_trader": 30431.88, "precio_nuestro": 0.0005, "cuota_nuestro": 2000.0, "deriva_pts": -0.95, "deporte": false, "en_rango_combo": false, "tx": "0xa4b3a373f955a880473e31", "resuelta": true, "senal_acerto": false, "anulada": false, "pnl_papel_nuestro": -5.0, "pnl_papel_trader": -5.0, "ejecutada": false, "escaladas": 1, "precio_nuestro_max": 0.0005, "ts_ultimo_fill": 1789605069}
{"dia": "2026-09-17", "ts": 1789605299, "ts_fill": 1789605180, "retraso_s": 119, "trader": "0x2c335066", "wallet": "0x2c335066fe58fe9237c3d3dc7b275c2a034a0563", "titulo": "Miami Marlins vs. Arizona Diamondbacks: O/U 8.5", "slug": "mlb-mia-ari-2026-09-16-total-8pt5", "event_slug": "mlb-mia-ari-2026-09-16", "condition_id": "0x6cc02f0ee90b15d7c5f1bb0c23e04376c04cb680d9edea8e65004132bffb107f", "token": "106489683200304007266016532888905986939205339625883047052776134930000374638693", "outcome": "Under", "precio_trader": 0.450000002, "cuota_trader": 2.22, "usd_trader": 3838.04, "size_trader": 8528.9618, "precio_nuestro": 0.455, "cuota_nuestro": 2.2, "deriva_pts": 0.5, "deporte": true, "en_rango_combo": true, "tx": "0x1a1bb308dbee09fb9b8b3c", "resuelta": true, "senal_acerto": true, "anulada": false, "pnl_papel_nuestro": 5.989, "pnl_papel_trader": 6.111, "ejecutada": false, "escaladas": 7, "precio_nuestro_max": 0.455, "ts_ultimo_fill": 1789609074}
{"dia": "2026-09-17", "ts": 1789605480, "ts_fill": 1789605315, "retraso_s": 165, "trader": "0x2c335066", "wallet": "0x2c335066fe58fe9237c3d3dc7b275c2a034a0563", "titulo": "Guadalajara Open Akron: Kayla Day vs Liudmila Samsonova", "slug": "wta-day-samsono-2026-09-16", "event_slug": "wta-day-samsono-2026-09-16", "condition_id": "0xf9fea08c225c7747cb7e0d0373be607068f132b70f383a1132346cdb701e5599", "token": "31212093239080284354667535531211883331875514671376027001828513321099894953551", "outcome": "Liudmila Samsonova", "precio_trader": 0.7, "cuota_trader": 1.43, "usd_trader": 12600.34, "size_trader": 20007.0, "precio_nuestro": 0.705, "cuota_nuestro": 1.42, "deriva_pts": 0.5, "deporte": true, "en_rango_combo": true, "tx": "0x106c3c5470bf797a2ae212", "resuelta": true, "senal_acerto": true, "anulada": false, "pnl_papel_nuestro": 2.092, "pnl_papel_trader": 2.143, "ejecutada": false, "escaladas": 4, "precio_nuestro_max": 0.74, "ts_ultimo_fill": 1789615170}
{"dia": "2026-09-17", "ts": 1789605661, "ts_fill": 1789605604, "retraso_s": 57, "trader": "0x2c335066", "wallet": "0x2c335066fe58fe9237c3d3dc7b275c2a034a0563", "titulo": "Milwaukee Brewers vs. Pittsburgh Pirates", "slug": "mlb-mil-pit-2026-09-16", "event_slug": "mlb-mil-pit-2026-09-16", "condition_id": "0x6fe65ea3a60632c75216bd3739a73cb5e8725fef9847e5a1e2f5302584a7fe7a", "token": "105300052199304330470494389737555822778569625865666219678387585539250428521533", "outcome": "Milwaukee Brewers", "precio_trader": 0.46, "cuota_trader": 2.17, "usd_trader": 1095.92, "size_trader": 2319.8, "precio_nuestro": 0.475, "cuota_nuestro": 2.11, "deriva_pts": 1.5, "deporte": true, "en_rango_combo": true, "tx": "0x42542a465d7ed9a95492de", "resuelta": true, "senal_acerto": true, "anulada": false, "pnl_papel_nuestro": 5.526, "pnl_papel_trader": 5.87, "ejecutada": false, "escaladas": 0, "precio_nuestro_max": 0.475, "ts_ultimo_fill": 1789605604}
{"dia": "2026-09-17", "ts": 1789607831, "ts_fill": 1789607707, "retraso_s": 124, "trader": "0x2c335066", "wallet": "0x2c335066fe58fe9237c3d3dc7b275c2a034a0563", "titulo": "Los Angeles Dodgers vs. Cincinnati Reds", "slug": "mlb-lad-cin-2026-09-16", "event_slug": "mlb-lad-cin-2026-09-16", "condition_id": "0xc4e9b031555847e8b4edc34b81f2d3b736ee55cfe1a83ec0f3ee216e543b50e0", "token": "112009231490615397098663856058237426166279402347017830575544166381741579440277", "outcome": "Cincinnati Reds", "precio_trader": 0.93, "cuota_trader": 1.08, "usd_trader": 6618.84, "size_trader": 7096.1543, "precio_nuestro": 0.955, "cuota_nuestro": 1.05, "deriva_pts": 2.5, "deporte": true, "en_rango_combo": false, "tx": "0xafd6e34b3419277fba3377", "resuelta": true, "senal_acerto": true, "anulada": false, "pnl_papel_nuestro": 0.236, "pnl_papel_trader": 0.376, "ejecutada": false, "escaladas": 3, "precio_nuestro_max": 0.955, "ts_ultimo_fill": 1789609225}
{"dia": "2026-09-17", "ts": 1789610363, "ts_fill": 1789610337, "retraso_s": 26, "trader": "0x2c335066", "wallet": "0x2c335066fe58fe9237c3d3dc7b275c2a034a0563", "titulo": "Boston Red Sox vs. Texas Rangers", "slug": "mlb-bos-tex-2026-09-16", "event_slug": "mlb-bos-tex-2026-09-16", "condition_id": "0x06146cca6d8e1906e6fa1e80c1cab9cf4c5582b2c63f23b5786ea25f854fe267", "token": "55711793758052403420956004649373902426188738788745049962392194806189760192643", "outcome": "Texas Rangers", "precio_trader": 0.46, "cuota_trader": 2.17, "usd_trader": 14.65, "size_trader": 31.0, "precio_nuestro": 0.475, "cuota_nuestro": 2.11, "deriva_pts": 1.5, "deporte": true, "en_rango_combo": true, "tx": "0xb435175bea3a15d9a6fafe", "resuelta": true, "senal_acerto": true, "anulada": false, "pnl_papel_nuestro": 5.526, "pnl_papel_trader": 5.87, "ejecutada": false, "escaladas": 0, "precio_nuestro_max": 0.475, "ts_ultimo_fill": 1789610337}
{"dia": "2026-09-17", "ts": 1789610363, "ts_fill": 1789610262, "retraso_s": 101, "trader": "0x2c335066", "wallet": "0x2c335066fe58fe9237c3d3dc7b275c2a034a0563", "titulo": "Boston Red Sox vs. Texas Rangers", "slug": "mlb-bos-tex-2026-09-16", "event_slug": "mlb-bos-tex-2026-09-16", "condition_id": "0x06146cca6d8e1906e6fa1e80c1cab9cf4c5582b2c63f23b5786ea25f854fe267", "token": "100795944537855259912881494059281265566321679007218643507725443138365535276583", "outcome": "Boston Red Sox", "precio_trader": 0.53, "cuota_trader": 1.89, "usd_trader": 4770.23, "size_trader": 17488.63, "precio_nuestro": 0.525, "cuota_nuestro": 1.9, "deriva_pts": -0.5, "deporte": true, "en_rango_combo": true, "tx": "0x3deec11776eda5e54ef929", "resuelta": true, "senal_acerto": false, "anulada": false, "pnl_papel_nuestro": -5.0, "pnl_papel_trader": -5.0, "ejecutada": false, "escaladas": 2, "precio_nuestro_max": 0.525, "ts_ultimo_fill": 1789612210}
{"dia": "2026-09-17", "ts": 1789610906, "ts_fill": 1789610856, "retraso_s": 50, "trader": "0x2c335066", "wallet": "0x2c335066fe58fe9237c3d3dc7b275c2a034a0563", "titulo": "Seattle Mariners vs. Los Angeles Angels", "slug": "mlb-sea-laa-2026-09-16", "event_slug": "mlb-sea-laa-2026-09-16", "condition_id": "0xa8f38b6ebc86de4ac8b140d21080a66c001cca82b3858369060eb525c3287725", "token": "10845237080526746146982386329842560082696884302753762937272746355433439507786", "outcome": "Los Angeles Angels", "precio_trader": 0.45, "cuota_trader": 2.22, "usd_trader": 2274.28, "size_trader": 5046.7382, "precio_nuestro": 0.445, "cuota_nuestro": 2.25, "deriva_pts": -0.5, "deporte": true, "en_rango_combo": true, "tx": "0x1e4ffd3052dce4a29a6758", "resuelta": true, "senal_acerto": false, "anulada": false, "pnl_papel_nuestro": -5.0, "pnl_papel_trader": -5.0, "ejecutada": false, "escaladas": 4, "precio_nuestro_max": 0.515, "ts_ultimo_fill": 1789612662}
{"dia": "2026-09-17", "ts": 1789611449, "ts_fill": 1789611403, "retraso_s": 46, "trader": "0x2c335066", "wallet": "0x2c335066fe58fe9237c3d3dc7b275c2a034a0563", "titulo": "Miami Marlins vs. Arizona Diamondbacks", "slug": "mlb-mia-ari-2026-09-16", "event_slug": "mlb-mia-ari-2026-09-16", "condition_id": "0xace5ee55980de436ee110bcd2217cc3b63cb2e1edc4ada4ea27675eb47675cce", "token": "73858345085159527640902449927191322280414840071646157014819122534097842399467", "outcome": "Miami Marlins", "precio_trader": 0.62, "cuota_trader": 1.61, "usd_trader": 9247.67, "size_trader": 11562.23, "precio_nuestro": 0.645, "cuota_nuestro": 1.55, "deriva_pts": 2.5, "deporte": true, "en_rango_combo": true, "tx": "0x910c89a02a9f23b67cfbaf", "resuelta": true, "senal_acerto": true, "anulada": false, "pnl_papel_nuestro": 2.752, "pnl_papel_trader": 3.065, "ejecutada": false, "escaladas": 2, "precio_nuestro_max": 0.805, "ts_ultimo_fill": 1789614304}
{"dia": "2026-09-17", "ts": 1789630799, "ts_fill": 1789630767, "retraso_s": 32, "trader": "0x2c335066", "wallet": "0x2c335066fe58fe9237c3d3dc7b275c2a034a0563", "titulo": "Rennes: Adrian Mannarino vs Matisse Bobichon", "slug": "atp-mannari-bobicho-2026-09-17", "event_slug": "atp-mannari-bobicho-2026-09-17", "condition_id": "0xdf011a255635e3cb1fa453255eed2a17de90ce426754f067425da0df9b576a97", "token": "99071092706299344000221382698929993173820113558455938997315710461468758846691", "outcome": "Matisse Bobichon", "precio_trader": 0.18, "cuota_trader": 5.56, "usd_trader": 1693.36, "size_trader": 8993.0, "precio_nuestro": 0.185, "cuota_nuestro": 5.41, "deriva_pts": 0.5, "deporte": true, "en_rango_combo": false, "tx": "0x632e8c6f1c56025b13fe47", "resuelta": true, "senal_acerto": true, "anulada": false, "pnl_papel_nuestro": 22.027, "pnl_papel_trader": 22.778, "ejecutada": false, "escaladas": 1, "precio_nuestro_max": 0.425, "ts_ultimo_fill": 1789666246}
{"dia": "2026-09-17", "ts": 1789639112, "ts_fill": 1789639065, "retraso_s": 47, "trader": "0x2c335066", "wallet": "0x2c335066fe58fe9237c3d3dc7b275c2a034a0563", "titulo": "Counter-Strike: MOUZ vs NRG (BO3) - StarLadder StarSeries Playoffs", "slug": "cs2-mouz-nrg-2026-09-17", "event_slug": "cs2-mouz-nrg-2026-09-17", "condition_id": "0x081090bf60a3b3890b90d6dd8c1bf493d981a70b0196f8ead747866a0f13f349", "token": "109820669230010797837419562237740829581854983235897889746149285571461372885028", "outcome": "MOUZ", "precio_trader": 0.8700000002, "cuota_trader": 1.15, "usd_trader": 65769.22, "size_trader": 81918.5285, "precio_nuestro": 0.875, "cuota_nuestro": 1.14, "deriva_pts": 0.5, "deporte": false, "en_rango_combo": false, "tx": "0x2443aafc8c6958c52bfcdb", "resuelta": true, "senal_acerto": false, "anulada": false, "pnl_papel_nuestro": -5.0, "pnl_papel_trader": -5.0, "ejecutada": false, "escaladas": 4, "precio_nuestro_max": 0.875, "ts_ultimo_fill": 1789640272}
{"dia": "2026-09-18", "ts": 1789689678, "ts_fill": 1789689654, "retraso_s": 24, "trader": "0x2c335066", "wallet": "0x2c335066fe58fe9237c3d3dc7b275c2a034a0563", "titulo": "Lions vs. Bills", "slug": "nfl-det-buf-2026-09-18", "event_slug": "", "condition_id": "0x50a35dd8f8d1dc251a6f3df70794eab797202747494119ac04f8f377d4e77670", "token": "68292865232440391438170820255426555083906992551631182646472978758644386719", "outcome": "Bills", "precio_trader": 0.6900000038, "cuota_trader": 1.45, "usd_trader": 357789.45, "size_trader": 432524.2135, "precio_nuestro": 0.695, "cuota_nuestro": 1.44, "deriva_pts": 0.5, "deporte": false, "en_rango_combo": true, "tx": "0x08ce3503e927daa1137fab", "resuelta": true, "senal_acerto": true, "anulada": false, "pnl_papel_nuestro": 2.194, "pnl_papel_trader": 2.246, "ejecutada": false, "escaladas": 85, "precio_nuestro_max": 0.9665, "ts_ultimo_fill": 1789699893}
{"dia": "2026-09-18", "ts": 1789689858, "ts_fill": 1789689796, "retraso_s": 62, "trader": "0x2c335066", "wallet": "0x2c335066fe58fe9237c3d3dc7b275c2a034a0563", "titulo": "Spread: Bills (-3.5)", "slug": "nfl-det-buf-2026-09-18-spread-home-3pt5", "event_slug": "nfl-det-buf-2026-09-18", "condition_id": "0x553d342c2e6e3ce19b764812a9a5c97fe24a963fad2e4b8d03bbc4f88726a2a6", "token": "23010415766228788436016861699416051529364184293477700460942900159052135308466", "outcome": "Bills", "precio_trader": 0.56, "cuota_trader": 1.79, "usd_trader": 779.36, "size_trader": 1391.74, "precio_nuestro": 0.565, "cuota_nuestro": 1.77, "deriva_pts": 0.5, "deporte": true, "en_rango_combo": true, "tx": "0x174f227a9c4cb0fe1c39bf", "resuelta": true, "senal_acerto": true, "anulada": false, "pnl_papel_nuestro": 3.85, "pnl_papel_trader": 3.929, "ejecutada": false, "escaladas": 7, "precio_nuestro_max": 0.565, "ts_ultimo_fill": 1789690428}
{"dia": "2026-09-18", "ts": 1789690219, "ts_fill": 1789690197, "retraso_s": 22, "trader": "0x2c335066", "wallet": "0x2c335066fe58fe9237c3d3dc7b275c2a034a0563", "titulo": "Lions vs. Bills", "slug": "nfl-det-buf-2026-09-18", "event_slug": "nfl-det-buf-2026-09-18", "condition_id": "0x50a35dd8f8d1dc251a6f3df70794eab797202747494119ac04f8f377d4e77670", "token": "35946349809644018221594766900800697897892667107929166603091569173318790894279", "outcome": "Lions", "precio_trader": 0.3000000001, "cuota_trader": 3.33, "usd_trader": 12779.45, "size_trader": 49811.7839, "precio_nuestro": 0.305, "cuota_nuestro": 3.28, "deriva_pts": 0.5, "deporte": true, "en_rango_combo": false, "tx": "0xd83497724219ffc2310330", "resuelta": true, "senal_acerto": false, "anulada": false, "pnl_papel_nuestro": -5.0, "pnl_papel_trader": -5.0, "ejecutada": false, "escaladas": 10, "precio_nuestro_max": 0.305, "ts_ultimo_fill": 1789693309}
{"dia": "2026-09-18", "ts": 1789690941, "ts_fill": 1789690783, "retraso_s": 158, "trader": "0x2c335066", "wallet": "0x2c335066fe58fe9237c3d3dc7b275c2a034a0563", "titulo": "Spread: Bills (-1.5)", "slug": "nfl-det-buf-2026-09-18-spread-home-1pt5", "event_slug": "nfl-det-buf-2026-09-18", "condition_id": "0xac477d9f5dea9c557b36373423a2d5582e6bfa8a6ccd96c89301c6a7e9d01d02", "token": "44945461734223619181136172087106505403693700124150491659961812272603830320719", "outcome": "Bills", "precio_trader": 0.66, "cuota_trader": 1.52, "usd_trader": 10403.91, "size_trader": 15500.0, "precio_nuestro": 0.685, "cuota_nuestro": 1.46, "deriva_pts": 2.5, "deporte": true, "en_rango_combo": true, "tx": "0x963b05340a4001005d9476", "resuelta": true, "senal_acerto": true, "anulada": false, "pnl_papel_nuestro": 2.299, "pnl_papel_trader": 2.576, "ejecutada": false, "escaladas": 0, "precio_nuestro_max": 0.685, "ts_ultimo_fill": 1789690783}
{"dia": "2026-09-18", "ts": 1789690972, "ts_fill": 1789690779, "retraso_s": 193, "trader": "0x2c335066", "wallet": "0x2c335066fe58fe9237c3d3dc7b275c2a034a0563", "titulo": "Spread: Bills (-9.5)", "slug": "nfl-det-buf-2026-09-18-spread-home-9pt5", "event_slug": "nfl-det-buf-2026-09-18", "condition_id": "0xacd5b8ee816b10e2185d0abd16ed480dbe92635fe3b180b685bb9e521e6171d6", "token": "36993808825932150593748910371082114715091100966228257945100681868552467172616", "outcome": "Bills", "precio_trader": 0.36, "cuota_trader": 2.78, "usd_trader": 3.72, "size_trader": 10.0, "precio_nuestro": 0.395, "cuota_nuestro": 2.53, "deriva_pts": 3.5, "deporte": true, "en_rango_combo": false, "tx": "0x521987f987812694587361", "resuelta": true, "senal_acerto": true, "anulada": false, "pnl_papel_nuestro": 7.658, "pnl_papel_trader": 8.889, "ejecutada": false, "escaladas": 0, "precio_nuestro_max": 0.395, "ts_ultimo_fill": 1789690779}
{"dia": "2026-09-18", "ts": 1789693107, "ts_fill": 1789693021, "retraso_s": 86, "trader": "0x2c335066", "wallet": "0x2c335066fe58fe9237c3d3dc7b275c2a034a0563", "titulo": "Philadelphia Phillies vs. New York Mets", "slug": "mlb-phi-nym-2026-09-17", "event_slug": "mlb-phi-nym-2026-09-17", "condition_id": "0x9278efc8d5ff06b4c45f205bfd5a9aacbbede6aaa734d63fcecdace137913b52", "token": "78774378798971142503334863466079222706876888379657888951132547706537528622132", "outcome": "Philadelphia Phillies", "precio_trader": 0.6730769231, "cuota_trader": 1.49, "usd_trader": 88.93, "size_trader": 130.0, "precio_nuestro": 0.715, "cuota_nuestro": 1.4, "deriva_pts": 4.19, "deporte": true, "en_rango_combo": true, "tx": "0x2591d3627172fe059b2c02", "resuelta": true, "senal_acerto": true, "anulada": false, "pnl_papel_nuestro": 1.993, "pnl_papel_trader": 2.429, "ejecutada": false, "escaladas": 0, "precio_nuestro_max": 0.715, "ts_ultimo_fill": 1789693021}
{"dia": "2026-09-18", "ts": 1789695816, "ts_fill": 1789695687, "retraso_s": 129, "trader": "0x2c335066", "wallet": "0x2c335066fe58fe9237c3d3dc7b275c2a034a0563", "titulo": "Minnesota Twins vs. Los Angeles Angels", "slug": "mlb-min-laa-2026-09-17", "event_slug": "mlb-min-laa-2026-09-17", "condition_id": "0x87dcc11f32f7395b16059fbbcbbf0aeb9e383a609e4289125e234e204d9a8bd8", "token": "40411903751912213391936156833963632583893322263650640987655726690429165086543", "outcome": "Los Angeles Angels", "precio_trader": 0.54, "cuota_trader": 1.85, "usd_trader": 3367.72, "size_trader": 5493.46, "precio_nuestro": 0.525, "cuota_nuestro": 1.9, "deriva_pts": -1.5, "deporte": true, "en_rango_combo": true, "tx": "0xc649f27a0707909efc2546", "resuelta": true, "senal_acerto": true, "anulada": false, "pnl_papel_nuestro": 4.524, "pnl_papel_trader": 4.259, "ejecutada": false, "escaladas": 2, "precio_nuestro_max": 0.915, "ts_ultimo_fill": 1789705516}
{"dia": "2026-09-18", "ts": 1789695997, "ts_fill": 1789695840, "retraso_s": 157, "trader": "0x2c335066", "wallet": "0x2c335066fe58fe9237c3d3dc7b275c2a034a0563", "titulo": "Will Montevideo City Torque vs. CS Cienciano end in a draw?", "slug": "sud-tor-cie-2026-09-17-draw", "event_slug": "sud-tor-cie-2026-09-17", "condition_id": "0xff6a209bdf8c68678c47d79d20020372ae7d71044edfd1d340046e4533f8f52c", "token": "107126425555398072021567513646546665443419077521658959399648222518058901639149", "outcome": "No", "precio_trader": 0.88, "cuota_trader": 1.14, "usd_trader": 8.06, "size_trader": 9.1, "precio_nuestro": 0.885, "cuota_nuestro": 1.13, "deriva_pts": 0.5, "deporte": false, "en_rango_combo": false, "tx": "0xc85f25f481835e92bb67af", "resuelta": true, "senal_acerto": true, "anulada": false, "pnl_papel_nuestro": 0.65, "pnl_papel_trader": 0.682, "ejecutada": false, "escaladas": 0, "precio_nuestro_max": 0.885, "ts_ultimo_fill": 1789695840}
{"dia": "2026-09-18", "ts": 1789696719, "ts_fill": 1789696653, "retraso_s": 66, "trader": "0x2c335066", "wallet": "0x2c335066fe58fe9237c3d3dc7b275c2a034a0563", "titulo": "Detroit Tigers vs. Chicago White Sox", "slug": "mlb-det-cws-2026-09-17", "event_slug": "mlb-det-cws-2026-09-17", "condition_id": "0x06375ff8ab2f9c0c2fc3436b4620c8db7bebe19d7f85ecfec5aaa03f2d689cca", "token": "14164807882210064641348101654293159152497072996863725534693805113135708006302", "outcome": "Detroit Tigers", "precio_trader": 0.08, "cuota_trader": 12.5, "usd_trader": 0.84, "size_trader": 10.0, "precio_nuestro": 0.125, "cuota_nuestro": 8.0, "deriva_pts": 4.5, "deporte": true, "en_rango_combo": false, "tx": "0x6e6776ab1bef0f3a601d3b", "resuelta": true, "senal_acerto": false, "anulada": false, "pnl_papel_nuestro": -5.0, "pnl_papel_trader": -5.0, "ejecutada": false, "escaladas": 0, "precio_nuestro_max": 0.125, "ts_ultimo_fill": 1789696653}
{"dia": "2026-09-18", "ts": 1789700691, "ts_fill": 1789700659, "retraso_s": 32, "trader": "0x2c335066", "wallet": "0x2c335066fe58fe9237c3d3dc7b275c2a034a0563", "titulo": "Spread: Bills (-6.5)", "slug": "nfl-det-buf-2026-09-18-spread-home-6pt5", "event_slug": "nfl-det-buf-2026-09-18", "condition_id": "0xc067e1192d6c9df83bf5662ca19c61966faeed19c660db5cd6159966e9f1390d", "token": "62151724203970514710171662773810868069759475328324418769076283782713438025130", "outcome": "Lions", "precio_trader": 0.2, "cuota_trader": 5.0, "usd_trader": 12647.14, "size_trader": 60803.55, "precio_nuestro": 0.23, "cuota_nuestro": 4.35, "deriva_pts": 3.0, "deporte": true, "en_rango_combo": false, "tx": "0x27e77df77ace6f2e90200d", "resuelta": true, "senal_acerto": false, "anulada": false, "pnl_papel_nuestro": -5.0, "pnl_papel_trader": -5.0, "ejecutada": false, "escaladas": 0, "precio_nuestro_max": 0.23, "ts_ultimo_fill": 1789700659}
{"dia": "2026-09-18", "ts": 1789700872, "ts_fill": 1789700812, "retraso_s": 60, "trader": "0x2c335066", "wallet": "0x2c335066fe58fe9237c3d3dc7b275c2a034a0563", "titulo": "Minnesota Twins vs. Los Angeles Angels", "slug": "mlb-min-laa-2026-09-17", "event_slug": "mlb-min-laa-2026-09-17", "condition_id": "0x87dcc11f32f7395b16059fbbcbbf0aeb9e383a609e4289125e234e204d9a8bd8", "token": "87914157936545886154168013125881932120278704704140998256869275877495269304327", "outcome": "Minnesota Twins", "precio_trader": 0.08, "cuota_trader": 12.5, "usd_trader": 290.39, "size_trader": 3018.9767, "precio_nuestro": 0.085, "cuota_nuestro": 11.76, "deriva_pts": 0.5, "deporte": true, "en_rango_combo": false, "tx": "0xc115b1c27618c4c7e60b59", "resuelta": true, "senal_acerto": false, "anulada": false, "pnl_papel_nuestro": -5.0, "pnl_papel_trader": -5.0, "ejecutada": false, "escaladas": 2, "precio_nuestro_max": 0.2325, "ts_ultimo_fill": 1789706032}
{"dia": "2026-09-18", "ts": 1789704302, "ts_fill": 1789704217, "retraso_s": 85, "trader": "0x2c335066", "wallet": "0x2c335066fe58fe9237c3d3dc7b275c2a034a0563", "titulo": "Counter-Strike: EYEBALLERS vs Liquid (BO1) - Logitech G Play Connect Group B", "slug": "cs2-eye-tl1-2026-09-18", "event_slug": "cs2-eye-tl1-2026-09-18", "condition_id": "0xe60fcc3b6114e0b8f78a773deecc8760152dd225f45578a15627873b099f7ba1", "token": "53230278040428086585469008108151414534341422833002992814162799971929825948783", "outcome": "Liquid", "precio_trader": 0.6, "cuota_trader": 1.67, "usd_trader": 17204.46, "size_trader": 28111.86, "precio_nuestro": 0.605, "cuota_nuestro": 1.65, "deriva_pts": 0.5, "deporte": false, "en_rango_combo": true, "tx": "0x2d1b49fed3bf1009c89c75", "resuelta": true, "senal_acerto": false, "anulada": false, "pnl_papel_nuestro": -5.0, "pnl_papel_trader": -5.0, "ejecutada": false, "escaladas": 0, "precio_nuestro_max": 0.605, "ts_ultimo_fill": 1789704217}
{"dia": "2026-09-18", "ts": 1789753181, "ts_fill": 1789753161, "retraso_s": 20, "trader": "0x2c335066", "wallet": "0x2c335066fe58fe9237c3d3dc7b275c2a034a0563", "titulo": "Will FC Bayern München win on 2026-09-18?", "slug": "bun-bay-uni-2026-09-18-bay", "event_slug": "bun-bay-uni-2026-09-18", "condition_id": "0x45c738d344ec615edefd4e35f8999be72f6b454c6c0b3f5102d1a13c37ce8ba6", "token": "114830274262414238497410728549286250584475951111960867542111553086753728412774", "outcome": "No", "precio_trader": 0.0600000001, "cuota_trader": 16.67, "usd_trader": 10311.05, "size_trader": 171851.0572, "precio_nuestro": 0.065, "cuota_nuestro": 15.38, "deriva_pts": 0.5, "deporte": false, "en_rango_combo": false, "tx": "0xfdc5ac44a192fe550fff1c", "resuelta": true, "senal_acerto": false, "anulada": false, "pnl_papel_nuestro": -5.0, "pnl_papel_trader": -5.0, "ejecutada": false, "escaladas": 48, "precio_nuestro_max": 0.065, "ts_ultimo_fill": 1789754281}
{"dia": "2026-09-18", "ts": 1789754444, "ts_fill": 1789754284, "retraso_s": 160, "trader": "0x2c335066", "wallet": "0x2c335066fe58fe9237c3d3dc7b275c2a034a0563", "titulo": "Will FC Bayern München vs. 1. FC Union Berlin end in a draw?", "slug": "bun-bay-uni-2026-09-18-draw", "event_slug": "bun-bay-uni-2026-09-18", "condition_id": "0x05621bb662007288be19e24942d9932e07b3ffcf410441b3530c30c006e5cf69", "token": "103684126500018580955982395342579121007749061847278415451534788210903894941573", "outcome": "No", "precio_trader": 0.95, "cuota_trader": 1.05, "usd_trader": 2352.12, "size_trader": 2475.92, "precio_nuestro": 0.955, "cuota_nuestro": 1.05, "deriva_pts": 0.5, "deporte": false, "en_rango_combo": false, "tx": "0x9e039760e03e9460ddafd0", "resuelta": true, "senal_acerto": true, "anulada": false, "pnl_papel_nuestro": 0.236, "pnl_papel_trader": 0.263, "ejecutada": false, "escaladas": 5, "precio_nuestro_max": 0.965, "ts_ultimo_fill": 1789756104}
{"dia": "2026-09-18", "ts": 1789755707, "ts_fill": 1789755621, "retraso_s": 86, "trader": "0x2c335066", "wallet": "0x2c335066fe58fe9237c3d3dc7b275c2a034a0563", "titulo": "Caldas da Rainha: Susan Bandecchi vs Lisa Pigato", "slug": "wta-bandecc-pigato-2026-09-18", "event_slug": "wta-bandecc-pigato-2026-09-18", "condition_id": "0xb99225b81d0f53e03843e1fa01d1ff6a88d52895d7d794d20adff22b27e8dcc9", "token": "71485270439462587530906723985801382042685322790259724150402287734548290273837", "outcome": "Lisa Pigato", "precio_trader": 0.73, "cuota_trader": 1.37, "usd_trader": 1598.53, "size_trader": 2160.6, "precio_nuestro": 0.745, "cuota_nuestro": 1.34, "deriva_pts": 1.5, "deporte": true, "en_rango_combo": true, "tx": "0x37983b6ae25ea1657fcf84", "resuelta": true, "senal_acerto": true, "anulada": false, "pnl_papel_nuestro": 1.711, "pnl_papel_trader": 1.849, "ejecutada": false, "escaladas": 0, "precio_nuestro_max": 0.745, "ts_ultimo_fill": 1789755621}
{"dia": "2026-09-18", "ts": 1789756249, "ts_fill": 1789756219, "retraso_s": 30, "trader": "0x2c335066", "wallet": "0x2c335066fe58fe9237c3d3dc7b275c2a034a0563", "titulo": "Will Chelsea FC win on 2026-09-18?", "slug": "epl-bre-che-2026-09-18-che", "event_slug": "epl-bre-che-2026-09-18", "condition_id": "0xbdd54adcdfc01d5e5c748aa0f65a1736c0f2b9491197f221d2f1ece291612e23", "token": "78286428694124582556689109371207595630990062941257883403830956483521756500097", "outcome": "No", "precio_trader": 0.6400000072, "cuota_trader": 1.56, "usd_trader": 1176755.01, "size_trader": 1886627.9293, "precio_nuestro": 0.645, "cuota_nuestro": 1.55, "deriva_pts": 0.5, "deporte": true, "en_rango_combo": true, "tx": "0x943692656a65b2ebe283f8", "resuelta": true, "senal_acerto": true, "anulada": false, "pnl_papel_nuestro": 2.752, "pnl_papel_trader": 2.812, "ejecutada": false, "escaladas": 91, "precio_nuestro_max": 0.655, "ts_ultimo_fill": 1789761498}
{"dia": "2026-09-18", "ts": 1789756610, "ts_fill": 1789756498, "retraso_s": 112, "trader": "0x2c335066", "wallet": "0x2c335066fe58fe9237c3d3dc7b275c2a034a0563", "titulo": "Spread: Chelsea FC (-1.5)", "slug": "epl-bre-che-2026-09-18-spread-away-1pt5", "event_slug": "epl-bre-che-2026-09-18-more-markets", "condition_id": "0x736882a716336e2f38be491f3631708709dcec33592ba2660651d9d3018b45f3", "token": "64215715442367094614464882998697241137997011229020369212884085685964857948644", "outcome": "Brentford FC", "precio_trader": 0.8300000017, "cuota_trader": 1.2, "usd_trader": 44038.35, "size_trader": 53057.6767, "precio_nuestro": 0.835, "cuota_nuestro": 1.2, "deriva_pts": 0.5, "deporte": true, "en_rango_combo": false, "tx": "0x5472938f6b1595aa82ae60", "resuelta": true, "senal_acerto": true, "anulada": false, "pnl_papel_nuestro": 0.988, "pnl_papel_trader": 1.024, "ejecutada": false, "escaladas": 29, "precio_nuestro_max": 0.835, "ts_ultimo_fill": 1789757196}
{"dia": "2026-09-18", "ts": 1789757513, "ts_fill": 1789757440, "retraso_s": 73, "trader": "0x2c335066", "wallet": "0x2c335066fe58fe9237c3d3dc7b275c2a034a0563", "titulo": "Valencia: Andrea Lazaro Garcia vs Joelle Steur", "slug": "wta-garcia-steur-2026-09-18", "event_slug": "wta-garcia-steur-2026-09-18", "condition_id": "0x9e983ef971be9003d18f53703a1ef472f370e157cb3b0e2ae6e70be9e01d854e", "token": "100168223875341174924168465364402331985245238040668242085317661496348310432778", "outcome": "Joelle Steur", "precio_trader": 0.52, "cuota_trader": 1.92, "usd_trader": 615.81, "size_trader": 1156.5, "precio_nuestro": 0.485, "cuota_nuestro": 2.06, "deriva_pts": -3.5, "deporte": true, "en_rango_combo": true, "tx": "0x3800c6d54ce16d70d6c016", "resuelta": true, "senal_acerto": true, "anulada": false, "pnl_papel_nuestro": 5.309, "pnl_papel_trader": 4.615, "ejecutada": false, "escaladas": 0, "precio_nuestro_max": 0.485, "ts_ultimo_fill": 1789757440}
{"dia": "2026-09-19", "ts": 1789776138, "ts_fill": 1789776067, "retraso_s": 71, "trader": "BreakTheBank", "wallet": "0xf0318c32136c2db7fec88b84869aee6a1106c80c", "titulo": "Bengals vs. Texans", "slug": "nfl-cin-hou-2026-09-20", "event_slug": "nfl-cin-hou-2026-09-20", "condition_id": "0xe300ef3e8db2845bf70756f9346ba69db2ecfa25919057ff5b71ff771cf0afc1", "token": "96921573503617126500615129455417023047354912755039317870396413599639243715693", "outcome": "Bengals", "precio_trader": 0.42, "cuota_trader": 2.38, "usd_trader": 340.23, "size_trader": 810.1116, "precio_nuestro": 0.425, "cuota_nuestro": 2.35, "deriva_pts": 0.5, "deporte": true, "en_rango_combo": true, "tx": "0x3b5b67269fd0585e0c68e6", "resuelta": false, "senal_acerto": null, "anulada": false, "pnl_papel_nuestro": null, "pnl_papel_trader": null, "ejecutada": false, "escaladas": 18, "precio_nuestro_max": 0.425, "ts_ultimo_fill": 1789812838}
{"dia": "2026-09-19", "ts": 1789776681, "ts_fill": 1789776633, "retraso_s": 48, "trader": "0x2c335066", "wallet": "0x2c335066fe58fe9237c3d3dc7b275c2a034a0563", "titulo": "New York Liberty vs. Minnesota Lynx", "slug": "wnba-nyl-min-2026-09-18", "event_slug": "wnba-nyl-min-2026-09-18", "condition_id": "0xf4757ed460bc42f1bad455d0c834c08a23a970da0cbbbe2397f356fc2d56d3ba", "token": "101022411424702785668670832955794810979376623165014841999347035431852725231514", "outcome": "New York Liberty", "precio_trader": 0.38, "cuota_trader": 2.63, "usd_trader": 1162.19, "size_trader": 2966.44, "precio_nuestro": 0.345, "cuota_nuestro": 2.9, "deriva_pts": -3.5, "deporte": true, "en_rango_combo": false, "tx": "0x6680c0176ce97fa3519059", "resuelta": true, "senal_acerto": true, "anulada": false, "pnl_papel_nuestro": 9.493, "pnl_papel_trader": 8.158, "ejecutada": false, "escaladas": 0, "precio_nuestro_max": 0.345, "ts_ultimo_fill": 1789776633}
{"dia": "2026-09-19", "ts": 1789776682, "ts_fill": 1789776663, "retraso_s": 19, "trader": "BrotherObama", "wallet": "0x8a8685a792c184e5c2ee8c7d4d4baba7c2c94998", "titulo": "Spread: Seattle Mariners (-1.5)", "slug": "mlb-sea-col-2026-09-18-spread-away-1pt5", "event_slug": "mlb-sea-col-2026-09-18", "condition_id": "0x44734c467f6ce3c55bff5b8328f2307f66cc250707804a19d38463b05d5bf799", "token": "63221956994653798329457677626538233702989889558794581117360333698428819664711", "outcome": "Seattle Mariners", "precio_trader": 0.5347638649, "cuota_trader": 1.87, "usd_trader": 10232.62, "size_trader": 18699.8424, "precio_nuestro": 0.525, "cuota_nuestro": 1.9, "deriva_pts": -0.98, "deporte": true, "en_rango_combo": true, "tx": "0xa8be4a0736bf51e395e5c8", "resuelta": true, "senal_acerto": false, "anulada": false, "pnl_papel_nuestro": -5.0, "pnl_papel_trader": -5.0, "ejecutada": false, "escaladas": 0, "precio_nuestro_max": 0.525, "ts_ultimo_fill": 1789776663}
{"dia": "2026-09-19", "ts": 1789776863, "ts_fill": 1789776691, "retraso_s": 172, "trader": "0x2c335066", "wallet": "0x2c335066fe58fe9237c3d3dc7b275c2a034a0563", "titulo": "Miami (FL) vs. Wake Forest: O/U 36.5", "slug": "cfb-mia-wake-2026-09-18-total-36pt5", "event_slug": "cfb-mia-wake-2026-09-18", "condition_id": "0x2b55536c32614f55f7fff018cbbd40cbb28a246f6b85e3c663de189c503becc0", "token": "27843196431253276799531418014136756485767418110198465987883170112814566879336", "outcome": "Over", "precio_trader": 0.94, "cuota_trader": 1.06, "usd_trader": 0.35, "size_trader": 0.37, "precio_nuestro": 0.955, "cuota_nuestro": 1.05, "deriva_pts": 1.5, "deporte": false, "en_rango_combo": false, "tx": "0xb6bd5bc9e515ac1f26e4a1", "resuelta": true, "senal_acerto": true, "anulada": false, "pnl_papel_nuestro": 0.236, "pnl_papel_trader": 0.319, "ejecutada": false, "escaladas": 0, "precio_nuestro_max": 0.955, "ts_ultimo_fill": 1789776691}
{"dia": "2026-09-19", "ts": 1789777226, "ts_fill": 1789777080, "retraso_s": 146, "trader": "0x2c335066", "wallet": "0x2c335066fe58fe9237c3d3dc7b275c2a034a0563", "titulo": "Chicago Cubs vs. Cincinnati Reds", "slug": "mlb-chc-cin-2026-09-18", "event_slug": "mlb-chc-cin-2026-09-18", "condition_id": "0xe09e54a08669bc9d1bdddf390da30838efa387cc4a57e2e910cd70ee6229db53", "token": "62859106517225526853139247872132961235255474297397263916398618289892390332561", "outcome": "Chicago Cubs", "precio_trader": 0.77, "cuota_trader": 1.3, "usd_trader": 11990.07, "size_trader": 15394.48, "precio_nuestro": 0.795, "cuota_nuestro": 1.26, "deriva_pts": 2.5, "deporte": true, "en_rango_combo": true, "tx": "0xcd646ebc204817d72c3fbf", "resuelta": true, "senal_acerto": false, "anulada": false, "pnl_papel_nuestro": -5.0, "pnl_papel_trader": -5.0, "ejecutada": false, "escaladas": 0, "precio_nuestro_max": 0.795, "ts_ultimo_fill": 1789777080}
{"dia": "2026-09-19", "ts": 1789777950, "ts_fill": 1789777815, "retraso_s": 135, "trader": "0x2c335066", "wallet": "0x2c335066fe58fe9237c3d3dc7b275c2a034a0563", "titulo": "Detroit Tigers vs. Chicago White Sox", "slug": "mlb-det-cws-2026-09-18", "event_slug": "mlb-det-cws-2026-09-18", "condition_id": "0x4023e40a6f48190748642ab83d85103d7c000336f8ac4c3c0cd4b3db78132d5e", "token": "114072179728722508844329249874019118569037386621168999519570958132129208870938", "outcome": "Detroit Tigers", "precio_trader": 0.13, "cuota_trader": 7.69, "usd_trader": 942.8, "size_trader": 6950.0, "precio_nuestro": 0.095, "cuota_nuestro": 10.53, "deriva_pts": -3.5, "deporte": true, "en_rango_combo": false, "tx": "0x5577dcc7e46cbfcdc2167b", "resuelta": true, "senal_acerto": true, "anulada": false, "pnl_papel_nuestro": 47.632, "pnl_papel_trader": 33.462, "ejecutada": false, "escaladas": 0, "precio_nuestro_max": 0.095, "ts_ultimo_fill": 1789777815}
{"dia": "2026-09-19", "ts": 1789777950, "ts_fill": 1789777779, "retraso_s": 171, "trader": "0x2c335066", "wallet": "0x2c335066fe58fe9237c3d3dc7b275c2a034a0563", "titulo": "Houston vs. Texas Tech: O/U 51.5", "slug": "cfb-hou-txtech-2026-09-18-total-51pt5", "event_slug": "cfb-hou-txtech-2026-09-18", "condition_id": "0xb3432dc1cf7f9f405f67908b3bfddde837be6cf4af0afcc3d9ff8b179c5e7b17", "token": "51517439404447780926787312060948991838620601856875499534261643669702768774791", "outcome": "Over", "precio_trader": 0.52, "cuota_trader": 1.92, "usd_trader": 11.93, "size_trader": 22.41, "precio_nuestro": 0.56, "cuota_nuestro": 1.79, "deriva_pts": 4.0, "deporte": false, "en_rango_combo": true, "tx": "0x1fffe2ae4b5df4f7341f7f", "resuelta": true, "senal_acerto": true, "anulada": false, "pnl_papel_nuestro": 3.929, "pnl_papel_trader": 4.615, "ejecutada": false, "escaladas": 0, "precio_nuestro_max": 0.56, "ts_ultimo_fill": 1789777779}
{"dia": "2026-09-19", "ts": 1789778675, "ts_fill": 1789778641, "retraso_s": 34, "trader": "0x2c335066", "wallet": "0x2c335066fe58fe9237c3d3dc7b275c2a034a0563", "titulo": "Will Club Puebla win on 2026-09-18?", "slug": "mex-pue-atla-2026-09-18-pue", "event_slug": "mex-pue-atla-2026-09-18", "condition_id": "0xb9c715bfeef6a9f564270feaadd4ca7c52a9c805850737959daee88afc2c4277", "token": "37534980351700239816600447017313134875638484995237715990466325530707081238342", "outcome": "No", "precio_trader": 0.61, "cuota_trader": 1.64, "usd_trader": 26098.1, "size_trader": 41965.45, "precio_nuestro": 0.605, "cuota_nuestro": 1.65, "deriva_pts": -0.5, "deporte": false, "en_rango_combo": true, "tx": "0x22de3ffadbc51aff32a8d1", "resuelta": true, "senal_acerto": true, "anulada": false, "pnl_papel_nuestro": 3.264, "pnl_papel_trader": 3.197, "ejecutada": false, "escaladas": 0, "precio_nuestro_max": 0.605, "ts_ultimo_fill": 1789778641}
{"dia": "2026-09-19", "ts": 1789778857, "ts_fill": 1789778800, "retraso_s": 57, "trader": "0x2c335066", "wallet": "0x2c335066fe58fe9237c3d3dc7b275c2a034a0563", "titulo": "Spread: Miami (FL) (-24.5)", "slug": "cfb-mia-wake-2026-09-18-spread-away-24pt5", "event_slug": "cfb-mia-wake-2026-09-18", "condition_id": "0x9b389d817cf30b159b519a898e905086f537ba5a89d7cc9a77353bd3e810e94d", "token": "100006267660397426057363358135232781084919456293444583977920905923323450713729", "outcome": "Wake Forest", "precio_trader": 0.5, "cuota_trader": 2.0, "usd_trader": 3.91, "size_trader": 7.63, "precio_nuestro": 0.54, "cuota_nuestro": 1.85, "deriva_pts": 4.0, "deporte": false, "en_rango_combo": true, "tx": "0x203e87e389a9cdf36e5976", "resuelta": true, "senal_acerto": true, "anulada": false, "pnl_papel_nuestro": 4.259, "pnl_papel_trader": 5.0, "ejecutada": false, "escaladas": 0, "precio_nuestro_max": 0.54, "ts_ultimo_fill": 1789778800}
{"dia": "2026-09-19", "ts": 1789779220, "ts_fill": 1789779208, "retraso_s": 12, "trader": "BrotherObama", "wallet": "0x8a8685a792c184e5c2ee8c7d4d4baba7c2c94998", "titulo": "Minnesota Twins vs. Los Angeles Angels", "slug": "mlb-min-laa-2026-09-18", "event_slug": "mlb-min-laa-2026-09-18", "condition_id": "0xb350d2d29c908f48dbfe48462020b26c42a8db76b33b7a690a8d4fb4c761f149", "token": "25627548533576993668543405360462931708595695841967215808995675216518173058418", "outcome": "Minnesota Twins", "precio_trader": 0.51, "cuota_trader": 1.96, "usd_trader": 25602.03, "size_trader": 48999.56, "precio_nuestro": 0.505, "cuota_nuestro": 1.98, "deriva_pts": -0.5, "deporte": true, "en_rango_combo": true, "tx": "0xf81b52c34cb7396b618d06", "resuelta": true, "senal_acerto": true, "anulada": false, "pnl_papel_nuestro": 4.901, "pnl_papel_trader": 4.804, "ejecutada": false, "escaladas": 0, "precio_nuestro_max": 0.505, "ts_ultimo_fill": 1789779208}
{"dia": "2026-09-19", "ts": 1789779582, "ts_fill": 1789779528, "retraso_s": 54, "trader": "0x2c335066", "wallet": "0x2c335066fe58fe9237c3d3dc7b275c2a034a0563", "titulo": "Guadalajara Open Akron: Liudmila Samsonova vs Peyton Stearns", "slug": "wta-samsono-stearns-2026-09-18", "event_slug": "wta-samsono-stearns-2026-09-18", "condition_id": "0xbaa62c684d33e174c77d175d7dbe56bcde8376bea3db0a4d165e9dbe1d6dfe01", "token": "97405430376379895737673669298321028345489508275796951730728483448996538389235", "outcome": "Liudmila Samsonova", "precio_trader": 0.59, "cuota_trader": 1.69, "usd_trader": 25478.47, "size_trader": 75912.43, "precio_nuestro": 0.595, "cuota_nuestro": 1.68, "deriva_pts": 0.5, "deporte": true, "en_rango_combo": true, "tx": "0x46cac7720155ef289abcfe", "resuelta": true, "senal_acerto": false, "anulada": false, "pnl_papel_nuestro": -5.0, "pnl_papel_trader": -5.0, "ejecutada": false, "escaladas": 4, "precio_nuestro_max": 0.595, "ts_ultimo_fill": 1789784152}
{"dia": "2026-09-19", "ts": 1789779945, "ts_fill": 1789779919, "retraso_s": 26, "trader": "0x2c335066", "wallet": "0x2c335066fe58fe9237c3d3dc7b275c2a034a0563", "titulo": "Indiana Fever vs. Toronto Tempo", "slug": "wnba-ind-tor-2026-09-18", "event_slug": "wnba-ind-tor-2026-09-18", "condition_id": "0x050cfde7745f5cb6cf0584e0dde88d19fd567dbb886efb247ee452f744d6bc31", "token": "38674536598416868637874377585571247800562493137516722493584036744683137483044", "outcome": "Indiana Fever", "precio_trader": 0.82, "cuota_trader": 1.22, "usd_trader": 41369.0, "size_trader": 50000.0, "precio_nuestro": 0.819, "cuota_nuestro": 1.22, "deriva_pts": -0.1, "deporte": true, "en_rango_combo": true, "tx": "0x2dd3cc7a077f97669881fc", "resuelta": true, "senal_acerto": true, "anulada": false, "pnl_papel_nuestro": 1.105, "pnl_papel_trader": 1.098, "ejecutada": false, "escaladas": 0, "precio_nuestro_max": 0.819, "ts_ultimo_fill": 1789779919}
{"dia": "2026-09-19", "ts": 1789780852, "ts_fill": 1789780731, "retraso_s": 121, "trader": "0x2c335066", "wallet": "0x2c335066fe58fe9237c3d3dc7b275c2a034a0563", "titulo": "Chicago Cubs vs. Cincinnati Reds", "slug": "mlb-chc-cin-2026-09-18", "event_slug": "mlb-chc-cin-2026-09-18", "condition_id": "0xe09e54a08669bc9d1bdddf390da30838efa387cc4a57e2e910cd70ee6229db53", "token": "2447714115759519059054135517801946653994816189464369401301444976753098737725", "outcome": "Cincinnati Reds", "precio_trader": 0.92, "cuota_trader": 1.09, "usd_trader": 46.74, "size_trader": 50.6, "precio_nuestro": 0.905, "cuota_nuestro": 1.1, "deriva_pts": -1.5, "deporte": true, "en_rango_combo": false, "tx": "0xd86b2f98086cdea4752375", "resuelta": true, "senal_acerto": true, "anulada": false, "pnl_papel_nuestro": 0.525, "pnl_papel_trader": 0.435, "ejecutada": false, "escaladas": 0, "precio_nuestro_max": 0.905, "ts_ultimo_fill": 1789780731}
{"dia": "2026-09-19", "ts": 1789781033, "ts_fill": 1789781005, "retraso_s": 28, "trader": "0x2c335066", "wallet": "0x2c335066fe58fe9237c3d3dc7b275c2a034a0563", "titulo": "Philadelphia Phillies vs. New York Mets", "slug": "mlb-phi-nym-2026-09-18", "event_slug": "mlb-phi-nym-2026-09-18", "condition_id": "0x237d361d6c7f524860fc0eda043a907c0be9e23705e2a801fd8097153caaa7b7", "token": "113437131359595087641879707343774183459055361519123795807853763966196339989417", "outcome": "Philadelphia Phillies", "precio_trader": 0.08, "cuota_trader": 12.5, "usd_trader": 9.83, "size_trader": 117.47, "precio_nuestro": 0.095, "cuota_nuestro": 10.53, "deriva_pts": 1.5, "deporte": true, "en_rango_combo": false, "tx": "0x1d4586b902a329c61e3a22", "resuelta": true, "senal_acerto": false, "anulada": false, "pnl_papel_nuestro": -5.0, "pnl_papel_trader": -5.0, "ejecutada": false, "escaladas": 0, "precio_nuestro_max": 0.095, "ts_ultimo_fill": 1789781005}
{"dia": "2026-09-19", "ts": 1789782120, "ts_fill": 1789782099, "retraso_s": 21, "trader": "0x2c335066", "wallet": "0x2c335066fe58fe9237c3d3dc7b275c2a034a0563", "titulo": "Atlanta Braves vs. Houston Astros", "slug": "mlb-atl-hou-2026-09-18", "event_slug": "", "condition_id": "0x7980f6e4b6b680ce81594d9ca99bd046f9dd712ec5fbe9a669fa779724ae3c0e", "token": "114696320604287953421466666615816058003196535159994226201125906606085228717754", "outcome": "Atlanta Braves", "precio_trader": 0.78, "cuota_trader": 1.28, "usd_trader": 6.36, "size_trader": 8.07, "precio_nuestro": 0.795, "cuota_nuestro": 1.26, "deriva_pts": 1.5, "deporte": false, "en_rango_combo": true, "tx": "0xa8039ca737ddfd5b0407d9", "resuelta": true, "senal_acerto": true, "anulada": false, "pnl_papel_nuestro": 1.289, "pnl_papel_trader": 1.41, "ejecutada": false, "escaladas": 0, "precio_nuestro_max": 0.795, "ts_ultimo_fill": 1789782099}
{"dia": "2026-09-19", "ts": 1789782120, "ts_fill": 1789782088, "retraso_s": 32, "trader": "0x2c335066", "wallet": "0x2c335066fe58fe9237c3d3dc7b275c2a034a0563", "titulo": "Toronto Blue Jays vs. Texas Rangers", "slug": "mlb-tor-tex-2026-09-18", "event_slug": "mlb-tor-tex-2026-09-18", "condition_id": "0x7bcc5cdd52a35362c7c73d767467a3313cb201f31e5742f791b0a0316985c4e1", "token": "44709821466238088930902854348733958428355257628953057267714052344998793717848", "outcome": "Toronto Blue Jays", "precio_trader": 0.16, "cuota_trader": 6.25, "usd_trader": 398.85, "size_trader": 2392.31, "precio_nuestro": 0.165, "cuota_nuestro": 6.06, "deriva_pts": 0.5, "deporte": true, "en_rango_combo": false, "tx": "0xf1220f36f37a3f7ac1549e", "resuelta": true, "senal_acerto": false, "anulada": false, "pnl_papel_nuestro": -5.0, "pnl_papel_trader": -5.0, "ejecutada": false, "escaladas": 0, "precio_nuestro_max": 0.165, "ts_ultimo_fill": 1789782088}
{"dia": "2026-09-19", "ts": 1789782846, "ts_fill": 1789782777, "retraso_s": 69, "trader": "0x2c335066", "wallet": "0x2c335066fe58fe9237c3d3dc7b275c2a034a0563", "titulo": "Seattle Mariners vs. Colorado Rockies", "slug": "mlb-sea-col-2026-09-18", "event_slug": "mlb-sea-col-2026-09-18", "condition_id": "0x0bd57c62603d6b18b8514023391d5d19d7865fe3017696e413f46b8a3e38d1ec", "token": "83420099781343274468490291979684556599033769035115054025109888126476172624257", "outcome": "Seattle Mariners", "precio_trader": 0.66, "cuota_trader": 1.52, "usd_trader": 28716.74, "size_trader": 43602.16, "precio_nuestro": 0.665, "cuota_nuestro": 1.5, "deriva_pts": 0.5, "deporte": true, "en_rango_combo": true, "tx": "0x88478990d873ae0d9a0b95", "resuelta": true, "senal_acerto": true, "anulada": false, "pnl_papel_nuestro": 2.519, "pnl_papel_trader": 2.576, "ejecutada": false, "escaladas": 2, "precio_nuestro_max": 0.665, "ts_ultimo_fill": 1789784703}
{"dia": "2026-09-19", "ts": 1789783208, "ts_fill": 1789783150, "retraso_s": 58, "trader": "0x2c335066", "wallet": "0x2c335066fe58fe9237c3d3dc7b275c2a034a0563", "titulo": "Miami Marlins vs. San Diego Padres", "slug": "mlb-mia-sd-2026-09-18", "event_slug": "mlb-mia-sd-2026-09-18", "condition_id": "0x7d9ba25f111d4adc353e0441fc205c3a39b3e7eef9829999663262055b9911c8", "token": "27879818868954288585657345135582291160202152757766391612892761008359576700887", "outcome": "San Diego Padres", "precio_trader": 0.66, "cuota_trader": 1.52, "usd_trader": 31254.99, "size_trader": 46564.45, "precio_nuestro": 0.675, "cuota_nuestro": 1.48, "deriva_pts": 1.5, "deporte": true, "en_rango_combo": true, "tx": "0xb6bf0e8bdb5cc4b01acb55", "resuelta": true, "senal_acerto": true, "anulada": false, "pnl_papel_nuestro": 2.407, "pnl_papel_trader": 2.576, "ejecutada": false, "escaladas": 0, "precio_nuestro_max": 0.675, "ts_ultimo_fill": 1789783150}
### informes 📡 en el log:
[04:05:02]   [copy] 📡 señal #1789704302 de 0x2c335066: Counter-Strike: EYEBALLERS vs Liquid (BO1) - Logitech G Play · él 0.600 / nosotros 0.605 (+0.5 pts) · retraso 1m25s · papel $5
[17:39:41]   [copy] 📡 señal #1789753181 de 0x2c335066: Will FC Bayern München win on 2026-09-18? · él 0.060 / nosotros 0.065 (+0.5 pts) · retraso 0m20s · papel $5
[18:00:44]   [copy] 📡 señal #1789754444 de 0x2c335066: Will FC Bayern München vs. 1. FC Union Berlin end in a draw? · él 0.950 / nosotros 0.955 (+0.5 pts) · retraso 2m40s · papel $5
[18:21:47]   [copy] 📡 señal #1789755707 de 0x2c335066: Caldas da Rainha: Susan Bandecchi vs Lisa Pigato · él 0.730 / nosotros 0.745 (+1.5 pts) · retraso 1m26s · papel $5
[18:30:49]   [copy] 📡 señal #1789756249 de 0x2c335066: Will Chelsea FC win on 2026-09-18? · él 0.640 / nosotros 0.645 (+0.5 pts) · retraso 0m30s · papel $5
[18:36:50]   [copy] 📡 señal #1789756610 de 0x2c335066: Spread: Chelsea FC (-1.5) · él 0.830 / nosotros 0.835 (+0.5 pts) · retraso 1m52s · papel $5
[18:51:53]   [copy] 📡 señal #1789757513 de 0x2c335066: Valencia: Andrea Lazaro Garcia vs Joelle Steur · él 0.520 / nosotros 0.485 (-3.5 pts) · retraso 1m13s · papel $5
[00:02:18]   [copy] 📡 señal #1789776138 de BreakTheBank: Bengals vs. Texans · él 0.420 / nosotros 0.425 (+0.5 pts) · retraso 1m11s · papel $5
[00:11:21]   [copy] 📡 señal #1789776681 de 0x2c335066: New York Liberty vs. Minnesota Lynx · él 0.380 / nosotros 0.345 (-3.5 pts) · retraso 0m48s · papel $5
[00:11:22]   [copy] 📡 señal #1789776682 de BrotherObama: Spread: Seattle Mariners (-1.5) · él 0.535 / nosotros 0.525 (-1.0 pts) · retraso 0m19s · papel $5
[00:14:23]   [copy] 📡 señal #1789776863 de 0x2c335066: Miami (FL) vs. Wake Forest: O/U 36.5 · él 0.940 / nosotros 0.955 (+1.5 pts) · retraso 2m52s · papel $5
[00:20:26]   [copy] 📡 señal #1789777226 de 0x2c335066: Chicago Cubs vs. Cincinnati Reds · él 0.770 / nosotros 0.795 (+2.5 pts) · retraso 2m26s · papel $5
[00:32:30]   [copy] 📡 señal #1789777950 de 0x2c335066: Detroit Tigers vs. Chicago White Sox · él 0.130 / nosotros 0.095 (-3.5 pts) · retraso 2m15s · papel $5
[00:32:30]   [copy] 📡 señal #1789777950 de 0x2c335066: Houston vs. Texas Tech: O/U 51.5 · él 0.520 / nosotros 0.560 (+4.0 pts) · retraso 2m51s · papel $5
[00:44:35]   [copy] 📡 señal #1789778675 de 0x2c335066: Will Club Puebla win on 2026-09-18? · él 0.610 / nosotros 0.605 (-0.5 pts) · retraso 0m34s · papel $5
[00:47:37]   [copy] 📡 señal #1789778857 de 0x2c335066: Spread: Miami (FL) (-24.5) · él 0.500 / nosotros 0.540 (+4.0 pts) · retraso 0m57s · papel $5
[00:53:40]   [copy] 📡 señal #1789779220 de BrotherObama: Minnesota Twins vs. Los Angeles Angels · él 0.510 / nosotros 0.505 (-0.5 pts) · retraso 0m12s · papel $5
[00:59:42]   [copy] 📡 señal #1789779582 de 0x2c335066: Guadalajara Open Akron: Liudmila Samsonova vs Peyton Stearns · él 0.590 / nosotros 0.595 (+0.5 pts) · retraso 0m54s · papel $5
[01:05:45]   [copy] 📡 señal #1789779945 de 0x2c335066: Indiana Fever vs. Toronto Tempo · él 0.820 / nosotros 0.819 (-0.1 pts) · retraso 0m26s · papel $5
[01:20:52]   [copy] 📡 señal #1789780852 de 0x2c335066: Chicago Cubs vs. Cincinnati Reds · él 0.920 / nosotros 0.905 (-1.5 pts) · retraso 2m01s · papel $5
[01:23:53]   [copy] 📡 señal #1789781033 de 0x2c335066: Philadelphia Phillies vs. New York Mets · él 0.080 / nosotros 0.095 (+1.5 pts) · retraso 0m28s · papel $5
[01:42:00]   [copy] 📡 señal #1789782120 de 0x2c335066: Atlanta Braves vs. Houston Astros · él 0.780 / nosotros 0.795 (+1.5 pts) · retraso 0m21s · papel $5
[01:42:00]   [copy] 📡 señal #1789782120 de 0x2c335066: Toronto Blue Jays vs. Texas Rangers · él 0.160 / nosotros 0.165 (+0.5 pts) · retraso 0m32s · papel $5
[01:54:06]   [copy] 📡 señal #1789782846 de 0x2c335066: Seattle Mariners vs. Colorado Rockies · él 0.660 / nosotros 0.665 (+0.5 pts) · retraso 1m09s · papel $5
[02:00:08]   [copy] 📡 señal #1789783208 de 0x2c335066: Miami Marlins vs. San Diego Padres · él 0.660 / nosotros 0.675 (+1.5 pts) · retraso 0m58s · papel $5
### menciones acierto/ROI en el log:
[06:34:00]   · Counter-Strike: Heroic vs BESTIA (BO3) - Thunderpick Wor (p=0.79 vol=$150k)
[06:58:38]   · Counter-Strike: Heroic vs BESTIA (BO3) - Thunderpick Wor (p=0.78 vol=$169k)
[07:03:50]   · Counter-Strike: Heroic vs BESTIA (BO3) - Thunderpick Wor (p=0.79 vol=$169k)
[11:15:57]   · Counter-Strike: Heroic vs K27 (BO3) - Thunderpick World  (p=0.80 vol=$82k)
[11:26:00]   · Counter-Strike: Heroic vs K27 (BO3) - Thunderpick World  (p=0.94 vol=$92k)
[18:04:30]   · Counter-Strike: Heroic vs 1WIN (BO3) - Thunderpick World (p=0.77 vol=$239k)
[18:14:31]   · Counter-Strike: Heroic vs 1WIN (BO3) - Thunderpick World (p=0.78 vol=$243k)
[18:24:35]   · Counter-Strike: Heroic vs 1WIN (BO3) - Thunderpick World (p=0.79 vol=$243k)
[19:24:42]   · Colorado Rockies vs. Detroit Tigers (p=0.80 vol=$235k)
[19:34:42]   · Colorado Rockies vs. Detroit Tigers (p=0.81 vol=$286k)
[19:44:43]   · Colorado Rockies vs. Detroit Tigers (p=0.76 vol=$305k)
[19:54:44]   · Colorado Rockies vs. Detroit Tigers (p=0.85 vol=$305k)
[20:04:49]   · Counter-Strike: Heroic vs 1WIN (BO3) - Thunderpick World (p=0.83 vol=$336k)
[16:58:42]   · Colorado Rockies vs. Detroit Tigers: O/U 8.5 (p=0.93 vol=$105k)
[00:01:54]   [copy] 📡 señal #1789516914 de wr0ngw4yb3tt0r: Detroit Tigers vs. Toronto Blue Jays · él 0.530 / nosotros 0.535 (+0.5 pts) · retraso 1m09s · papel $5
[18:54:32]   [copy] 🧠 VETERANO 0x2c335066           papel: 15 señ · 60.0% acierto · ROI 24.5% · $18.408
[18:54:34]   [copy] 🧠 #2 wr0ngw4yb3tt0r       VETADO por memoria: 8 señ · ROI -45.0% < 5%
[19:16:42] [MANUAL 💥] botón ▶️: Will FC Barcelona win on 2026-09-16? + Detroit Tigers vs. Toronto Blue · stake $6.2
[19:16:42]   · Detroit Tigers vs. Toronto Blue Jays: O/U 8.5 (p=0.56 vol=$594k)
[18:57:36]   [copy] 🧠 VETERANO 0x2c335066           papel: 33 señ · 54.5% acierto · ROI 15.3% · $25.261
[18:57:38]   [copy] 🧠 #3 wr0ngw4yb3tt0r       VETADO por memoria: 8 señ · ROI -45.0% < 5%
[01:58:39]   [copy] 📡 señal #1789696719 de 0x2c335066: Detroit Tigers vs. Chicago White Sox · él 0.080 / nosotros 0.125 (+4.5 pts) · retraso 1m06s · papel $5
[18:57:55]   [copy] 🧠 VETERANO 0x2c335066           papel: 45 señ · 55.6% acierto · ROI 10.4% · $23.429
[18:57:59]   [copy] 🧠 #5 wr0ngw4yb3tt0r       VETADO por memoria: 8 señ · ROI -45.0% < 5%
[00:32:30]   [copy] 📡 señal #1789777950 de 0x2c335066: Detroit Tigers vs. Chicago White Sox · él 0.130 / nosotros 0.095 (-3.5 pts) · retraso 2m15s · papel $5
=== FIN copy2_20260919_160816.log ===
