=== CIRUGÍA v12.9.3 exploración paralela — 2026-09-18 17:35:07 UTC — bot-poly ===
### md5 ANTES (esperado v12.9.2: 92786076f4bf05bb7b79e339f887a6a4):
92786076f4bf05bb7b79e339f887a6a4  /opt/polymarket/poly_combos_bot.py
### backup creado: /opt/polymarket/poly_combos_bot.py.bak_pre_v1293.20260918_173507
### paso 1/3: --check (valida anclas SIN escribir; exige base v12.9.2)
md5 ANTES: 92786076f4bf05bb7b79e339f887a6a4 (284789 bytes)
md5 DESPUÉS: 8e054fca625d41de786e84721f21a2d9 (284789 bytes)
compile() OK · anclas aplicadas: 4
✅ --check OK: todas las anclas casan (coincidencia única) y el resultado compila
### paso 2/3: --apply + py_compile
md5 ANTES: 92786076f4bf05bb7b79e339f887a6a4 (284789 bytes)
md5 DESPUÉS: 8e054fca625d41de786e84721f21a2d9 (284789 bytes)
compile() OK · anclas aplicadas: 4
✅ ESCRITO en /opt/polymarket/poly_combos_bot.py
### md5 DESPUÉS (esperado: 8e054fca625d41de786e84721f21a2d9):
8e054fca625d41de786e84721f21a2d9  /opt/polymarket/poly_combos_bot.py
### constantes en el fichero instalado:
4106:COPY_N_TRADERS = 8          # a cuántos vigilamos a la vez
4107:COPY_TOPE_DIA = 18           # señales nuevas/día (tope PROPIO, no el de combos)
4357:    top = top_traders(COPY_VENTANA, 24, refrescar=True)
### paso 3/3: reinicio del servicio
### servicio: active
### esperando la 1ª ronda copy (~90-105 s)...

### EVIDENCIAS — banner y últimas líneas [copy]:
[07:58:10] v12.9.1 cargado · modo=AUTO · stake=AUTO $5-$10 (según cuota/ventaja) · max 10/día · prob ≥65%
[18:53:01] v12.9.2 cargado · modo=OFF · stake=AUTO $5-$10 (según cuota/ventaja) · max 10/día · prob ≥65%
[17:35:08] v12.9.3 cargado · modo=OFF · stake=AUTO $5-$10 (según cuota/ventaja) · max 10/día · prob ≥65%
[04:26:08]   [copy] ronda: 0 señal(es) nueva(s) · 1 compra(s) repetida(s) fusionada(s) · 0 resuelta(s) · dedup 634 fills
[04:35:10]   [copy] ronda: 0 señal(es) nueva(s) · 1 compra(s) repetida(s) fusionada(s) · 0 resuelta(s) · dedup 632 fills
[04:38:10]   [copy] señal TARDÍA Minnesota Twins vs. Los Angeles Angels: él 0.220 → ahora 0.001 (-21.9 pts) · no cuenta
[04:38:10]   [copy] señal TARDÍA Minnesota Twins vs. Los Angeles Angels: él 0.760 → ahora 1.000 (+24.0 pts) · no cuenta
[04:38:10]   [copy] señal TARDÍA Minnesota Twins vs. Los Angeles Angels: él 0.760 → ahora 1.000 (+24.0 pts) · no cuenta
[04:47:12]   [copy] ronda: 0 señal(es) nueva(s) · 0 compra(s) repetida(s) fusionada(s) · 1 resuelta(s) · dedup 634 fills
[05:14:16]   [copy] ronda: 0 señal(es) nueva(s) · 0 compra(s) repetida(s) fusionada(s) · 2 resuelta(s) · dedup 632 fills
[05:41:19]   [copy] tope diario de señales (12) alcanzado
[05:41:20]   [copy] ronda: 0 señal(es) nueva(s) · 0 compra(s) repetida(s) fusionada(s) · 2 resuelta(s) · dedup 633 fills
[05:47:21]   [copy] ronda: 0 señal(es) nueva(s) · 0 compra(s) repetida(s) fusionada(s) · 1 resuelta(s) · dedup 633 fills
[09:29:46]   [copy] tope diario de señales (12) alcanzado
[15:00:33]   [copy] ronda: 0 señal(es) nueva(s) · 0 compra(s) repetida(s) fusionada(s) · 1 resuelta(s) · dedup 610 fills

### ESTADO json — vigilados y memoria 🧠:
copy_señales: 56 (hoy: 12) · tope diario ahora: 18
MEMORIA 🧠 (4 wallets):
   · BreakTheBank · 2 señ · 100.0% · $11.832 · ROI 118.3%
   · 0x2c335066 · 45 señ · 55.6% · $23.429 · ROI 10.4%
   · wr0ngw4yb3tt0r · 8 señ · 25.0% · $-18.011 · ROI -45.0%
   · pleaseplease123 · 1 señ · 0.0% · $-5.0 · ROI -100.0%
vigilados: [('0x2c335066', 'veterano')]
ts_eleccion: 17-09 18:57 UTC → próxima reelección: 18-09 18:57 UTC
modo guardado: OFF
=== FIN fix_copy_v1293_20260918_173507.log ===
