=== CIRUGÍA v12.9.2 copy ampliación — 2026-09-16 18:52:59 UTC — bot-poly ===
### md5 ANTES:
b42878a47182bd0a0943f4c46096662b  /opt/polymarket/poly_combos_bot.py
### backup creado: /opt/polymarket/poly_combos_bot.py.bak_pre_v1292.20260916_185259
### paso 1/3: --check (valida TODAS las anclas sin escribir nada)
md5 ANTES: b42878a47182bd0a0943f4c46096662b (277331 bytes)
md5 DESPUÉS: 92786076f4bf05bb7b79e339f887a6a4 (284789 bytes)
compile() OK · anclas aplicadas: 10
✅ --check OK: todas las anclas casan (coincidencia única) y el resultado compila
### paso 2/3: --apply + py_compile
md5 ANTES: b42878a47182bd0a0943f4c46096662b (277331 bytes)
md5 DESPUÉS: 92786076f4bf05bb7b79e339f887a6a4 (284789 bytes)
compile() OK · anclas aplicadas: 10
✅ ESCRITO en /opt/polymarket/poly_combos_bot.py
### md5 DESPUÉS:
92786076f4bf05bb7b79e339f887a6a4  /opt/polymarket/poly_combos_bot.py
### paso 3/3: reinicio del servicio
### servicio: active
### esperando la 1ª ronda copy con el backfill 🧠 (~90-120 s tras arrancar)...
### backfill visto en el log (tras 105 s)

### EVIDENCIAS — banner y líneas 🧠 en el log del bot:
[06:18:11]   [copy] vigilando 3 traders: pleaseplease123, BreakTheBank, 0x2c335066
[06:21:02]   [copy] vigilando 3 traders: 0x2c335066, pleaseplease123, ripley86alien
[06:22:43]   [copy] vigilando 4 traders: wr0ngw4yb3tt0r, BreakTheBank, pleaseplease123, theowalcott
[06:25:34]   [copy] vigilando 5 traders: 00gringo00, wr0ngw4yb3tt0r, pleaseplease123, Kch-Temp, theowalcott
[06:27:03]   [copy] vigilando 2 traders: wr0ngw4yb3tt0r, pleaseplease123
[18:53:01] v12.9.2 cargado · modo=OFF · stake=AUTO $5-$10 (según cuota/ventaja) · max 10/día · prob ≥65%
[18:54:32]   [copy] 🧠 memoria: backfill de 25 señal(es) ya resuelta(s)
[18:54:32]   [copy] 🧠 VETERANO 0x2c335066           papel: 15 señ · 60.0% acierto · ROI 24.5% · $18.408
[18:54:33]   [copy] 🧠 1 veterano(s) con plaza fija (1 elegible(s) en la memoria)
[18:54:34]   [copy] 🧠 #2 wr0ngw4yb3tt0r       VETADO por memoria: 8 señ · ROI -45.0% < 5%
[18:54:42]   [copy] vigilando 2 traders (1 🧠 veteranos): 0x2c335066, pleaseplease123

### últimas 20 líneas del log del bot:
[18:53:01] Proxy: http://100.83.57.99:8888
[18:53:02] Test proxy: 200
[18:53:02] v12.9.0 iniciado
[18:53:37]   [auditoria:auto] APLICADA reabiertas=0 corregidas=0 confirmadas=77 manuales=0 nuevas=0 sin_datos=0 · PnL archivadas -38.02→-38.02
[18:54:32]   [copy] 🧠 memoria: backfill de 25 señal(es) ya resuelta(s)
[18:54:32]   [copy] 🧠 VETERANO 0x2c335066           papel: 15 señ · 60.0% acierto · ROI 24.5% · $18.408
[18:54:33]   [copy] 🧠 1 veterano(s) con plaza fija (1 elegible(s) en la memoria)
[18:54:33]   [copy] #1 00gringo00           descartado · concentrado en 2 mercado(s)
[18:54:34]   [copy] 🧠 #2 wr0ngw4yb3tt0r       VETADO por memoria: 8 señ · ROI -45.0% < 5%
[18:54:34]   [copy] #3 balthazar            descartado · sólo 2% deporte
[18:54:35]   [copy] #4 TheReturnOfDarthMaul descartado · sólo 0% deporte
[18:54:36]   [copy] #5 Flaznorp             descartado · sólo 15% deporte
[18:54:36]   [copy] #6 sainttroplay         descartado · inactivo (0 compras en 48 h)
[18:54:37]   [copy] #7 ripley86alien        descartado · inactivo (0 compras en 48 h)
[18:54:38]   [copy] #8 Kch-Temp             descartado · inactivo (1 compras en 48 h)
[18:54:39]   [copy] #9 e46m3                descartado · sólo 9% deporte
[18:54:39]   [copy] #10 totoro3miyazaki      descartado · inactivo (0 compras en 48 h)
[18:54:40]   [copy] #11 pleaseplease123      ELEGIDO · activo (300 compras, 10 mercados, 100% deporte)
[18:54:41]   [copy] #12 theowalcott          descartado · inactivo (0 compras en 48 h)
[18:54:42]   [copy] vigilando 2 traders (1 🧠 veteranos): 0x2c335066, pleaseplease123

### ESTADO json — memoria 🧠 y traders vigilados:
copy_ranking_v1 (bandera del backfill único): True
copy_ranking — 3 wallets memorizadas:
   · BreakTheBank · 2 señ · 100.0% · $11.832 · ROI 118.3%
   · 0x2c335066 · 15 señ · 60.0% · $18.408 · ROI 24.5%
   · wr0ngw4yb3tt0r · 8 señ · 25.0% · $-18.011 · ROI -45.0%
vigilados ahora: [('0x2c335066', 'veterano'), ('pleaseplease123', 'novato')]
copy_señales: 25 (tope histórico 900)

### modo actual (por si ya pulsaste 🔴 OFF — sobrevive al reinicio):
[07:58:10] v12.9.1 cargado · modo=AUTO · stake=AUTO $5-$10 (según cuota/ventaja) · max 10/día · prob ≥65%
[18:53:01] v12.9.2 cargado · modo=OFF · stake=AUTO $5-$10 (según cuota/ventaja) · max 10/día · prob ≥65%
=== FIN fix_copy_v1292_20260916_185259.log ===
