=== LOG ACTUAL - Sat Sep  5 11:06:36 PM UTC 2026 ===

== 1. Status bot ==
● poly-combos-bot.service - Poly Combos Bot (Telegram copy-trading)
     Loaded: loaded (/etc/systemd/system/poly-combos-bot.service; enabled; preset: enabled)
     Active: active (running) since Sat 2026-09-05 23:02:15 UTC; 4min 20s ago
   Main PID: 921820 (python3)
      Tasks: 2 (limit: 4538)
     Memory: 12.8M (peak: 13.3M)
        CPU: 188ms
     CGroup: /system.slice/poly-combos-bot.service
             └─921820 /usr/bin/python3 -u /opt/polymarket/poly_combos_bot.py

Sep 05 23:02:15 bot-poly systemd[1]: Started poly-combos-bot.service - Poly Combos Bot (Telegram copy-trading).

== 2. Ultimas 50 lineas ==
[22:37:59]   pagina 1: +50 total, 0 deportes
[22:37:59]   pagina 2: +50 total, 0 deportes
[22:38:00]   pagina 3: +50 total, 0 deportes
[22:38:00]   pagina 4: +50 total, 0 deportes
[22:38:01]   pagina 5: +50 total, 0 deportes
[22:40:39] v7 cargado · modo=AUTO · stake=$2.0
[22:40:39] Proxy: http://100.83.57.99:8888
[22:40:40] Test proxy: 200
[22:40:40] v7 iniciado
[22:41:10] [AUTO] pasada
[22:41:11]   pagina 1: +50 total, 0 deportes
[22:41:12]   pagina 2: +50 total, 0 deportes
[22:41:12]   pagina 3: +50 total, 0 deportes
[22:41:13]   pagina 4: +50 total, 0 deportes
[22:41:14]   pagina 5: +50 total, 0 deportes
[22:42:31]   pagina 1: +50 total, 0 deportes
[22:42:32]   pagina 2: +50 total, 0 deportes
[22:42:33]   pagina 3: +50 total, 0 deportes
[22:42:33]   pagina 4: +50 total, 0 deportes
[22:42:34]   pagina 5: +50 total, 0 deportes
[22:42:39] [AUTO] pasada
[22:42:40]   pagina 1: +50 total, 0 deportes
[22:42:40]   pagina 2: +50 total, 0 deportes
[22:42:41]   pagina 3: +50 total, 0 deportes
[22:42:42]   pagina 4: +50 total, 0 deportes
[22:42:42]   pagina 5: +50 total, 0 deportes
[22:45:40] [AUTO] pasada
[22:45:41]   pagina 1: +50 total, 0 deportes
[22:45:41]   pagina 2: +50 total, 0 deportes
[22:45:42]   pagina 3: +50 total, 0 deportes
[22:45:42]   pagina 4: +50 total, 0 deportes
[22:45:43]   pagina 5: +50 total, 0 deportes
[22:49:48] v9 cargado · modo=AUTO · stake=$2.0
[22:49:48] Proxy: http://100.83.57.99:8888
[22:49:48] Test proxy: 200
[22:49:48] v9 iniciado
[22:51:01] [AUTO] pasada
[22:51:02]   combo-markets status None
[22:54:48] [AUTO] pasada
[22:54:49]   combo-markets status None
[22:58:28] [AUTO] pasada
[22:58:28]   combo-markets status None
[22:59:49] [AUTO] pasada
[22:59:49]   combo-markets status None
[23:00:07] [AUTO] pasada
[23:00:08]   combo-markets status None
[23:02:15] v9 cargado · modo=AUTO · stake=$2.0
[23:02:15] Proxy: http://100.83.57.99:8888
[23:02:16] Test proxy: 200
[23:02:16] v9 iniciado

== 3. estado ==
{
  "modo": "AUTO",
  "trades_copiados": [
    {
      "trader": "pleaseplease123",
      "peso": 10,
      "titulo": "Washington Nationals vs. Los Angeles Dodgers: O/U 8.5",
      "side": "BUY",
      "price": 0.54,
      "size": 434.0,
      "asset": "95952339111587815223537791500571044605986864428829629834185439441029088171356",
      "timestamp": 1788559234,
      "cuota": 1.85,
      "stake_sugerido": 2.0,
      "copiado_en": "2026-09-05T19:00:01.832312",
      "status": "error",
      "chat_id": 250818720,
      "order_id": "tamaño 3.7 < 5 shares mínimo"
    }
  ],
  "historial": []
}
== 4. Test endpoint combos-rfq-api (Hetzner directo) ==
  OK: 5 combos en 0.1s
    - Will the U.S. invade Iran before 2027? | ['politics', 'iran', 'trump']
    - Will China invade Taiwan by end of 2026? | ['politics', 'china', 'geopolitics']
    - Will Richard Grenell be the leader of Venezuela en | ['politics', 'trump', 'venezuela']