=== ARREGLAR BUG BOT SEMANAL ELON v2 — 20260912_081406 UTC ===

== 1. Backup de senal.py actual ==
-rwxr-xr-x 1 root root  4218 Sep 12 08:09 /opt/polymarket/bot-polymarket-elon-semanal/senal.py
-rw-r--r-- 1 root root 13522 Aug 29 08:33 /opt/polymarket/bot-polymarket-elon-semanal/senal.py.bakS
-rwxr-xr-x 1 root root  4218 Sep 12 08:14 /opt/polymarket/bot-polymarket-elon-semanal/senal.py.bak_v2_20260912_081406

== 2. Ver contenido actual del senal.py (las primeras 50 líneas) ==
#!/usr/bin/env python3
"""
Motor de señal — ventana SEMANAL «Elon Musk # tweets <inicio> - <fin>?»
Adaptado del bot de Zelenskyy.
"""
import os
import sys
import csv
import json
import math
from datetime import datetime, timezone

# ─────────────── PARÁMETROS DE LA ESTRATEGIA ───────────────
VENTANA         = "semanal"     # solo semanal en este bot
STAKE_INICIAL   = 3.30          # $, primera apuesta (igual que Elon 48h)
FACTOR          = 1.40          # multiplicador tras cada fallo
CUOTA_MINIMA    = 3.00          # cuota mínima aceptada
PRECIO_MAX      = 0.30          # precio máximo del lado que compramos
EDGE_MIN        = 0.15          # ventaja mínima p_modelo − precio
P_FLOOR         = 0.20          # p mínimo para entrar en un bin
PASOS_MAX       = 6             # tope de escalones
REGLA           = "ventaja"     # "ventaja" (semanal)
LAM_MIN         = 1.0           # tweets/día mínimo
DATA_DIR        = "/opt/polymarket/bot-polymarket-elon"
CSV_PATH        = os.path.join(DATA_DIR, "datos_elon.csv")

# ─────────────── FUNCIONES ───────────────
def clamp(x, lo, hi):
    return max(lo, min(hi, x))

def poisson_cdf(k, lam):
    """P(X ≤ k) con media lam."""
    if lam <= 0:
        return 1.0
    s = math.exp(-lam)
    cdf = s
    for i in range(1, k+1):
        s *= lam / i
        cdf += s
    return clamp(cdf, 0, 1)

def p_bin(lo, hi, lam):
    """Probabilidad de que λ caiga en [lo, hi]."""
    return clamp(poisson_cdf(hi, lam) - poisson_cdf(lo-1, lam), 0, 1)

def cargar_csv():
    """Carga el CSV compartido del bot 48h."""
    if not os.path.exists(CSV_PATH):
        return []
    datos = []

== 3. Sobrescribir senal.py con versión limpia y robusta ==
senal.py reescrito
91 /opt/polymarket/bot-polymarket-elon-semanal/senal.py

== 4. Validar sintaxis ==
  ✅ compila

== 5. Probar manualmente ==
  cargar_csv: 48 filas
  AVG7=20.86  AVG30=27.50  R=0.758  ajuste=0.903  dias=48
  ✅ funciona

== 6. Reiniciar servicio ==
● poly-elon-semanal.service - Bot Polymarket Elon SEMANAL (ventanas semanales, paralelo al 48h)
     Loaded: loaded (/etc/systemd/system/poly-elon-semanal.service; enabled; preset: enabled)
     Active: active (running) since Sat 2026-09-12 08:14:06 UTC; 5s ago
   Main PID: 1509891 (python3)
      Tasks: 1 (limit: 4538)
     Memory: 5.5M (peak: 5.7M)
        CPU: 63ms
     CGroup: /system.slice/poly-elon-semanal.service
             └─1509891 /usr/bin/python3 bot_semanal.py --loop --intervalo 15 --modo real


== 7. Verificar log tras reinicio ==
Sep 12 08:12:36 bot-poly python3[1509810]: [2026-09-12 08:12:36] ERROR: module 'senal' has no attribute 'CSV_PATH'
Sep 12 08:12:36 bot-poly python3[1509810]: [2026-09-12 08:12:36] Próxima pasada en 15 min…
Sep 12 08:14:06 bot-poly systemd[1]: Stopping poly-elon-semanal.service - Bot Polymarket Elon SEMANAL (ventanas semanales, paralelo al 48h)...
Sep 12 08:14:06 bot-poly systemd[1]: poly-elon-semanal.service: Deactivated successfully.
Sep 12 08:14:06 bot-poly systemd[1]: Stopped poly-elon-semanal.service - Bot Polymarket Elon SEMANAL (ventanas semanales, paralelo al 48h).
Sep 12 08:14:06 bot-poly systemd[1]: Started poly-elon-semanal.service - Bot Polymarket Elon SEMANAL (ventanas semanales, paralelo al 48h).
Sep 12 08:14:06 bot-poly python3[1509891]: [2026-09-12 08:14:06] 🤖 BOT SEMANAL ELON arrancado (loop=True, intervalo=15 min)
Sep 12 08:14:06 bot-poly python3[1509891]: [2026-09-12 08:14:06] ════════════════════════════════════════════
Sep 12 08:14:06 bot-poly python3[1509891]: [2026-09-12 08:14:06] PASADA COMPLETA (ELON SEMANAL) · MODO: REAL
Sep 12 08:14:06 bot-poly python3[1509891]: [2026-09-12 08:14:06] ════════════════════════════════════════════
Sep 12 08:14:06 bot-poly python3[1509891]: [2026-09-12 08:14:06] ERROR: module 'senal' has no attribute 'CSV_PATH'
Sep 12 08:14:06 bot-poly python3[1509891]: [2026-09-12 08:14:06] Próxima pasada en 15 min…

== 8. Resumen ==
  ✅ senal.py reescrito COMPLETAMENTE (versión limpia)
  ✅ servicio reiniciado
