=== VERIFICAR LOGS XTRACKER · 20260919_115145 UTC ===

== ¿xtracker aparece en log 48h? ==
84
Últimas menciones:
[2026-09-15 07:34:49 EDT]       · scraper:   [ERROR] xtracker: <urlopen error timed out>
[2026-09-15 07:54:20 EDT]       · scraper:   [ERROR] xtracker: <urlopen error timed out>
[2026-09-15 08:13:52 EDT]       · scraper:   [ERROR] xtracker: <urlopen error timed out>
[2026-09-19 07:44:48 EDT]       · xtracker: 12474 items
[2026-09-19 07:50:51 EDT]       · xtracker: 12474 items

== ¿xtracker aparece en log mensual? ==
2
Últimas menciones:
[2026-09-19 07:44:57 EDT]       · xtracker: 12474 items
[2026-09-19 07:50:57 EDT]       · xtracker: 12474 items

== Última pasada del 48h ==
  nitter nitter.privacyredirect.com: sin items
  nitter lightbrd.com: sin items
  nitter nitter.space: sin items
  nitter nitter.tiekoetter.com: sin items
  nitter xcancel.com: sin items
  nitter nitter.poast.org: curl falló (56): 
  nitter nitter.privacyredirect.com: sin items
  nitter lightbrd.com: sin items
  nitter nitter.space: sin items
[2026-09-19 07:45:29 EDT]       · nitter: sin items
[2026-09-19 07:45:29 EDT]       · tweets únicos: 12926 (reposts 451) · CSV: 325 días (nuevos/mejorados: 316)
[2026-09-19 07:45:29 EDT] 2/5 · Actualizando mercados de Polymarket…
[2026-09-19 07:45:45 EDT]       · 8 mercados · 2 de 48 h abiertos → mercado_activo.json
[2026-09-19 07:45:45 EDT] 3/5 · Trading REAL…
--
[2026-09-19 07:50:46 EDT] ==============================================================
[2026-09-19 07:50:46 EDT] PASADA COMPLETA  ·  MODO: REAL
[2026-09-19 07:50:47 EDT]       · TEST urllib OK: 128 bytes, TWEET COUNT x0
[2026-09-19 07:50:47 EDT] 0/5 · Actualizando CSV con TWEET_COUNT de Polymarket (in-process)…
[2026-09-19 07:50:48 EDT]       · scraper no devolvió tweet_count (sigue con CSV previo)
[2026-09-19 07:50:48 EDT] 1/5 · Recogiendo tweets de @elonmusk…
[2026-09-19 07:50:51 EDT]       · xtracker: 12474 items
[2026-09-19 07:50:51 EDT]       · twitterapi: ERROR HTTP Error 402: Payment Required
[2026-09-19 07:50:51 EDT]       · jina-tw: ERROR jina en pausa (descanso tras fallos)
[2026-09-19 07:50:51 EDT]       · jina-x: ERROR jina en pausa (descanso tras fallos)
  nitter nitter.tiekoetter.com: sin items
  nitter xcancel.com: sin items
  nitter nitter.poast.org: curl falló (56): 
  nitter nitter.privacyredirect.com: sin items
  nitter lightbrd.com: sin items
  nitter nitter.space: sin items
  nitter nitter.tiekoetter.com: sin items
  nitter xcancel.com: sin items
  nitter nitter.poast.org: curl falló (56): 
  nitter nitter.privacyredirect.com: sin items
  nitter lightbrd.com: sin items
  nitter nitter.space: sin items
[2026-09-19 07:51:33 EDT]       · nitter: sin items
[2026-09-19 07:51:33 EDT]       · tweets únicos: 12926 (reposts 451) · CSV: 325 días (nuevos/mejorados: 0)
[2026-09-19 07:51:33 EDT] 2/5 · Actualizando mercados de Polymarket…

== Última pasada del mensual ==
[2026-09-19 07:45:39 EDT]       · tweets únicos: 12866 (reposts 391) · CSV: 325 días (nuevos/mejorados: 311)
[2026-09-19 07:45:39 EDT] 2/4 · Actualizando mercados de Polymarket…
[2026-09-19 07:45:53 EDT]       · 8 mercados · 1 mensuales abiertos → mercado_activo.json
[2026-09-19 07:45:53 EDT] 3/4 · Trading REAL…
[2026-09-19 07:45 EDT] Trading REAL MENSUAL  · saldo $227.98 · paso 3
  (sin señal mensual → no se abre apuesta real · paso 3)
  Historial REAL: 2 apuestas · 0G/2P · beneficio $-4.70
--
[2026-09-19 07:50:55 EDT] ==============================================================
[2026-09-19 07:50:55 EDT] PASADA COMPLETA (MENSUAL)  ·  MODO: REAL
[2026-09-19 07:50:55 EDT] 1/4 · Recogiendo tweets de @elonmusk…
[2026-09-19 07:50:57 EDT]       · xtracker: 12474 items
[2026-09-19 07:50:58 EDT]       · twitterapi: ERROR HTTP Error 402: Payment Required
[2026-09-19 07:50:58 EDT]       · jina-tw: ERROR jina en pausa (descanso tras fallos)
[2026-09-19 07:50:58 EDT]       · jina-x: ERROR jina en pausa (descanso tras fallos)
  nitter nitter.tiekoetter.com: sin items
  nitter xcancel.com: sin items
  nitter nitter.poast.org: curl falló (56): 
  nitter nitter.privacyredirect.com: sin items
  nitter lightbrd.com: sin items
  nitter nitter.space: sin items
  nitter nitter.tiekoetter.com: sin items
  nitter xcancel.com: sin items
  nitter nitter.poast.org: curl falló (56): 
  nitter nitter.privacyredirect.com: sin items
  nitter lightbrd.com: sin items
  nitter nitter.space: sin items
[2026-09-19 07:51:39 EDT]       · nitter: sin items
[2026-09-19 07:51:39 EDT]       · tweets únicos: 12866 (reposts 391) · CSV: 325 días (nuevos/mejorados: 0)
[2026-09-19 07:51:39 EDT] 2/4 · Actualizando mercados de Polymarket…

== ¿CSV del mensual actualizado? ==
2026-09-14,28
2026-09-15,39
2026-09-16,20
2026-09-17,25
2026-09-18,31

== ¿Cooldown mensual actualizado? ==
{
 "casi_Elon Musk # tweets in August 2026?": 1788223378.5287044,
 "error_general": 1789814994.0612895
}