=== Chequeo 2026-09-09 20:06:22 UTC ===
Pos: restante=0.0  bankroll=$20  dry_run=1

-- jina scrap --
CONTAJE 129
PCT_120-139 1
PCT_140-159 5.3
PCT_160-179 41
PCT_180-199 42
PCT_200-219 11

-- CLOB --


P_USAR = 0.01

DECISION: VENDER_MITAD 0.0 YES (count=129 >=120)
TRIGGER: count_ge_120

{
  "shares_yes": 0,
  "precio_entrada": 0,
  "vendido_yes": 0.0,
  "shares_no_cubierta": 0,
  "ultima_accion": "VENDER_MITAD 0.0 YES (count=129 >=120) [TRIGGER: count_ge_120]",
  "triggers_disparados": [
    "count_ge_120"
  ],
  "nota": "reset por user (posicion 120-139 ya cerrada manualmente)"
}