=== ACTUALIZADOR v10.6 HASH FIJO - Tue Sep  8 08:37:17 PM UTC 2026 ===
HASH: f21c4627

=== Paso 1: Detener bot ===

=== Paso 2: Descargar v10.6 (HASH FIJO) ===
URL: https://raw.githubusercontent.com/lamegawi/bots-backup/f21c4627/scripts_despliegue/poly_combos_bot.py
Descargado: 144528 bytes

=== Paso 3: Verificar version ===
POLY COMBOS BOT v12.3 — COMBOS REALES (parlays multi-leg) via RFQ

=== Paso 4: Reiniciar bot ===
● poly-combos-bot.service - Poly Combos Bot (Telegram copy-trading)
     Loaded: loaded (/etc/systemd/system/poly-combos-bot.service; enabled; preset: enabled)
     Active: active (running) since Tue 2026-09-08 20:37:20 UTC; 5s ago
   Main PID: 1212692 (python3)
      Tasks: 2 (limit: 4538)
     Memory: 19.6M (peak: 19.9M)
        CPU: 212ms
     CGroup: /system.slice/poly-combos-bot.service
             └─1212692 /usr/bin/python3 -u /opt/polymarket/poly_combos_bot.py


=== Paso 5: Log ===
[20:35:25]   pagina 1: +50 mercados, 2 legs de deportes
[20:35:26]   pagina 2: +50 mercados, 5 legs de deportes
[20:35:26]   pagina 3: +50 mercados, 12 legs de deportes
[20:35:27]   pagina 4: +50 mercados, 44 legs de deportes
[20:35:27]   pagina 5: +50 mercados, 74 legs de deportes
[20:35:27]   tope diario alcanzado (8/6 ops)
[20:35:27]   sin combos viables esta pasada (eventos distintos, cuota, cooldown, tope)
[20:36:31] loop err: The read operation timed out
[20:37:20] intervalo AUTO restaurado: 30 min
[20:37:20] stake=AUTO · max ops/día=6 · prob AUTO ≥60%
[20:37:20]   horario restaurado: próxima pasada en 28 min
[20:37:20] v12.3 cargado · modo=AUTO · stake=AUTO $5-$10 (según cuota/ventaja) · max 6/día · prob ≥60%
[20:37:20] Proxy: http://100.83.57.99:8888
[20:37:20] Test proxy: 200
[20:37:20] v12.3 iniciado