=== ACTUALIZADOR v12.8 (💰 /reclamar + RPC vivos) - Fri Sep 11 05:47:22 PM UTC 2026 ===
HASH: 2187f7a1 · md5 esperado: 68c2347f8626f888920de16e4dc1e289

=== Paso 0: Copia de seguridad del estado ANTES de tocar nada ===
OK: /opt/polymarket/combos_estado.pre_v128_20260911_174722.json (116764 bytes)
   ANTES: 9 abiertas · 41 archivadas · PnL archivadas $-21.72
   archivadas: ✅23 ❌18 🔒manuales 0
   ganadas SIN cobro real registrado: 7

=== Paso 1: Descargar v12.8 a un .new y VALIDAR (el bot sigue corriendo) ===
URL: https://raw.githubusercontent.com/lamegawi/bots-backup/2187f7a1/scripts_despliegue/poly_combos_bot.py
Descargado: 187570 bytes
md5 descargado: 68c2347f8626f888920de16e4dc1e289
   OK md5 identico al del repo
   OK compila

=== Paso 2: Copia del fichero actual + parada del bot ===
backup del binario: poly_combos_bot.pre_v128_20260911_174722.py
instalado: 187570 bytes

=== Paso 3: Verificar version y funciones v12.8 (+ las de v12.6/12.7) ===
POLY COMBOS BOT v12.8 — COMBOS REALES (parlays multi-leg) via RFQ
   OK    def cmd_reclamar
   OK    def pendientes_reclamar
   OK    def preflight_redeem
   OK    def calldata_redeem
   OK    def reclamar_check
   OK    def _rpc_eth_call_ex
   OK    def _texto_reclamar
   OK    def _enlace_evento
   OK    PARLAY_REDEEM_ADAPTER
   OK    OPERADOR_REDEEM_4337
   OK    RECLAMO_PREFLIGHT_H
   OK    def reauditar_estado
   OK    def programar_auditoria_inicial
   OK    def cmd_reauditar
   OK    def verdad_real
   OK    def estado_leg
   OK    def cobros_wallet
   OK    def saldo_combo_token
   OK    PARLAY_ERC1155
   OK    AUDITORIA_CADA_H
   OK    NEXT_AUDITORIA_TS
   --- dispatch de /reclamar y del boton ---
3780:                        reclamar_check()      # v12.8: avisa de ganadas sin cobrar
3995:    if text.startswith("/reclamar"):     # v12.8
   --- RPC (fuera polygon-rpc.com, que da 401) ---
217:RPCS_POLYGON = ("https://polygon-bor-rpc.publicnode.com", "https://polygon.drpc.org",
218-                "https://1rpc.io/matic")
219-OUTCOME_NUESTRO = ("yes", "true", "up")   # caras que equivalen a "la nuestra"

=== Paso 4: Reiniciar bot ===
● poly-combos-bot.service - Poly Combos Bot (Telegram copy-trading)
     Loaded: loaded (/etc/systemd/system/poly-combos-bot.service; enabled; preset: enabled)
     Active: active (running) since Fri 2026-09-11 17:47:24 UTC; 8s ago
   Main PID: 1448972 (python3)
      Tasks: 2 (limit: 4538)
     Memory: 22.5M (peak: 23.3M)
        CPU: 228ms
     CGroup: /system.slice/poly-combos-bot.service
             └─1448972 /usr/bin/python3 -u /opt/polymarket/poly_combos_bot.py


=== Paso 5: Log (1ª auto-curación ~25s tras arrancar; 💰 si hay algo sin cobrar) ===
[17:36:46] stake=AUTO · max ops/día=10 · prob AUTO ≥65% · PIN ops fijo (4 cifras)
[17:36:46]   horario inicial: próxima pasada en 10 min
[17:36:46]   auto-curación: primera auditoría en 25s (después cada 4h)
[17:36:46] v12.7 cargado · modo=AUTO · stake=AUTO $5-$10 (según cuota/ventaja) · max 10/día · prob ≥65%
[17:36:46] Proxy: http://100.83.57.99:8888
[17:36:47] Test proxy: 200
[17:36:47] v12.7 iniciado
[17:37:13]   verdad: 26 cobros REDEEM>0 en la wallet
[17:37:17]   [auditoria:auto] APLICADA reabiertas=6 corregidas=16 confirmadas=25 manuales=0 nuevas=0 sin_datos=0 · PnL archivadas -276.68→-21.72
[17:45:27] loop err: The read operation timed out
[17:46:47] [AUTO] pasada (combos RFQ v11)
[17:46:48]   pagina 1: +50 mercados, 0 legs de deportes
[17:46:48]   pagina 2: +50 mercados, 0 legs de deportes
[17:46:49]   pagina 3: +50 mercados, 11 legs de deportes
[17:46:49]   pagina 4: +50 mercados, 44 legs de deportes
[17:46:49]   pagina 5: +50 mercados, 86 legs de deportes
[17:46:49] [COMBO] 2 legs · cuota est. 1.45 · stake $9.14 (AUTO)
[17:46:49]   · US Open ATP: Alexander Zverev vs Karen Khachanov (p=0.81 vol=$694k)
[17:46:49]   · Will FC Barcelona win on 2026-09-13? (p=0.85 vol=$116k)
[17:46:51]   RFQ: identidad lista (signer 0x8a22F798... maker 0xb0E11970...)
[17:46:52]   RFQ create -> 200 {"rfq_id":"rfq-1857c335cc765d3e58c1fd51","status":"AWAITING_REQUESTER_ACCEPTANCE","expires_at":1789148816970,"request":{"rfq_id":"rfq-1857c335cc765d3e58c1fd51",
[17:46:52]   quote: cuota=1.42 blended=0.702 shares=12.83 total=$9.14
[17:46:52]   stake AUTO 0: RFQ 1.42 sin ventaja vs legs (est 1.45) — NO se acepta ($0)
[17:46:52]   ❌ combo: stake_auto_0_sin_margen
[17:47:24] intervalo AUTO restaurado: 10 min
[17:47:24] stake=AUTO · max ops/día=10 · prob AUTO ≥65% · PIN ops fijo (4 cifras)
[17:47:24]   horario restaurado: próxima pasada en 9 min
[17:47:25]   auto-curación: primera auditoría en 25s (después cada 4h)
[17:47:25]   verdad: 26 cobros REDEEM>0 en la wallet
[17:47:25] v12.8 cargado · modo=AUTO · stake=AUTO $5-$10 (según cuota/ventaja) · max 10/día · prob ≥65%
[17:47:25] Proxy: http://100.83.57.99:8888
[17:47:26] Test proxy: 200
[17:47:26] v12.8 iniciado
[17:47:56]   [auditoria:auto] APLICADA reabiertas=0 corregidas=0 confirmadas=41 manuales=0 nuevas=0 sin_datos=0 · PnL archivadas -21.72→-21.72
[17:47:56]   💰 reclamar: 7 ganada(s) sin cobrar (~$47.58) → aviso

   --- lineas de auditoria / reclamos / RPC ---
[17:36:46]   auto-curación: primera auditoría en 25s (después cada 4h)
[17:37:13]   verdad: 26 cobros REDEEM>0 en la wallet
[17:37:17]   [auditoria:auto] APLICADA reabiertas=6 corregidas=16 confirmadas=25 manuales=0 nuevas=0 sin_datos=0 · PnL archivadas -276.68→-21.72
[17:47:25]   auto-curación: primera auditoría en 25s (después cada 4h)
[17:47:25]   verdad: 26 cobros REDEEM>0 en la wallet
[17:47:56]   [auditoria:auto] APLICADA reabiertas=0 corregidas=0 confirmadas=41 manuales=0 nuevas=0 sin_datos=0 · PnL archivadas -21.72→-21.72
[17:47:56]   💰 reclamar: 7 ganada(s) sin cobrar (~$47.58) → aviso

=== Paso 6: Estado tras el arranque ===
   AHORA: 9 abiertas · 41 archivadas · PnL archivadas $-21.72
   archivadas: ✅23 ❌18 🔒0
   ultima auditoria: 2026-09-11T17:47:56 · origen=auto reabiertas=0 corregidas=0 nuevas=0 · PnL -21.72→-21.72
   💰 reclamos avisados: 3 · $20.54
      19050634248853033960466610043143452603997725606460386002   $   6.54 · 2026-09-11T17:47
      11460268861606205469346463981882659070273198263625512477   $   7.87 · 2026-09-11T17:47
      80370409562412963867249987460380313704009350372576780084   $   6.13 · 2026-09-11T17:47

=== EN TELEGRAM ===
  /reclamar        → ganadas SIN cobrar: cuánto, cuándo, enlace y cómo cobrarlo
  /reclamar prueba → fuerza la prueba on-chain (sin usar la caché de 24h)
  💰 Reclamar      → botón nuevo en el teclado
  /status          → ahora muestra 🩺 auto-curación y 💰 sin cobrar
  /reauditar seco  → detalle de la re-auditoría sin modificar nada
