==========================================
ACTUALIZACION - Sat Sep  5 11:02:12 PM UTC 2026
==========================================
== Detener bot ==

== Borrar archivo antiguo ==

== Descargar nueva version ==
Branch: c727f2a1
raw: 31247 bytes
Tamano final: 31247 bytes

== Verificar sintaxis ==
OK
#!/usr/bin/env python3
# -*- coding: utf-8 -*-
"""

== Reiniciar servicio ==
● poly-combos-bot.service - Poly Combos Bot (Telegram copy-trading)
     Loaded: loaded (/etc/systemd/system/poly-combos-bot.service; enabled; preset: enabled)
     Active: active (running) since Sat 2026-09-05 23:02:15 UTC; 8s ago
   Main PID: 921820 (python3)
      Tasks: 2 (limit: 4538)
     Memory: 12.7M (peak: 13.2M)
        CPU: 153ms
     CGroup: /system.slice/poly-combos-bot.service
             └─921820 /usr/bin/python3 -u /opt/polymarket/poly_combos_bot.py

Sep 05 23:02:15 bot-poly systemd[1]: Started poly-combos-bot.service - Poly Combos Bot (Telegram copy-trading).

== Log reciente ==
[22:42:42]   pagina 5: +50 total, 0 deportes
[22:45:40] [AUTO] pasada
[22:45:41]   pagina 1: +50 total, 0 deportes
[22:45:41]   pagina 2: +50 total, 0 deportes
[22:45:42]   pagina 3: +50 total, 0 deportes
[22:45:42]   pagina 4: +50 total, 0 deportes
[22:45:43]   pagina 5: +50 total, 0 deportes
[22:49:48] v9 cargado · modo=AUTO · stake=$2.0
[22:49:48] Proxy: http://100.83.57.99:8888
[22:49:48] Test proxy: 200
[22:49:48] v9 iniciado
[22:51:01] [AUTO] pasada
[22:51:02]   combo-markets status None
[22:54:48] [AUTO] pasada
[22:54:49]   combo-markets status None
[22:58:28] [AUTO] pasada
[22:58:28]   combo-markets status None
[22:59:49] [AUTO] pasada
[22:59:49]   combo-markets status None
[23:00:07] [AUTO] pasada
[23:00:08]   combo-markets status None
[23:02:15] v9 cargado · modo=AUTO · stake=$2.0
[23:02:15] Proxy: http://100.83.57.99:8888
[23:02:16] Test proxy: 200
[23:02:16] v9 iniciado

==========================================
FIN - Sat Sep  5 11:02:23 PM UTC 2026
==========================================