=== ACTUALIZADOR v10.6 HASH FIJO - Wed Sep  9 04:21:14 PM UTC 2026 ===
HASH: ef9d7912

=== Paso 1: Detener bot ===

=== Paso 2: Descargar v10.6 (HASH FIJO) ===
URL: https://raw.githubusercontent.com/lamegawi/bots-backup/ef9d7912/scripts_despliegue/poly_combos_bot.py
Descargado: 145071 bytes

=== Paso 3: Verificar version ===
POLY COMBOS BOT v12.4 — COMBOS REALES (parlays multi-leg) via RFQ

=== Paso 4: Reiniciar bot ===
● poly-combos-bot.service - Poly Combos Bot (Telegram copy-trading)
     Loaded: loaded (/etc/systemd/system/poly-combos-bot.service; enabled; preset: enabled)
     Active: active (running) since Wed 2026-09-09 16:21:17 UTC; 5s ago
   Main PID: 1293951 (python3)
      Tasks: 2 (limit: 4538)
     Memory: 20.0M (peak: 20.3M)
        CPU: 242ms
     CGroup: /system.slice/poly-combos-bot.service
             └─1293951 /usr/bin/python3 -u /opt/polymarket/poly_combos_bot.py


=== Paso 5: Log ===
[16:13:40]   pagina 3: +50 mercados, 13 legs de deportes
[16:13:40]   pagina 4: +50 mercados, 55 legs de deportes
[16:13:40]   pagina 5: +50 mercados, 95 legs de deportes
[16:13:40]   tope diario alcanzado (10/10 ops)
[16:13:40]   sin combos viables esta pasada (eventos distintos, cuota, cooldown, tope)
[16:20:48] loop err: The read operation timed out
[16:21:17] intervalo AUTO restaurado: 10 min
[16:21:17] stake=AUTO · max ops/día=10 · prob AUTO ≥65% · PIN ops fijo (4 cifras)
[16:21:17]   horario restaurado: próxima pasada en 2 min
[16:21:17]   sync: 2 op(s) cerradas (0 ganadas, PnL $-18.37)
[16:21:17]   sync inicial: 2 op(s) cerradas (0 ganadas)
[16:21:17] v12.4 cargado · modo=AUTO · stake=AUTO $5-$10 (según cuota/ventaja) · max 10/día · prob ≥65%
[16:21:17] Proxy: http://100.83.57.99:8888
[16:21:18] Test proxy: 200
[16:21:18] v12.4 iniciado