=== ACTUALIZADOR v10.6 HASH FIJO - Tue Sep  8 07:40:38 PM UTC 2026 ===
HASH: 5cbb63c3

=== Paso 1: Detener bot ===

=== Paso 2: Descargar v10.6 (HASH FIJO) ===
URL: https://raw.githubusercontent.com/lamegawi/bots-backup/5cbb63c3/scripts_despliegue/poly_combos_bot.py
Descargado: 117778 bytes

=== Paso 3: Verificar version ===
POLY COMBOS BOT v12.2 — COMBOS REALES (parlays multi-leg) via RFQ

=== Paso 4: Reiniciar bot ===
● poly-combos-bot.service - Poly Combos Bot (Telegram copy-trading)
     Loaded: loaded (/etc/systemd/system/poly-combos-bot.service; enabled; preset: enabled)
     Active: active (running) since Tue 2026-09-08 19:40:40 UTC; 5s ago
   Main PID: 1208697 (python3)
      Tasks: 2 (limit: 4538)
     Memory: 18.0M (peak: 18.5M)
        CPU: 208ms
     CGroup: /system.slice/poly-combos-bot.service
             └─1208697 /usr/bin/python3 -u /opt/polymarket/poly_combos_bot.py


=== Paso 5: Log ===
[19:31:32]   pagina 3: +50 mercados, 12 legs de deportes
[19:31:32]   pagina 4: +50 mercados, 45 legs de deportes
[19:31:32]   pagina 5: +50 mercados, 82 legs de deportes
[19:32:22]   pagina 1: +50 mercados, 2 legs de deportes
[19:32:22]   pagina 2: +50 mercados, 3 legs de deportes
[19:32:22]   pagina 3: +50 mercados, 12 legs de deportes
[19:32:23]   pagina 4: +50 mercados, 45 legs de deportes
[19:32:23]   pagina 5: +50 mercados, 82 legs de deportes
[19:40:41] intervalo AUTO restaurado: 30 min
[19:40:41] stake=AUTO · max ops/día=6
[19:40:41]   horario restaurado: próxima pasada en 15 min
[19:40:41] v12.2 cargado · modo=AUTO · stake=AUTO $5-$10 (según cuota/ventaja) · max 6/día
[19:40:41] Proxy: http://100.83.57.99:8888
[19:40:42] Test proxy: 200
[19:40:42] v12.2 iniciado