=== ACTUALIZADOR v10.6 HASH FIJO - Mon Sep  7 04:36:46 PM UTC 2026 ===
HASH: c33deea

=== Paso 1: Detener bot ===

=== Paso 2: Descargar v10.6 (HASH FIJO) ===
URL: https://raw.githubusercontent.com/lamegawi/bots-backup/c33deea/scripts_despliegue/poly_combos_bot.py
Descargado: 36572 bytes

=== Paso 3: Verificar version ===
POLY COMBOS BOT v10.8 — Combos (parlays) en tiempo real
    # 2) Enviar la orden firmada via HTTP POST directo CON PROXY

=== Paso 4: Reiniciar bot ===
● poly-combos-bot.service - Poly Combos Bot (Telegram copy-trading)
     Loaded: loaded (/etc/systemd/system/poly-combos-bot.service; enabled; preset: enabled)
     Active: active (running) since Mon 2026-09-07 16:36:49 UTC; 5s ago
   Main PID: 1090046 (python3)
      Tasks: 2 (limit: 4538)
     Memory: 13.0M (peak: 13.3M)
        CPU: 185ms
     CGroup: /system.slice/poly-combos-bot.service
             └─1090046 /usr/bin/python3 -u /opt/polymarket/poly_combos_bot.py


=== Paso 5: Log ===
[16:36:01]   token real resuelto: 190506342488530339...
[16:36:01]   precio=0.435 cuota=2.30 stake=$5.0
[16:36:01]   · Creds derivadas automaticamente
[16:36:01]   orden firmada: SignedOrderV2(salt='660642602076', maker='0xb0E1197098E6d427c01720F1631cAD24CE740FA0', signer='0x8a22F798C20B0f542c38ABD
[16:36:01]   ERROR: http_error:Object of type SignedOrderV2 is not JSON serializable
[16:36:04] [TRADE] US Open WTA: Iga Swiatek vs Qinwen Zheng
[16:36:05]   token real resuelto: 309782431174759537...
[16:36:05]   precio=0.725 cuota=1.38 stake=$5.0
[16:36:05]   · Creds derivadas automaticamente
[16:36:05]   orden firmada: SignedOrderV2(salt='290423141133', maker='0xb0E1197098E6d427c01720F1631cAD24CE740FA0', signer='0x8a22F798C20B0f542c38ABD
[16:36:05]   ERROR: http_error:Object of type SignedOrderV2 is not JSON serializable
[16:36:49] v10.8 cargado · modo=AUTO · stake=$5.0
[16:36:49] Proxy: http://100.83.57.99:8888
[16:36:49] Test proxy: 200
[16:36:49] v10.8 iniciado