==========================================
ACTUALIZACION - Sat Sep  5 09:54:43 PM UTC 2026
==========================================
== Detener bot ==

== Borrar archivo antiguo ==

== Descargar nueva version ==
Branch: 0c29bdbe
raw: 40673 bytes
Tamano final: 40673 bytes

== Verificar sintaxis ==
OK
#!/usr/bin/env python3
# -*- coding: utf-8 -*-
"""

== Reiniciar servicio ==
● poly-combos-bot.service - Poly Combos Bot (Telegram copy-trading)
     Loaded: loaded (/etc/systemd/system/poly-combos-bot.service; enabled; preset: enabled)
     Active: active (running) since Sat 2026-09-05 21:54:45 UTC; 8s ago
   Main PID: 916561 (python3)
      Tasks: 2 (limit: 4538)
     Memory: 13.3M (peak: 13.6M)
        CPU: 161ms
     CGroup: /system.slice/poly-combos-bot.service
             └─916561 /usr/bin/python3 -u /opt/polymarket/poly_combos_bot.py

Sep 05 21:54:45 bot-poly systemd[1]: Started poly-combos-bot.service - Poly Combos Bot (Telegram copy-trading).

== Log reciente ==
[21:33:23]   precio actual=0.001 (cuota 2000.00)
[21:33:23]   SKIP: cuota 2000.0 fuera de rango [1.4-2.5]
[21:33:25] [SIMPLE] UFC Fight Night: Nora Cornolle vs. Klaudia Sygula 
[21:33:25]   token_id=75429697229412977320... side=YES
[21:33:26]   SKIP: no pude leer precio actual
[21:36:15] v6 cargado · modo=AUTO · stake=$2.0
[21:36:15] Proxy: http://100.83.57.99:8888
[21:36:16] Test proxy: 200
[21:36:16] Bot iniciado
[21:45:04] v6 cargado · modo=AUTO · stake=$2.0
[21:45:04] Proxy: http://100.83.57.99:8888
[21:45:05] Test proxy: 200
[21:45:05] Bot iniciado
[21:50:05] [AUTO] pasada
[21:50:06] [COMBO-DOBLE] Tennis cuota objetivo 3.5
[21:50:12] [SIMPLE] UFC Fight Night: Nora Cornolle vs. Klaudia Sygula 
[21:50:12]   SKIP: no encontre mercado (asset=75429697229412977320)
[21:50:14] [SIMPLE] UFC Fight Night: Nora Cornolle vs. Klaudia Sygula 
[21:50:15]   SKIP: no encontre mercado (asset=75429697229412977320)
[21:50:17] [SIMPLE] UFC Fight Night: Nora Cornolle vs. Klaudia Sygula 
[21:50:18]   SKIP: no encontre mercado (asset=75429697229412977320)
[21:54:45] v6 cargado · modo=AUTO · stake=$2.0
[21:54:45] Proxy: http://100.83.57.99:8888
[21:54:46] Test proxy: 200
[21:54:46] Bot iniciado

==========================================
FIN - Sat Sep  5 09:54:53 PM UTC 2026
==========================================