==========================================
ACTUALIZACION - Sat Sep  5 11:25:47 PM UTC 2026
==========================================
== Detener bot ==

== Borrar archivo antiguo ==

== Descargar nueva version ==
Branch: b86f19d4
raw: 32780 bytes
Tamano final: 32780 bytes

== Verificar sintaxis ==
OK
#!/usr/bin/env python3
# -*- coding: utf-8 -*-
"""

== Reiniciar servicio ==
● poly-combos-bot.service - Poly Combos Bot (Telegram copy-trading)
     Loaded: loaded (/etc/systemd/system/poly-combos-bot.service; enabled; preset: enabled)
     Active: active (running) since Sat 2026-09-05 23:25:50 UTC; 8s ago
   Main PID: 923847 (python3)
      Tasks: 2 (limit: 4538)
     Memory: 12.8M (peak: 13.2M)
        CPU: 183ms
     CGroup: /system.slice/poly-combos-bot.service
             └─923847 /usr/bin/python3 -u /opt/polymarket/poly_combos_bot.py

Sep 05 23:25:50 bot-poly systemd[1]: Started poly-combos-bot.service - Poly Combos Bot (Telegram copy-trading).

== Log reciente ==
[23:22:45]   SKIP: precio no disponible
[23:22:46] [TRADE] US Open ATP: Zizou Bergs vs Botic van de Zandschulp
[23:22:47]   SKIP: precio no disponible
[23:22:48] [TRADE] US Open ATP: Zizou Bergs vs Botic van de Zandschulp
[23:22:48]   SKIP: precio no disponible
[23:22:50] [TRADE] Will Columbus Crew win on 2026-09-05?
[23:22:50]   SKIP: precio no disponible
[23:22:51] [TRADE] Will Columbus Crew win on 2026-09-05?
[23:22:52]   SKIP: precio no disponible
[23:24:23] [AUTO] pasada
[23:24:23]   pagina 1: +50 mercados, 0 combos de deportes
[23:24:24]   pagina 2: +50 mercados, 1 combos de deportes
[23:24:24]   pagina 3: +50 mercados, 9 combos de deportes
[23:24:25]   pagina 4: +50 mercados, 49 combos de deportes
[23:24:25]   pagina 5: +50 mercados, 80 combos de deportes
[23:24:25] [TRADE] US Open ATP: Michael Zheng vs Arthur Gea
[23:24:26]   SKIP: precio no disponible
[23:24:29] [TRADE] US Open ATP: Zizou Bergs vs Botic van de Zandschulp
[23:24:29]   SKIP: precio no disponible
[23:24:32] [TRADE] Will Columbus Crew win on 2026-09-05?
[23:24:33]   SKIP: precio no disponible
[23:25:50] v10 cargado · modo=AUTO · stake=$2.0
[23:25:50] Proxy: http://100.83.57.99:8888
[23:25:50] Test proxy: 200
[23:25:50] v10 iniciado

==========================================
FIN - Sat Sep  5 11:25:58 PM UTC 2026
==========================================