==========================================
ACTUALIZACION - Sat Sep  5 10:05:46 PM UTC 2026
==========================================
== Detener bot ==

== Borrar archivo antiguo ==

== Descargar nueva version ==
Branch: 00bbf3b6
raw: 27575 bytes
Tamano final: 27575 bytes

== Verificar sintaxis ==
OK
#!/usr/bin/env python3
# -*- coding: utf-8 -*-
"""

== Reiniciar servicio ==
● poly-combos-bot.service - Poly Combos Bot (Telegram copy-trading)
     Loaded: loaded (/etc/systemd/system/poly-combos-bot.service; enabled; preset: enabled)
     Active: active (running) since Sat 2026-09-05 22:05:48 UTC; 8s ago
   Main PID: 917400 (python3)
      Tasks: 2 (limit: 4538)
     Memory: 12.5M (peak: 13.0M)
        CPU: 173ms
     CGroup: /system.slice/poly-combos-bot.service
             └─917400 /usr/bin/python3 -u /opt/polymarket/poly_combos_bot.py

Sep 05 22:05:48 bot-poly systemd[1]: Started poly-combos-bot.service - Poly Combos Bot (Telegram copy-trading).

== Log reciente ==
[21:33:26]   SKIP: no pude leer precio actual
[21:36:15] v6 cargado · modo=AUTO · stake=$2.0
[21:36:15] Proxy: http://100.83.57.99:8888
[21:36:16] Test proxy: 200
[21:36:16] Bot iniciado
[21:45:04] v6 cargado · modo=AUTO · stake=$2.0
[21:45:04] Proxy: http://100.83.57.99:8888
[21:45:05] Test proxy: 200
[21:45:05] Bot iniciado
[21:50:05] [AUTO] pasada
[21:50:06] [COMBO-DOBLE] Tennis cuota objetivo 3.5
[21:50:12] [SIMPLE] UFC Fight Night: Nora Cornolle vs. Klaudia Sygula 
[21:50:12]   SKIP: no encontre mercado (asset=75429697229412977320)
[21:50:14] [SIMPLE] UFC Fight Night: Nora Cornolle vs. Klaudia Sygula 
[21:50:15]   SKIP: no encontre mercado (asset=75429697229412977320)
[21:50:17] [SIMPLE] UFC Fight Night: Nora Cornolle vs. Klaudia Sygula 
[21:50:18]   SKIP: no encontre mercado (asset=75429697229412977320)
[21:54:45] v6 cargado · modo=AUTO · stake=$2.0
[21:54:45] Proxy: http://100.83.57.99:8888
[21:54:46] Test proxy: 200
[21:54:46] Bot iniciado
[22:05:48] v7 cargado · modo=AUTO · stake=$2.0
[22:05:48] Proxy: http://100.83.57.99:8888
[22:05:49] Test proxy: 200
[22:05:49] v7 iniciado

==========================================
FIN - Sat Sep  5 10:05:56 PM UTC 2026
==========================================