=== ACTUALIZADOR v10.6 HASH FIJO - Mon Sep  7 02:27:01 PM UTC 2026 ===
HASH: abe93c7e

=== Paso 1: Detener bot ===

=== Paso 2: Descargar v10.6 (HASH FIJO) ===
URL: https://raw.githubusercontent.com/lamegawi/bots-backup/abe93c7e/scripts_despliegue/poly_combos_bot.py
Descargado: 35811 bytes

=== Paso 3: Verificar version ===
POLY COMBOS BOT v10.6 — Combos (parlays) en tiempo real
    # 2) Enviar la orden firmada via HTTP POST directo CON PROXY

=== Paso 4: Reiniciar bot ===
● poly-combos-bot.service - Poly Combos Bot (Telegram copy-trading)
     Loaded: loaded (/etc/systemd/system/poly-combos-bot.service; enabled; preset: enabled)
     Active: active (running) since Mon 2026-09-07 14:27:03 UTC; 5s ago
   Main PID: 1081081 (python3)
      Tasks: 2 (limit: 4538)
     Memory: 13.0M (peak: 13.4M)
        CPU: 193ms
     CGroup: /system.slice/poly-combos-bot.service
             └─1081081 /usr/bin/python3 -u /opt/polymarket/poly_combos_bot.py


=== Paso 5: Log ===
[07:13:06] loop err: The read operation timed out
[08:06:46] loop err: The read operation timed out
[08:21:53] loop err: The read operation timed out
[09:38:55] loop err: The read operation timed out
[10:04:52] loop err: The read operation timed out
[11:00:09] loop err: The read operation timed out
[12:10:26] loop err: The read operation timed out
[13:02:06] loop err: The read operation timed out
[13:38:50] loop err: The read operation timed out
[13:44:07] loop err: The read operation timed out
[13:53:43] loop err: The read operation timed out
[14:27:04] v10.6 cargado · modo=AUTO · stake=$5.0
[14:27:04] Proxy: http://100.83.57.99:8888
[14:27:04] Test proxy: 200
[14:27:04] v10.6 iniciado