=== ACTUALIZADOR v10.6 HASH FIJO - Tue Sep  8 03:36:12 PM UTC 2026 ===
HASH: 6cd967cd

=== Paso 1: Detener bot ===

=== Paso 2: Descargar v10.6 (HASH FIJO) ===
URL: https://raw.githubusercontent.com/lamegawi/bots-backup/6cd967cd/scripts_despliegue/poly_combos_bot.py
Descargado: 80662 bytes

=== Paso 3: Verificar version ===
POLY COMBOS BOT v11.7 — COMBOS REALES (parlays multi-leg) via RFQ

=== Paso 4: Reiniciar bot ===
● poly-combos-bot.service - Poly Combos Bot (Telegram copy-trading)
     Loaded: loaded (/etc/systemd/system/poly-combos-bot.service; enabled; preset: enabled)
     Active: active (running) since Tue 2026-09-08 15:36:15 UTC; 5s ago
   Main PID: 1188478 (python3)
      Tasks: 2 (limit: 4538)
     Memory: 15.9M (peak: 16.2M)
        CPU: 230ms
     CGroup: /system.slice/poly-combos-bot.service
             └─1188478 /usr/bin/python3 -u /opt/polymarket/poly_combos_bot.py


=== Paso 5: Log ===
[15:26:33] v11.6 cargado · modo=AUTO · stake=$5.0
[15:26:33] Proxy: http://100.83.57.99:8888
[15:26:34] Test proxy: 200
[15:26:34] v11.6 iniciado
[15:26:52]   pagina 1: +50 mercados, 0 legs de deportes
[15:26:52]   pagina 2: +50 mercados, 1 legs de deportes
[15:26:52]   pagina 3: +50 mercados, 9 legs de deportes
[15:26:53]   pagina 4: +50 mercados, 52 legs de deportes
[15:26:53]   pagina 5: +50 mercados, 94 legs de deportes
[15:36:15] intervalo AUTO restaurado: 30 min
[15:36:15]   horario restaurado: próxima pasada en 11 min
[15:36:16] v11.7 cargado · modo=AUTO · stake=$5.0
[15:36:16] Proxy: http://100.83.57.99:8888
[15:36:16] Test proxy: 200
[15:36:16] v11.7 iniciado