=== VERIFICAR COOLDOWN · 20260918_210220 UTC ===

== Contenido del cooldown ==
{
 "error_general": 1789762227.450183,
 "casi_Elon Musk # tweets August 8 - August 10,": 1786356241.233011,
 "casi_Elon Musk # tweets August 13 - August 15": 1786787683.720911,
 "casi_Elon Musk # tweets August 15 - August 17": 1786856615.9866416,
 "casi_Elon Musk # tweets August 17 - August 19": 1787115600.5449479,
 "casi_Elon Musk # tweets August 20 - August 22": 1787263373.1766832,
 "casi_Elon Musk # tweets August 22 - August 24": 1787456483.9448962,
 "casi_Elon Musk # tweets August 24 - August 26": 1787594114.3788767,
 "casi_Elon Musk # tweets August 27 - August 29": 1787885578.6139889,
 "casi_Elon Musk # tweets August 29 - August 31": 1788176388.8254972,
 "casi_Elon Musk # tweets August 31 - September": 1788350216.745332,
 "casi_Elon Musk # tweets September 3 - Septemb": 1788529868.942558,
 "casi_Elon Musk # tweets September 5 - Septemb": 1788658701.3741605,
 "casi_Elon Musk # tweets September 10 - Septem": 1789083907.4162748
}
== Ver logs del bot con ERRORES en casi_senal ==

== ¿Hay más mercados 48h? (porque solo avisa de 48h) ==
  Elon Musk # tweets September 17 - September 19, 2026? (slug: elon-musk-of-tweets-september-17-september-19-2026)
  Elon Musk # tweets September 19 - September 21, 2026? (slug: elon-musk-of-tweets-september-19-september-21-2026)

== Configuración de la ventana (¿VENTANA=48h?) ==

== ¿Qué se ha enviado a Telegram últimamente? ==
