=== DEPLOY FIX AUTOMÁTICO — 20260910_192654 UTC ===

== 1. Borrando versiones cacheadas de scraper y bot ==
-rw-r--r-- 1 root root  6386 Aug 17 20:24 chequear_cuenta.py
-rw-r--r-- 1 root root  1316 Aug 26 20:30 compara_senal.py
-rw-r--r-- 1 root root  5865 Aug 17 20:24 construir_serie.py
-rw-r--r-- 1 root root  3021 Aug 17 20:24 diagnostico.py
-rw-r--r-- 1 root root 13000 Aug 17 20:24 excel_historial.py

== 2. Descargando scraper_tweets_pm.py (vía API contents) ==
  HEAD remoto: 
  0 bytes
  matches urllib: 0
  matches TWEET_COUNT: 0

== 3. Descargando bot.py (vía API contents) ==
  0 bytes
  matches TEST urllib (versión nueva): 0
  matches paso 0: 0

== 3b. Test directo del scraper (sin silent) para ver qué pasa ==

== 4. Reiniciando servicio poly-elon ==
● poly-elon.service - Bot Polymarket Elon 48h (v1)
     Loaded: loaded (/etc/systemd/system/poly-elon.service; enabled; preset: enabled)
     Active: activating (auto-restart) since Thu 2026-09-10 19:26:54 UTC; 2s ago
    Process: 1399550 ExecStart=/usr/bin/python3 bot.py --loop --intervalo 5 --excel --modo real (code=exited, status=0/SUCCESS)
   Main PID: 1399550 (code=exited, status=0/SUCCESS)
        CPU: 17ms

== 5. Esperando 90s para ver log del bot con el nuevo paso 0 ==
[2026-09-10 15:17:32 EDT]       · 6 mercados · 1 de 48 h abiertos → mercado_activo.json
[2026-09-10 15:17:32 EDT] 3/5 · Trading REAL…
[2026-09-10 15:17:32 EDT]       · Excel historial actualizado: Historial_Operaciones.xlsx (añadidas 0, total 4)
[2026-09-10 15:17:32 EDT] 4/5 · Estado:
[2026-09-10 15:17:32 EDT] Pasada completada en 27.2 s
[2026-09-10 15:17:32 EDT] Próxima pasada en 5 min…
[2026-09-10 15:19:55 EDT] 🤖 BOT DEFINITIVO arrancado (loop=True, intervalo=5 min, excel=True) · notificaciones: ntfy → elon-poly-gg1j0zp6 · telegram ✓
[2026-09-10 15:19:55 EDT] ==============================================================
[2026-09-10 15:19:55 EDT] PASADA COMPLETA  ·  MODO: REAL
[2026-09-10 15:19:55 EDT] 0/5 · Actualizando CSV con TWEET_COUNT de Polymarket (in-process)…
[2026-09-10 15:19:56 EDT]       · scraper no devolvió tweet_count (sigue con CSV previo)
[2026-09-10 15:19:56 EDT] 1/5 · Recogiendo tweets de @elonmusk…
[2026-09-10 15:19:56 EDT]       · jina-tw: ERROR jina en pausa (descanso tras fallos)
[2026-09-10 15:19:56 EDT]       · jina-x: ERROR jina en pausa (descanso tras fallos)
[2026-09-10 15:20:01 EDT]       · nitter: 20 items
[2026-09-10 15:20:01 EDT]       · tweets únicos: 737 (reposts 455) · CSV: 47 días (nuevos/mejorados: 0)
[2026-09-10 15:20:01 EDT] 2/5 · Actualizando mercados de Polymarket…
[2026-09-10 15:20:22 EDT]       · 6 mercados · 1 de 48 h abiertos → mercado_activo.json
[2026-09-10 15:20:22 EDT] 3/5 · Trading REAL…
[2026-09-10 15:20:23 EDT]       · Excel historial actualizado: Historial_Operaciones.xlsx (añadidas 0, total 4)
[2026-09-10 15:20:23 EDT] 4/5 · Estado:
[2026-09-10 15:20:23 EDT] Pasada completada en 27.6 s
[2026-09-10 15:20:23 EDT] Próxima pasada en 5 min…
[2026-09-10 15:22:55 EDT] 🤖 BOT DEFINITIVO arrancado (loop=True, intervalo=5 min, excel=True) · notificaciones: ntfy → elon-poly-gg1j0zp6 · telegram ✓
[2026-09-10 15:22:55 EDT] ==============================================================
[2026-09-10 15:22:55 EDT] PASADA COMPLETA  ·  MODO: REAL
[2026-09-10 15:22:55 EDT] 0/5 · Actualizando CSV con TWEET_COUNT de Polymarket (in-process)…
[2026-09-10 15:22:56 EDT]       · scraper no devolvió tweet_count (sigue con CSV previo)
[2026-09-10 15:22:56 EDT] 1/5 · Recogiendo tweets de @elonmusk…
[2026-09-10 15:22:56 EDT]       · jina-tw: ERROR jina en pausa (descanso tras fallos)
[2026-09-10 15:22:56 EDT]       · jina-x: ERROR jina en pausa (descanso tras fallos)
[2026-09-10 15:23:01 EDT]       · nitter: 20 items
[2026-09-10 15:23:01 EDT]       · tweets únicos: 737 (reposts 455) · CSV: 47 días (nuevos/mejorados: 0)
[2026-09-10 15:23:01 EDT] 2/5 · Actualizando mercados de Polymarket…
[2026-09-10 15:23:21 EDT]       · 6 mercados · 1 de 48 h abiertos → mercado_activo.json
[2026-09-10 15:23:21 EDT] 3/5 · Trading REAL…
[2026-09-10 15:23:21 EDT]       · Excel historial actualizado: Historial_Operaciones.xlsx (añadidas 0, total 4)
[2026-09-10 15:23:21 EDT] 4/5 · Estado:
[2026-09-10 15:23:21 EDT] Pasada completada en 26.7 s
[2026-09-10 15:23:21 EDT] Próxima pasada en 5 min…
