=== DIAG API AHORA - Sat Sep  5 10:42:06 PM UTC 2026 ===

Total recibidos: 200

=== Primeros 20 mercados (titulo) ===
1. Xi Jinping out before 2027?
2. Will Gavin Newsom win the 2028 Democratic presidential nomination?
3. Will Alexandria Ocasio-Cortez win the 2028 Democratic presidential nomination?
4. Will Pete Buttigieg win the 2028 Democratic presidential nomination?
5. Will Josh Shapiro win the 2028 Democratic presidential nomination?
6. Will Wes Moore win the 2028 Democratic presidential nomination?
7. Will Stephen A. Smith win the 2028 Democratic presidential nomination?
8. Will Kamala Harris win the 2028 Democratic presidential nomination?
9. Will Gretchen Whitmer win the 2028 Democratic presidential nomination?
10. Will Andy Beshear win the 2028 Democratic presidential nomination?
11. Will Jon Ossoff win the 2028 Democratic presidential nomination?
12. Will Mark Cuban win the 2028 Democratic presidential nomination?
13. Will J.B. Pritzker win the 2028 Democratic presidential nomination?
14. Will Raphael Warnock win the 2028 Democratic presidential nomination?
15. Will Cory Booker win the 2028 Democratic presidential nomination?
16. Will Tim Walz win the 2028 Democratic presidential nomination?
17. Will Michelle Obama win the 2028 Democratic presidential nomination?
18. Will Mark Kelly win the 2028 Democratic presidential nomination?
19. Will Rahm Emanuel win the 2028 Democratic presidential nomination?
20. Will Gina Raimondo win the 2028 Democratic presidential nomination?

=== Buscando keywords de deportes ===
  chelsea: 1 matches
    - Will Chelsea Clinton win the 2028 Democratic presidential nomination?