=== DIAG READONLY · 20260913_090854 UTC ===

== 1. Servicios poly-* ==
  poly-backup-cruzado.service                           loaded    inactive dead    Replica el backup de bot-poly a vm4
● poly-backup-github.service                            loaded    failed   failed  Backup semanal del código a GitHub
  poly-backup.service                                   loaded    inactive dead    Backup diario bot-poly
  poly-combos-bot.service                               loaded    active   running Poly Combos Bot (Telegram copy-trading)
  poly-elon-semanal.service                             loaded    active   running Bot Polymarket Elon SEMANAL (ventanas semanales, paralelo al 48h)
  poly-elon.service                                     loaded    active   running Bot Polymarket Elon 48h (v1)
  poly-fantasmas-trump.service                          loaded    inactive dead    Comprobación de posiciones fantasma de Trump (auto-reparación)
  poly-fantasmas-zelen.service                          loaded    inactive dead    Comprobación de posiciones fantasma de Zelenskyy (auto-reparación)
  poly-fantasmas.service                                loaded    inactive dead    Comprobación de posiciones fantasma de Polymarket (auto-reparación)
  poly-gestor.service                                   loaded    active   running Gestor de cierre anticipado de posiciones Polymarket
  poly-mensual.service                                  loaded    active   running Bot Polymarket Elon MENSUAL (v1)
  poly-mention-bot.service                              loaded    active   running Polymarket Mention Bot
  poly-overreaction-bot.service                         loaded    active   running Polymarket Overreaction Bot
  poly-salud-diario.service                             loaded    inactive dead    Informe de salud diario Polymarket (08:00 y 22:00 Madrid)
  poly-salud-trump.service                              loaded    inactive dead    Chequeo de salud Trump (bot-poly)
  poly-salud-zelen.service                              loaded    inactive dead    Chequeo de salud Zelenskyy (bot-poly)
  poly-salud.service                                    loaded    inactive dead    Chequeo de salud Polymarket (bot-poly)
  poly-telegram-trump.service                           loaded    active   running Bot Telegram de Polymarket Trump (con botones)
  poly-telegram-zelen.service                           loaded    active   running Bot Telegram de Polymarket Zelenskyy
  poly-telegram.service                                 loaded    active   running Bot Telegram de Polymarket (Elon_polymarket_bot)
  poly-test-diario-trump.service                        loaded    inactive dead    Test integral diario de Trump (detección y auto-reparación)
  poly-test-diario-zelen.service                        loaded    inactive dead    Test integral diario de Zelenskyy (detección y auto-reparación)
  poly-test-diario.service                              loaded    inactive dead    Test integral diario de Polymarket (detección y auto-reparación)
  poly-trump.service                                    loaded    active   running Bot Polymarket Trump Truth Social posts
  poly-zelenskyy.service                                loaded    active   running Bot Polymarket Zelenskyy SEMANAL

== 2. Estado de cada servicio ==
--- poly-elon ---
● poly-elon.service - Bot Polymarket Elon 48h (v1)
     Loaded: loaded (/etc/systemd/system/poly-elon.service; enabled; preset: enabled)
     Active: active (running) since Sun 2026-09-13 07:08:53 UTC; 2h 0min ago
   Main PID: 780 (python3)
      Tasks: 2 (limit: 4538)
     Memory: 50.1M (peak: 53.4M)
        CPU: 1min 25.223s
     CGroup: /system.slice/poly-elon.service

--- poly-elon-semanal ---
● poly-elon-semanal.service - Bot Polymarket Elon SEMANAL (ventanas semanales, paralelo al 48h)
     Loaded: loaded (/etc/systemd/system/poly-elon-semanal.service; enabled; preset: enabled)
     Active: active (running) since Sun 2026-09-13 07:08:53 UTC; 2h 0min ago
   Main PID: 779 (python3)
      Tasks: 1 (limit: 4538)
     Memory: 68.4M (peak: 72.7M)
        CPU: 30.158s
     CGroup: /system.slice/poly-elon-semanal.service

--- poly-semanal ---
Unit poly-semanal.service could not be found.

--- poly-mensual ---
● poly-mensual.service - Bot Polymarket Elon MENSUAL (v1)
     Loaded: loaded (/etc/systemd/system/poly-mensual.service; enabled; preset: enabled)
     Active: active (running) since Sun 2026-09-13 07:08:53 UTC; 2h 0min ago
   Main PID: 782 (python3)
      Tasks: 2 (limit: 4538)
     Memory: 32.0M (peak: 36.0M)
        CPU: 1min 21.078s
     CGroup: /system.slice/poly-mensual.service

--- poly-gestor ---
● poly-gestor.service - Gestor de cierre anticipado de posiciones Polymarket
     Loaded: loaded (/etc/systemd/system/poly-gestor.service; enabled; preset: enabled)
     Active: active (running) since Sun 2026-09-13 07:08:53 UTC; 2h 0min ago
   Main PID: 781 (python3)
      Tasks: 1 (limit: 4538)
     Memory: 10.2M (peak: 13.4M)
        CPU: 1.618s
     CGroup: /system.slice/poly-gestor.service

--- poly-telegram ---
● poly-telegram.service - Bot Telegram de Polymarket (Elon_polymarket_bot)
     Loaded: loaded (/etc/systemd/system/poly-telegram.service; enabled; preset: enabled)
     Active: active (running) since Sun 2026-09-13 07:08:54 UTC; 2h 0min ago
   Main PID: 787 (python3)
      Tasks: 1 (limit: 4538)
     Memory: 45.6M (peak: 48.6M)
        CPU: 2.273s
     CGroup: /system.slice/poly-telegram.service

--- poly-zelenskyy ---
● poly-zelenskyy.service - Bot Polymarket Zelenskyy SEMANAL
     Loaded: loaded (/etc/systemd/system/poly-zelenskyy.service; enabled; preset: enabled)
     Active: active (running) since Sun 2026-09-13 07:08:54 UTC; 2h 0min ago
   Main PID: 790 (python3)
      Tasks: 2 (limit: 4538)
     Memory: 37.7M (peak: 42.0M)
        CPU: 1min 27.767s
     CGroup: /system.slice/poly-zelenskyy.service

--- poly-trump ---
● poly-trump.service - Bot Polymarket Trump Truth Social posts
     Loaded: loaded (/etc/systemd/system/poly-trump.service; enabled; preset: enabled)
     Active: active (running) since Sun 2026-09-13 07:08:54 UTC; 2h 0min ago
   Main PID: 788 (python3)
      Tasks: 1 (limit: 4538)
     Memory: 70.2M (peak: 80.8M)
        CPU: 32.730s
     CGroup: /system.slice/poly-trump.service

--- poly-combos-bot ---
● poly-combos-bot.service - Poly Combos Bot (Telegram copy-trading)
     Loaded: loaded (/etc/systemd/system/poly-combos-bot.service; enabled; preset: enabled)
     Active: active (running) since Sun 2026-09-13 07:58:10 UTC; 1h 10min ago
   Main PID: 4544 (python3)
      Tasks: 2 (limit: 4538)
     Memory: 63.2M (peak: 63.7M)
        CPU: 4.180s
     CGroup: /system.slice/poly-combos-bot.service


== 3. Ultimos logs (5 lineas por servicio) ==
--- poly-elon ---
Sep 12 06:06:01 bot-poly systemd[1]: Stopping poly-elon.service - Bot Polymarket Elon 48h (v1)...
Sep 12 06:06:01 bot-poly systemd[1]: poly-elon.service: Deactivated successfully.
Sep 12 06:06:01 bot-poly systemd[1]: Stopped poly-elon.service - Bot Polymarket Elon 48h (v1).
Sep 12 06:06:01 bot-poly systemd[1]: Started poly-elon.service - Bot Polymarket Elon 48h (v1).
-- Boot f32c12163e2e4dfca752290cc1b50054 --
Sep 13 07:08:53 bot-poly systemd[1]: Started poly-elon.service - Bot Polymarket Elon 48h (v1).

--- poly-elon-semanal ---
Sep 13 08:57:26 bot-poly python3[779]:     raise PolyApiException(resp)
Sep 13 08:57:26 bot-poly python3[779]: py_clob_client.exceptions.PolyApiException: PolyApiException[status_code=400, error_message={'error': 'invalid order version, please use the latest clob-client'}]
Sep 13 08:57:26 bot-poly python3[779]: [2026-09-13 08:57:26] ════════════════════════════════════════════
Sep 13 08:57:26 bot-poly python3[779]: [2026-09-13 08:57:26] Pasada completada
Sep 13 08:57:26 bot-poly python3[779]: [2026-09-13 08:57:26] Próxima pasada en 15 min

--- poly-semanal ---
Sep 12 06:06:01 bot-poly systemd[1]: Started poly-semanal.service - Bot Polymarket Elon SEMANAL (v1).
Sep 12 07:08:58 bot-poly systemd[1]: poly-semanal.service: Deactivated successfully.
Sep 12 07:08:58 bot-poly systemd[1]: poly-semanal.service: Consumed 44.645s CPU time, 34.2M memory peak, 0B memory swap peak.
Sep 12 07:09:01 bot-poly systemd[1]: Stopped poly-semanal.service - Bot Polymarket Elon SEMANAL (v1).
Sep 12 07:09:01 bot-poly systemd[1]: poly-semanal.service: Consumed 44.645s CPU time, 34.2M memory peak, 0B memory swap peak.

--- poly-mensual ---
Sep 12 06:06:01 bot-poly systemd[1]: Stopping poly-mensual.service - Bot Polymarket Elon MENSUAL (v1)...
Sep 12 06:06:01 bot-poly systemd[1]: poly-mensual.service: Deactivated successfully.
Sep 12 06:06:01 bot-poly systemd[1]: Stopped poly-mensual.service - Bot Polymarket Elon MENSUAL (v1).
Sep 12 06:06:01 bot-poly systemd[1]: Started poly-mensual.service - Bot Polymarket Elon MENSUAL (v1).
-- Boot f32c12163e2e4dfca752290cc1b50054 --
Sep 13 07:08:53 bot-poly systemd[1]: Started poly-mensual.service - Bot Polymarket Elon MENSUAL (v1).

--- poly-trump ---
Sep 13 08:59:44 bot-poly python3[788]: 2026-09-12        1
Sep 13 08:59:44 bot-poly python3[788]: AVG7 = 23.43  V2 = 12  R = 0.256  ajuste = 0.628  λ48 = 29.4
Sep 13 08:59:44 bot-poly python3[788]: Días completos en CSV: 225
Sep 13 08:59:44 bot-poly python3[788]: [2026-09-13 04:59:44 EDT] Pasada completada en 20.9 s
Sep 13 08:59:44 bot-poly python3[788]: [2026-09-13 04:59:44 EDT] Próxima pasada en 15 min…

--- poly-combos-bot ---
Sep 13 07:58:10 bot-poly systemd[1]: Stopping poly-combos-bot.service - Poly Combos Bot (Telegram copy-trading)...
Sep 13 07:58:10 bot-poly systemd[1]: poly-combos-bot.service: Deactivated successfully.
Sep 13 07:58:10 bot-poly systemd[1]: Stopped poly-combos-bot.service - Poly Combos Bot (Telegram copy-trading).
Sep 13 07:58:10 bot-poly systemd[1]: poly-combos-bot.service: Consumed 3.536s CPU time, 63.2M memory peak, 0B memory swap peak.
Sep 13 07:58:10 bot-poly systemd[1]: Started poly-combos-bot.service - Poly Combos Bot (Telegram copy-trading).


== 4. poly-semanal (deep dive) ==
Unit poly-semanal.service could not be found.

Sep 09 17:58:59 bot-poly systemd[1]: Stopping poly-semanal.service - Bot Polymarket Elon SEMANAL (v1)...
Sep 09 17:58:59 bot-poly systemd[1]: poly-semanal.service: Deactivated successfully.
Sep 09 17:58:59 bot-poly systemd[1]: Stopped poly-semanal.service - Bot Polymarket Elon SEMANAL (v1).
Sep 09 17:58:59 bot-poly systemd[1]: poly-semanal.service: Consumed 2h 5min 775ms CPU time, 110.4M memory peak, 0B memory swap peak.
Sep 09 17:58:59 bot-poly systemd[1]: Started poly-semanal.service - Bot Polymarket Elon SEMANAL (v1).
Sep 12 06:05:49 bot-poly systemd[1]: Stopping poly-semanal.service - Bot Polymarket Elon SEMANAL (v1)...
Sep 12 06:05:49 bot-poly systemd[1]: poly-semanal.service: Deactivated successfully.
Sep 12 06:05:49 bot-poly systemd[1]: Stopped poly-semanal.service - Bot Polymarket Elon SEMANAL (v1).
Sep 12 06:05:49 bot-poly systemd[1]: poly-semanal.service: Consumed 30min 34.361s CPU time, 90.3M memory peak, 0B memory swap peak.
Sep 12 06:05:49 bot-poly systemd[1]: Started poly-semanal.service - Bot Polymarket Elon SEMANAL (v1).
Sep 12 06:06:01 bot-poly systemd[1]: Stopping poly-semanal.service - Bot Polymarket Elon SEMANAL (v1)...
Sep 12 06:06:01 bot-poly systemd[1]: poly-semanal.service: Deactivated successfully.
Sep 12 06:06:01 bot-poly systemd[1]: Stopped poly-semanal.service - Bot Polymarket Elon SEMANAL (v1).
Sep 12 06:06:01 bot-poly systemd[1]: Started poly-semanal.service - Bot Polymarket Elon SEMANAL (v1).
Sep 12 07:08:58 bot-poly systemd[1]: poly-semanal.service: Deactivated successfully.
Sep 12 07:08:58 bot-poly systemd[1]: poly-semanal.service: Consumed 44.645s CPU time, 34.2M memory peak, 0B memory swap peak.
Sep 12 07:09:01 bot-poly systemd[1]: Stopped poly-semanal.service - Bot Polymarket Elon SEMANAL (v1).
Sep 12 07:09:01 bot-poly systemd[1]: poly-semanal.service: Consumed 44.645s CPU time, 34.2M memory peak, 0B memory swap peak.

== 5. .service de poly-semanal ==
cat: /etc/systemd/system/poly-semanal.service: No such file or directory

== 6. procesos python ==
root         779       1  0 07:08 ?        00:00:02 /usr/bin/python3 bot_semanal.py --loop --intervalo 15 --modo real
root         780       1  0 07:08 ?        00:00:08 /usr/bin/python3 bot.py --loop --intervalo 5 --excel --modo real
root         782       1  0 07:08 ?        00:00:05 /usr/bin/python3 bot_mensual.py --loop --intervalo 5 --excel --modo real
root         787       1  0 07:08 ?        00:00:02 /usr/bin/python3 /opt/polymarket/poly_telegram_bot.py
root         788       1  0 07:08 ?        00:00:03 /usr/bin/python3 bot_semanal.py --loop --intervalo 15 --modo real
root         790       1  0 07:08 ?        00:00:06 /usr/bin/python3 bot_semanal.py --loop --intervalo 5 --excel --modo real
root        4544       1  0 07:58 ?        00:00:04 /usr/bin/python3 -u /opt/polymarket/poly_combos_bot.py

== 7. conectividad ==
[{"proxyWallet":"0xb0e1197098e6d427c01720f1631cad24ce740fa0","asset":"28118107828559248509430884261493332837907030216176223552954490669355867199308","conditionId":"0x820b3a333ffd38b980fdb4e30615e6706b38d8899b27e1cafbafe9d7a6663027","size":5060.847,"avgPrice":0.0011,"initialValue":5.8562,"grossInitialValue":6.148929,"entryFeesUsdc":0.292675,"currentValue":0,"cashPnl":-5.8562,"percentPnl":-99.999,"totalBought":35434.647,"realizedPnl":-35.5091,"percentRealizedPnl":-100,"curPrice":0,"redeemable":true,"mergeable":false,"title":"Will Elon Musk post 120-139 tweets from September 4 to September 11, 2026?","slug":"elon-musk-of-tweets-september-4-september-11-2026-120-139","icon":"https://polymarket-upload.s3.us-east-2.amazonaws.com/elon-musk-of-tweets-nov-22-29-apMPG21-pzx_.jpg","eventId":"945718","eventSlug":"elon-musk-of-tweets-september-4-september-11-2026","outcome":"Yes","outcomeIndex":0,"oppositeOutcome":"No","oppositeAsset":"57072453057886133302443465941593205738125643054312350882407106940005991689764","endDate":"2026-09-11","negativeRisk":true},{"proxyWallet":"0xb0e1197098e6d427c01720f1631cad24ce740fa0","asset":"54504445638949272971308090084197628218302500516768318685497689730751318257465","conditionId":"0x80a25985a630f2c67513387ac268371adeaf5b486667ac3e124da1a22b67ac65","size":806.3275,"avgPrice":0.0062,"initialValue":4.9999,"grossInitialValue":5.248385,"entryFeesUsdc":0.24844,"currentValue":0,"cashPnl":-4.9999,"percentPnl":-99.999,"totalBought":2454.4275,"realizedPnl":-11.0024,"percentRealizedPnl":-100,"curPrice":0,"redeemable":true,"mergeable":false,"title":"Will Elon Musk post 140-159 tweets from September 4 to September 11, 2026?","slug":"elon-musk-of-tweets-september-4-september-11-2026-140-159","icon":"https://polymarket-upload.s3.us-east-2.amazonaws.com/elon-musk-of-tweets-nov-22-29-apMPG21-pzx_.jpg","eventId":"945718","eventSlug":"elon-musk-of-tweets-september-4-september-11-2026","outcome":"Yes","outcomeIndex":0,"oppositeOutcome":"No","oppositeAsset":"30293689793348713333488850672179322183442429605446364118988034876462971123374","endDate":"2026-09-11","negativeRisk":true},{"proxyWallet":"0xb0e1197098e6d427c01720f1631cad24ce740fa0","asset":"44340846524235712899508083510503343345123518718867913608211694999290628967401","conditionId":"0x054725b2a7971376f7924a7021221b12acc50fe78d97817824fe411704d5b5a2","size":36.2108,"avgPrice":0.0828,"initialValue":2.9999,"grossInitialValue":3.11004,"entryFeesUsdc":0.11005,"currentValue":0.0543,"cashPnl":-2.9456,"percentPnl":-98.1869,"totalBought":36.2108,"realizedPnl":0,"percentRealizedPnl":-98.1899,"curPrice":0.0015,"redeemable":false,"mergeable":false,"title":"Will Romeu Zema win the 2026 Brazilian presidential election?","slug":"will-romeu-zema-win-the-2026-brazilian-presidential-election","icon":"https://polymarket-upload.s3.us-east-2.amazonaws.com/will-romeu-zema-win-the-2026-brazilian-presidential-election-THlJ5kdmq5Ia.jpg","eventId":"45915","eventSlug":"brazil-presidential-election","outcome":"Yes","outcomeIndex":0,"oppositeOutcome":"No","oppositeAsset":"38633448065261608755072088507033278254893488240734399014852176650195563610767","endDate":"2026-10-04","negativeRisk":true},{"proxyWallet":"0xb0e1197098e6d427c01720f1631cad24ce740fa0","asset":"12444514048256038044644176957084600013332373068459077443889608121522357924221","conditionId":"0x53acdb09be9eebc06a1d974942c7a79584674531621e899591ea3092d5b4ecde","size":33.6666,"avgPrice":0.1485,"initialValue":4.9999,"grossInitialValue":5.212845,"entryFeesUsdc":0.21287,"currentValue":0,"cashPnl":-4.9999,"percentPnl":-99.9984,"totalBought":33.6666,"realizedPnl":-0.2129,"percentRealizedPnl":-100,"curPrice":0,"redeemable":true,"mergeable":false,"title":"Will Elon Musk post 180-199 tweets from May 19 to May 26, 2026?","slug":"arch-elon-musk-of-tweets-may-19-may-26-180-199","icon":"https://polymarket-upload.s3.us-east-2.amazonaws.com/elon-musk-of-tweets-nov-22-29-apMPG21-pzx_.jpg","eventId":"490187","eventSlug":"arch-elon-musk-of-tweets-may-19-may-26","outcome":"Yes","outcomeIndex":0,"oppositeOutcome":"No","oppositeAsset":"41257670116176659772374071202631335817355071796412830718478177254077729382863","endDate":"2026-05-26","negativeRisk":true},{"proxyWallet":"0xb0e1197098e6d427c01720f1631cad24ce740fa0","asset":"113720862114632352333847178882960132371312442794208903922773457674077815308586","conditionId":"0xea6aa008508129edb1ab7f824adbebac52814ef22355d1c03cf0658cba8c382f","size":33.3333,"avgPrice":0.1499,"initialValue":4.9999,"grossInitialValue":5.212466,"entryFeesUsdc":0.21249,"currentValue":0,"cashPnl":-4.9999,"percentPnl":-99.9984,"totalBought":33.3333,"realizedPnl":-0.2125,"percentRealizedPnl":-100,"curPrice":0,"redeemable":true,"mergeable":false,"title":"Will Elon Musk post 180-199 tweets from May 12 to May 19, 2026?","slug":"elon-musk-of-tweets-may-12-may-19-180-199","icon":"https://polymarket-upload.s3.us-east-2.amazonaws.com/elon-musk-of-tweets-nov-22-29-apMPG21-pzx_.jpg","eventId":"465139","eventSlug":"elon-musk-of-tweets-may-12-may-19","outcome":"Yes","outcomeIndex":0,"oppositeOutcome":"No","oppositeAsset":"8850179029489391101542060907192267594279260343542568977568755989860942303648","endDate":"2026-05-19","negativeRisk":true},{"proxyWallet":"0xb0e1197098e6d427c01720f1631cad24ce740fa0","asset":"47820032210944631464436274961964850254436103854779565427322605813351860140223","conditionId":"0x001a0218bfff0320fd0e620e8078778f50396af3dbb72f524ab59170edb7157e","size":33.3333,"avgPrice":0.2999,"initialValue":9.9999,"grossInitialValue":10.349966,"entryFeesUsdc":0.34999,"currentValue":0,"cashPnl":-9.9999,"percentPnl":-99.9992,"totalBought":33.3333,"realizedPnl":-0.35,"percentRealizedPnl":-100,"curPrice":0,"redeemable":true,"mergeable":false,"title":"Will Elon Musk post 40-64 tweets from July 30 to August 1, 2026?","slug":"elon-musk-of-tweets-july-30-august-1-40-64","icon":"https://polymarket-upload.s3.us-east-2.amazonaws.com/elon-musk-of-tweets-nov-22-29-apMPG21-pzx_.jpg","eventId":"756836","eventSlug":"elon-musk-of-tweets-july-30-august-1","outcome":"Yes","outcomeIndex":0,"oppositeOutcome":"No","oppositeAsset":"26215169167323725234447873466620258449840062349428286431774545432496128277003","endDate":"2026-08-01","negativeRisk":true},{"proxyWallet":"0xb0e1197098e6d427c01720f1631cad24ce740fa0","asset":"98683189998874635422707554458905941038345742639071914312047377302802303576825","conditionId":"0x6f919fad1b6907909405cd61376636055639206f9b6e2cedaf7037be545e2f0b","size":33.3333,"avgPrice":0.1499,"initialValue":4.9999,"grossInitialValue":5.212466,"entryFeesUsdc":0.21249,"currentValue":0,"cashPnl":-4.9999,"percentPnl":-99.9984,"totalBought":33.3333,"realizedPnl":-0.2125,"percentRealizedPnl":-100,"curPrice":0,"redeemable":true,"mergeable":false,"title":"Will Elon Musk post 180-199 tweets from July 28 to August 4, 2026?","slug":"elon-musk-of-tweets-july-28-august-4-180-199","icon":"https://polymarket-upload.s3.us-east-2.amazonaws.com/elon-musk-of-tweets-nov-22-29-apMPG21-pzx_.jpg","eventId":"746270","eventSlug":"elon-musk-of-tweets-july-28-august-4","outcome":"Yes","outcomeIndex":0,"oppositeOutcome":"No","oppositeAsset":"72758167088438314800980284087683459169573952304101501282879710797860180706760","endDate":"2026-08-04","negativeRisk":true},{"proxyWallet":"0xb0e1197098e6d427c01720f1631cad24ce740fa0","asset":"1809343488825354744438205007978152140454472999892355994902850053381948218021","conditionId":"0x1ac391e5a813bb939a3679cc7ddf4ce0621018a47fa473fe17b4ab78cbb0e52b","size":31.25,"avgPrice":0.16,"initialValue":5,"grossInitialValue":5.21,"entryFeesUsdc":0.21,"currentValue":0,"cashPnl":-5,"percentPnl":-100,"totalBought":31.25,"realizedPnl":-0.21,"percentRealizedPnl":-100,"curPrice":0,"redeemable":true,"mergeable":false,"title":"Will Elon Musk post 200-219 tweets from July 31 to August 7, 2026?","slug":"elon-musk-of-tweets-july-31-august-7-200-219","icon":"https://polymarket-upload.s3.us-east-2.amazonaws.com/elon-musk-of-tweets-nov-22-29-apMPG21-pzx_.jpg","eventId":"759300","eventSlug":"elon-musk-of-tweets-july-31-august-7","outcome":"Yes","outcomeIndex":0,"oppositeOutcome":"No","oppositeAsset":"200151319696111844652491412631482014847337257056971003992808586181134014409","endDate":"2026-08-07","negativeRisk":true},{"proxyWallet":"0xb0e1197098e6d427c01720f1631cad24ce740fa0","asset":"69942610559563174718417239927158985386432616046886451498451400900796149461650","conditionId":"0xdea78af5d4964e9f2681c6c2c822ba10738b73e937e9ec58638e4d62d375d764","size":31.25,"avgPrice":0.16,"initialValue":5,"grossInitialValue":5.21,"entryFeesUsdc":0.21,"currentValue":0,"cashPnl":-5,"percentPnl":-100,"totalBought":31.25,"realizedPnl":-0.21,"percentRealizedPnl":-100,"curPrice":0,"redeemable":true,"mergeable":false,"title":"Will Elon Musk post 220-239 tweets from June 16 to June 23, 2026?","slug":"elon-musk-of-tweets-june-16-june-23-220-239","icon":"https://polymarket-upload.s3.us-east-2.amazonaws.com/elon-musk-of-tweets-nov-22-29-apMPG21-pzx_.jpg","eventId":"589435","eventSlug":"elon-musk-of-tweets-june-16-june-23","outcome":"Yes","outcomeIndex":0,"oppositeOutcome":"No","oppositeAsset":"2908381116600912424146436274193005466869744312390908032892793852770436591106","endDate":"2026-06-23","negativeRisk":true},{"proxyWallet":"0xb0e1197098e6d427c01720f1631cad24ce740fa0","asset":"103663139467888688394561887078086338882672036137707672179746180350412131075392","conditionId":"0x14254b180c068b88cfac4bfbf34de1265ba4b16fa376e16ce031419ff8e8227f","size":31.1818,"avgPrice":0.2199,"initialValue":6.8599,"grossInitialValue":7.127508,"entryFeesUsdc":0.26753,"currentValue":0,"cashPnl":-6.8599,"percentPnl":-99.9988,"totalBought":31.1818,"realizedPnl":-0.2676,"percentRealizedPnl":-100,"curPrice":0,"redeemable":true,"mergeable":false,"title":"Will Elon Musk post 40-64 tweets from July 2 to July 4, 2026?","slug":"elon-musk-of-tweets-july-2-july-4-40-64","icon":"https://polymarket-upload.s3.us-east-2.amazonaws.com/elon-musk-of-tweets-nov-22-29-apMPG21-pzx_.jpg","eventId":"648184","eventSlug":"elon-musk-of-tweets-july-2-july-4","outcome":"Yes","outcomeIndex":0,"oppositeOutcome":"No","oppositeAsset":"89242223549619717403053818551038780239705440893398686024152933789043110082481","endDate":"2026-07-04","negativeRisk":true},{"proxyWallet":"0xb0e1197098e6d427c01720f1631cad24ce740fa0","asset":"34722410608062854697106861099776685947172185964394483545370684749662285977831","conditionId":"0x16c63b7cc37f012b9f59ee164ec03877914c701d06d48291ae8d6fc08a088b0d","size":30.6122,"avgPrice":0.4899,"initialValue":14.9999,"grossInitialValue":15.305968,"entryFeesUsdc":0.30599,"currentValue":15.153,"cashPnl":0.153,"percentPnl":1.02,"totalBought":30.6122,"realizedPnl":0,"percentRealizedPnl":1.0201,"curPrice":0.495,"redeemable":false,"mergeable":false,"title":"2026 Balance of Power: D Senate, D House","slug":"2026-balance-of-power-d-senate-d-house-949","icon":"https://polymarket-upload.s3.us-east-2.amazonaws.com/balance-of-power-2024-election-r-Fp-y4ONJBS.jpg","eventId":"32228","eventSlug":"balance-of-power-2026-midterms","outcome":"Yes","outcomeIndex":0,"oppositeOutcome":"No","oppositeAsset":"24483563228660028121020430722896740519524131851526579619586176931221901842798","endDate":"2026-11-03","negativeRisk":true},{"proxyWallet":"0xb0e1197098e6d427c01720f1631cad24ce740fa0","asset":"22167580937475533772771288564985148693898064419599427359627590047064220331633","conditionId":"0x60c205780b5386974712c4ba51934dac49f83879ac6155e792a82ef7b704b350","size":30.303,"avgPrice":0.1649,"initialValue":4.9999,"grossInitialValue":5.208727,"entryFeesUsdc":0.20874,"currentValue":0,"cashPnl":-4.9999,"percentPnl":-99.9982,"totalBought":30.303,"realizedPnl":-0.2088,"percentRealizedPnl":-100,"curPrice":0,"redeemable":true,"mergeable":false,"title":"Will Elon Musk post 280-299 tweets from July 24 to July 31, 2026?","slug":"elon-musk-of-tweets-july-24-july-31-280-299","icon":"https://polymarket-upload.s3.us-east-2.amazonaws.com/elon-musk-of-tweets-nov-22-29-apMPG21-pzx_.jpg","eventId":"727682","eventSlug":"elon-musk-of-tweets-july-24-july-31","outcome":"Yes","outcomeIndex":0,"oppositeOutcome":"No","oppositeAsset":"40133815410752351562324320707491099430355891337805968902163907874213079339339","endDate":"2026-07-31","negativeRisk":true},{"proxyWallet":"0xb0e1197098e6d427c01720f1631cad24ce740fa0","asset":"74069906016251304369189307909194389301514311639633461483319668603245762741644","conditionId":"0xc09bb59bf30fcc94071e900d90021ef36f594030a86b17ac5441721999feac30","size":30,"avgPrice":0.1,"initialValue":3,"grossInitialValue":3.135,"entryFeesUsdc":0.135,"currentValue":0,"cashPnl":-3,"percentPnl":-100,"totalBought":30,"realizedPnl":-0.135,"percentRealizedPnl":-100,"curPrice":0,"redeemable":true,"mergeable":false,"title":"Will Zelenskyy post 100-119 posts from September 1 to September 8, 2026?","slug":"zelenskyy-of-tweets-september-1-september-8-2026-100-119","icon":"https://polymarket-upload.s3.us-east-2.amazonaws.com/Zelenskyy-1a63f08667.jpg","eventId":"928966","eventSlug":"zelenskyy-of-tweets-september-1-september-8-2026","outcome":"Yes","outcomeIndex":0,"oppositeOutcome":"No","oppositeAsset":"6095931429117040263873800830331531312113081166766834997900502087888343798738","endDate":"2026-09-08","negativeRisk":true},{"proxyWallet":"0xb0e1197098e6d427c01720f1631cad24ce740fa0","asset":"103196645623776706792175768849525614242496571309375494973599048157743625542155","conditionId":"0x6622e5fc534109b78a3f2a833e1fd97c9e35ba35b8f5b0168f335921a121b0ad","size":29.4117,"avgPrice":0.0679,"initialValue":1.9999,"grossInitialValue":2.093176,"entryFeesUsdc":0.09319,"currentValue":0,"cashPnl":-1.9999,"percentPnl":-99.9956,"totalBought":29.4117,"realizedPnl":-0.0932,"percentRealizedPnl":-100,"curPrice":0,"redeemable":true,"mergeable":false,"title":"Will Elon Musk post 220-239 tweets from June 12 to June 19, 2026?","slug":"elon-musk-of-tweets-june-12-june-19-220-239","icon":"https://polymarket-upload.s3.us-east-2.amazonaws.com/elon-musk-of-tweets-nov-22-29-apMPG21-pzx_.jpg","eventId":"574934","eventSlug":"elon-musk-of-tweets-june-12-june-19","outcome":"Yes","outcomeIndex":0,"oppositeOutcome":"No","oppositeAsset":"66002193096232501066682781195582915481965068153063105314042952897300022102271","endDate":"2026-06-19","negativeRisk":true},{"proxyWallet":"0xb0e1197098e6d427c01720f1631cad24ce740fa0","asset":"10514056499835699511211672978721140896078314906370034674723453222720518473917","conditionId":"0xa547e27597ac4a46b1b8d40abc3351097850c4b831fd0744f519de21686f2043","size":29.4117,"avgPrice":0.1699,"initialValue":4.9999,"grossInitialValue":5.20747,"entryFeesUsdc":0.20749,"currentValue":0,"cashPnl":-4.9999,"percentPnl":-99.9983,"totalBought":29.4117,"realizedPnl":-0.2075,"percentRealizedPnl":-100,"curPrice":0,"redeemable":true,"mergeable":false,"title":"Will Elon Musk post 180-199 tweets from April 28 to May 5, 2026?","slug":"elon-musk-of-tweets-april-28-may-5-180-199","icon":"https://polymarket-upload.s3.us-east-2.amazonaws.com/elon-musk-of-tweets-nov-22-29-apMPG21-pzx_.jpg","eventId":"415391","eventSlug":"elon-musk-of-tweets-april-28-may-5","outcome":"Yes","outcomeIndex":0,"oppositeOutcome":"No","oppositeAsset":"62131931439293562410751241817110082009969477308729227889863870299097358629566","endDate":"2026-05-05","negativeRisk":true},{"proxyWallet":"0xb0e1197098e6d427c01720f1631cad24ce740fa0","asset":"44501326568798715351164821717574028529147215367904767203318213815919271417893","conditionId":"0x4fb6824612bcde2b81f7ba1d98ff6fdeda35c20abf9473aba6fa18ee5f3a27bd","size":27.7777,"avgPrice":0.1799,"initialValue":4.9999,"grossInitialValue":5.204971,"entryFeesUsdc":0.20499,"currentValue":0,"cashPnl":-4.9999,"percentPnl":-99.9983,"totalBought":27.7777,"realizedPnl":-0.205,"percentRealizedPnl":-100,"curPrice":0,"redeemable":true,"mergeable":false,"title":"Will Elon Musk post 120-139 tweets from May 12 to May 19, 2026?","slug":"elon-musk-of-tweets-may-12-may-19-120-139","icon":"https://polymarket-upload.s3.us-east-2.amazonaws.com/elon-musk-of-tweets-nov-22-29-apMPG21-pzx_.jpg","eventId":"465139","eventSlug":"elon-musk-of-tweets-may-12-may-19","outcome":"Yes","outcomeIndex":0,"oppositeOutcome":"No","oppositeAsset":"37099618752928620005429658316066397618899376724289812380833072046366042146010","endDate":"2026-05-19","negativeRisk":true},{"proxyWallet":"0xb0e1197098e6d427c01720f1631cad24ce740fa0","asset":"70091137925865316384835856691538206349529130907106824964644903006047067942813","conditionId":"0xc9f219a03f869a05d6329b7c38b0372fe93dda4308b29f76478fce7d44a1c32a","size":27.0517,"avgPrice":0.3696,"initialValue":9.9999,"grossInitialValue":10.315158,"entryFeesUsdc":0.31516,"currentValue":0,"cashPnl":-9.9999,"percentPnl":-99.999,"totalBought":27.0517,"realizedPnl":-0.3152,"percentRealizedPnl":-100,"curPrice":0,"redeemable":true,"mergeable":false,"title":"Will Elon Musk post 100-119 tweets from May 8 to May 15, 2026?","slug":"elon-musk-of-tweets-may-8-may-15-100-119","icon":"https://polymarket-upload.s3.us-east-2.amazonaws.com/elon-musk-of-tweets-nov-22-29-apMPG21-pzx_.jpg","eventId":"450140","eventSlug":"elon-musk-of-tweets-may-8-may-15","outcome":"Yes","outcomeIndex":0,"oppositeOutcome":"No","oppositeAsset":"64497951991914880211975952060388782531642759324877922345815758665082418004678","endDate":"2026-05-15","negativeRisk":true},{"proxyWallet":"0xb0e1197098e6d427c01720f1631cad24ce740fa0","asset":"102858196064810282944562678864422504173688662489963199225562121508608906226317","conditionId":"0x7f69b98e53adb40c565c572a06f8e7e2c42c7e69f8de8e8e4c0b31e4e10728a5","size":26.3157,"avgPrice":0.1899,"initialValue":4.9999,"grossInitialValue":5.202473,"entryFeesUsdc":0.20249,"currentValue":0,"cashPnl":-4.9999,"percentPnl":-99.9983,"totalBought":26.3157,"realizedPnl":-0.2025,"percentRealizedPnl":-100,"curPrice":0,"redeemable":true,"mergeable":false,"title":"Will Elon Musk post 180-199 tweets from July 17 to July 24, 2026?","slug":"elon-musk-of-tweets-july-17-july-24-180-199","icon":"https://polymarket-upload.s3.us-east-2.amazonaws.com/elon-musk-of-tweets-nov-22-29-apMPG21-pzx_.jpg","eventId":"701422","eventSlug":"elon-musk-of-tweets-july-17-july-24","outcome":"Yes","outcomeIndex":0,"oppositeOutcome":"No","oppositeAsset":"96989365059915055220628858694463269117463064285403934513690952798918121732882","endDate":"2026-07-24","negativeRisk":true},{"proxyWallet":"0xb0e1197098e6d427c01720f1631cad24ce740fa0","asset":"33434553646433873066691190813166713385472132781052531982775029257732345265276","conditionId":"0xfd08056dee526375e4a4ec411cd1dc0026ca76413a7ee135a658b6a8e8f219b9","size":26.3157,"avgPrice":0.1899,"initialValue":4.9999,"grossInitialValue":5.202473,"entryFeesUsdc":0.20249,"currentValue":0,"cashPnl":-4.9999,"percentPnl":-99.9983,"totalBought":26.3157,"realizedPnl":-0.2025,"percentRealizedPnl":-100,"curPrice":0,"redeemable":true,"mergeable":false,"title":"Will Elon Musk post 200-219 tweets from July 28 to August 4, 2026?","slug":"elon-musk-of-tweets-july-28-august-4-200-219","icon":"https://polymarket-upload.s3.us-east-2.amazonaws.com/elon-musk-of-tweets-nov-22-29-apMPG21-pzx_.jpg","eventId":"746270","eventSlug":"elon-musk-of-tweets-july-28-august-4","outcome":"Yes","outcomeIndex":0,"oppositeOutcome":"No","oppositeAsset":"46103123679387343066192044130672094825423988033900052155195007554483625193594","endDate":"2026-08-04","negativeRisk":true},{"proxyWallet":"0xb0e1197098e6d427c01720f1631cad24ce740fa0","asset":"62375489057674977296784409497710598134737718103762491378125459801457797740039","conditionId":"0xf89ee0dca86a18fe09848724ea7e7a44ceda922e0d15fc1b05ec7c8f5a9e0333","size":26.3157,"avgPrice":0.3799,"initialValue":9.9999,"grossInitialValue":10.309973,"entryFeesUsdc":0.30999,"currentValue":0,"cashPnl":-9.9999,"percentPnl":-99.9991,"totalBought":26.3157,"realizedPnl":-0.31,"percentRealizedPnl":-100,"curPrice":0,"redeemable":true,"mergeable":false,"title":"Will Elon Musk post 65-89 tweets from June 18 to June 20, 2026?","slug":"elon-musk-of-tweets-june-18-june-20-65-89","icon":"https://polymarket-upload.s3.us-east-2.amazonaws.com/elon-musk-of-tweets-nov-22-29-apMPG21-pzx_.jpg","eventId":"597985","eventSlug":"elon-musk-of-tweets-june-18-june-20","outcome":"Yes","outcomeIndex":0,"oppositeOutcome":"No","oppositeAsset":"47191108465218413561634735345831309204594341915213024264317460866480565579787","endDate":"2026-06-20","negativeRisk":true},{"proxyWallet":"0xb0e1197098e6d427c01720f1631cad24ce740fa0","asset":"93248266673673344552771074662554550503281683432164403880195426862671022024373","conditionId":"0xe5ff3dbf03cd1adbe6bc1fa894f65fe8a3762ace994a21b02ef0fdbc78369725","size":25.4328,"avgPrice":0.1965,"initialValue":4.9999,"grossInitialValue":5.200837,"entryFeesUsdc":0.20085,"currentValue":0,"cashPnl":-4.9999,"percentPnl":-99.9982,"totalBought":25.4328,"realizedPnl":-0.2009,"percentRealizedPnl":-100,"curPrice":0,"redeemable":true,"mergeable":false,"title":"Will Elon Musk post 40-64 tweets from July 27 to July 29, 2026?","slug":"elon-musk-of-tweets-july-27-july-29-40-64","icon":"https://polymarket-upload.s3.us-east-2.amazonaws.com/elon-musk-of-tweets-nov-22-29-apMPG21-pzx_.jpg","eventId":"748763","eventSlug":"elon-musk-of-tweets-july-27-july-29","outcome":"Yes","outcomeIndex":0,"oppositeOutcome":"No","oppositeAsset":"77623623190119757765539211808545935370383843994704644618510738939690921588886","endDate":"2026-07-29","negativeRisk":true},{"proxyWallet":"0xb0e1197098e6d427c01720f1631cad24ce740fa0","asset":"77314291076024166491641475104062177731599570070717656311080348889574248216506","conditionId":"0xa405b92b5e4d1d436333cebc727b12daa2f8009ef43c7b953309c2da9d649c38","size":25,"avgPrice":0.2,"initialValue":5,"grossInitialValue":5.2,"entryFeesUsdc":0.2,"currentValue":0,"cashPnl":-5,"percentPnl":-100,"totalBought":25,"realizedPnl":-0.2,"percentRealizedPnl":-100,"curPrice":0,"redeemable":true,"mergeable":false,"title":"Will Elon Musk post 40-64 tweets from June 15 to June 17, 2026?","slug":"elon-musk-of-tweets-june-15-june-17-40-64","icon":"https://polymarket-upload.s3.us-east-2.amazonaws.com/elon-musk-of-tweets-nov-22-29-apMPG21-pzx_.jpg","eventId":"591093","eventSlug":"elon-musk-of-tweets-june-15-june-17","outcome":"Yes","outcomeIndex":0,"oppositeOutcome":"No","oppositeAsset":"81061906768396440258115266145057076070870184373864447931044469912186797028854","endDate":"2026-06-17","negativeRisk":true},{"proxyWallet":"0xb0e1197098e6d427c01720f1631cad24ce740fa0","asset":"112971280196683367874809683245373472076803943266345692289236938092959262524848","conditionId":"0x8fbfeebe782648933f2e765f8a9a13c9602ca7cc4e8ce3d580244fcd67c8b94d","size":24.5121,"avgPrice":0.4079,"initialValue":9.9999,"grossInitialValue":10.296003,"entryFeesUsdc":0.29601,"currentValue":0,"cashPnl":-9.9999,"percentPnl":-99.999,"totalBought":24.5121,"realizedPnl":-0.2961,"percentRealizedPnl":-100,"curPrice":0,"redeemable":true,"mergeable":false,"title":"Aarhus GF vs. KKS Lech Poznań: O/U 2.5","slug":"ucl-agf-lep-2026-07-21-total-2pt5","icon":"https://polymarket-upload.s3.us-east-2.amazonaws.com/champions-league-pic-QIUFsL8vaDdq.png","eventId":"710984","eventSlug":"ucl-agf-lep-2026-07-21-more-markets","outcome":"Under","outcomeIndex":1,"oppositeOutcome":"Over","oppositeAsset":"8279220914103019300617554594424067405348437506483538899328229667193013093866","endDate":"2026-07-21","negativeRisk":false},{"proxyWallet":"0xb0e1197098e6d427c01720f1631cad24ce740fa0","asset":"104444058434848869898317406393341604069757201542702298158378049362250329346369","conditionId":"0x50fa6851db507ce72483271f641b5b2b5700ba38e3d61ff6ba025a60c89b07e0","size":23.2018,"avgPrice":0.4309,"initialValue":9.9999,"grossInitialValue":10.284477,"entryFeesUsdc":0.28449,"currentValue":0,"cashPnl":-9.9999,"percentPnl":-99.9991,"totalBought":23.2018,"realizedPnl":-0.2845,"percentRealizedPnl":-100,"curPrice":0,"redeemable":true,"mergeable":false,"title":"Will Elon Musk post 120-139 tweets from May 5 to May 12, 2026?","slug":"elon-musk-of-tweets-may-5-may-12-120-139","icon":"https://polymarket-upload.s3.us-east-2.amazonaws.com/elon-musk-of-tweets-nov-22-29-apMPG21-pzx_.jpg","eventId":"439910","eventSlug":"elon-musk-of-tweets-may-5-may-12","outcome":"Yes","outcomeIndex":0,"oppositeOutcome":"No","oppositeAsset":"31553446445362248630388537320809688733826499455288640967709356169598990968021","endDate":"2026-05-12","negativeRisk":true},{"proxyWallet":"0xb0e1197098e6d427c01720f1631cad24ce740fa0","asset":"93607387939474912219147181037621867580245085004915125130052775770885632206514","conditionId":"0x1fd7744087c0d6b9c0942764fc63a189f9e6bda60dd2fc651c6a9bd5906a6458","size":22.7272,"avgPrice":0.2199,"initialValue":4.9999,"grossInitialValue":5.194976,"entryFeesUsdc":0.19499,"currentValue":0,"cashPnl":-4.9999,"percentPnl":-99.9982,"totalBought":22.7272,"realizedPnl":-0.195,"percentRealizedPnl":-100,"curPrice":0,"redeemable":true,"mergeable":false,"title":"Will the highest temperature in London be 23°C on May 1?","slug":"highest-temperature-in-london-on-may-1-2026-23c","icon":"https://polymarket-upload.s3.us-east-2.amazonaws.com/highest-temperature-in-london-on-jan-22-eouu0bkjph8i.jpg","eventId":"429697","eventSlug":"highest-temperature-in-london-on-may-1-2026","outcome":"Yes","outcomeIndex":0,"oppositeOutcome":"No","oppositeAsset":"76780690379468311086597457681593442082866428589903142004272246253557706771661","endDate":"2026-05-01","negativeRisk":true},{"proxyWallet":"0xb0e1197098e6d427c01720f1631cad24ce740fa0","asset":"74976180840696072480983582899429629842022564086587271073901045200870395489133","conditionId":"0x723553e20ad850459eb8c09c024dc97029775842354b53649cc9ab148cae4ddb","size":20.8333,"avgPrice":0.2399,"initialValue":4.9999,"grossInitialValue":5.189978,"entryFeesUsdc":0.18999,"currentValue":0,"cashPnl":-4.9999,"percentPnl":-99.9982,"totalBought":20.8333,"realizedPnl":-0.19,"percentRealizedPnl":-100,"curPrice":0,"redeemable":true,"mergeable":false,"title":"Will Elon Musk post 100-119 tweets from May 15 to May 22, 2026?","slug":"elon-musk-of-tweets-may-15-may-22-100-119","icon":"https://polymarket-upload.s3.us-east-2.amazonaws.com/elon-musk-of-tweets-nov-22-29-apMPG21-pzx_.jpg","eventId":"476064","eventSlug":"elon-musk-of-tweets-may-15-may-22","outcome":"Yes","outcomeIndex":0,"oppositeOutcome":"No","oppositeAsset":"42038266794317301961399481795860310390879028877748335857229391439597854777001","endDate":"2026-05-22","negativeRisk":true},{"proxyWallet":"0xb0e1197098e6d427c01720f1631cad24ce740fa0","asset":"13780147397713152295057581886128876904101974770903165050624556728213927568844","conditionId":"0xe6eda6d7f01af6d97588d836a2a34d67d2005de053bfa04662d19c33746a6964","size":18.3333,"avgPrice":0.1799,"initialValue":3.2999,"grossInitialValue":3.435281,"entryFeesUsdc":0.13529,"currentValue":0,"cashPnl":-3.2999,"percentPnl":-99.9972,"totalBought":18.3333,"realizedPnl":-0.1353,"percentRealizedPnl":-100,"curPrice":0,"redeemable":true,"mergeable":false,"title":"Will Elon Musk post 200-219 tweets from June 12 to June 19, 2026?","slug":"elon-musk-of-tweets-june-12-june-19-200-219","icon":"https://polymarket-upload.s3.us-east-2.amazonaws.com/elon-musk-of-tweets-nov-22-29-apMPG21-pzx_.jpg","eventId":"574934","eventSlug":"elon-musk-of-tweets-june-12-june-19","outcome":"Yes","outcomeIndex":0,"oppositeOutcome":"No","oppositeAsset":"59527075485812177139800211164881558198121541406238529864844292752474637183323","endDate":"2026-06-19","negativeRisk":true},{"proxyWallet":"0xb0e1197098e6d427c01720f1631cad24ce740fa0","asset":"22805318455128482793065637429282428429010754221232382807254288540526421709612","conditionId":"0x473783b11a78ba2acaa3efbe171e48f151a70bea17079eeedae90b837f9ce1f3","size":18.3333,"avgPrice":0.1799,"initialValue":3.2999,"grossInitialValue":3.435281,"entryFeesUsdc":0.13529,"currentValue":0,"cashPnl":-3.2999,"percentPnl":-99.9972,"totalBought":18.3333,"realizedPnl":-0.1353,"percentRealizedPnl":-100,"curPrice":0,"redeemable":true,"mergeable":false,"title":"Will Elon Musk post \u003c40 tweets from June 15 to June 17, 2026?","slug":"elon-musk-of-tweets-june-15-june-17-0-39","icon":"https://polymarket-upload.s3.us-east-2.amazonaws.com/elon-musk-of-tweets-nov-22-29-apMPG21-pzx_.jpg","eventId":"591093","eventSlug":"elon-musk-of-tweets-june-15-june-17","outcome":"Yes","outcomeIndex":0,"oppositeOutcome":"No","oppositeAsset":"48628789149086005452105402646951288129928956210954753796248818439643253793664","endDate":"2026-06-17","negativeRisk":true},{"proxyWallet":"0xb0e1197098e6d427c01720f1631cad24ce740fa0","asset":"36200638224973682994147204189011164268325230880529345999336333166319369378580","conditionId":"0x17ca1c933012f8c3a2fa2839fab9c5c5ca581671c2186f94df74d95c893168ee","size":17,"avgPrice":0.092,"initialValue":1.564,"grossInitialValue":1.564,"entryFeesUsdc":0,"currentValue":0,"cashPnl":-1.564,"percentPnl":-100,"totalBought":17,"realizedPnl":0,"percentRealizedPnl":-100,"curPrice":0,"redeemable":true,"mergeable":false,"title":"Will Zelenskyy post 140-159 posts from August 28 to September 4, 2026?","slug":"zelenskyy-of-tweets-august-28-september-4-2026-140-159","icon":"https://polymarket-upload.s3.us-east-2.amazonaws.com/Zelenskyy-1a63f08667.jpg","eventId":"907930","eventSlug":"zelenskyy-of-tweets-august-28-september-4-2026","outcome":"Yes","outcomeIndex":0,"oppositeOutcome":"No","oppositeAsset":"6229699522034128804187276958686181464704196898432725734999061493403374703767","endDate":"2026-09-04","negativeRisk":true},{"proxyWallet":"0xb0e1197098e6d427c01720f1631cad24ce740fa0","asset":"74686197707813039439230452310992623833119051707929666170678570387096482053076","conditionId":"0xb7299024535d27679bef5f29ce57e7576d20655ebada1e2c40539b60102f4a20","size":16.37,"avgPrice":0.6059,"initialValue":9.9191,"grossInitialValue":9.919188,"entryFeesUsdc":0,"currentValue":0,"cashPnl":-9.9191,"percentPnl":-99.9991,"totalBought":16.37,"realizedPnl":0,"percentRealizedPnl":-100,"curPrice":0,"redeemable":true,"mergeable":false,"title":"US Open ATP: Francisco Cerundolo vs Alexander Blockx","slug":"atp-cerundo-blockx-2026-09-06","icon":"https://polymarket-upload.s3.us-east-2.amazonaws.com/atp-tour-b4390c4fb8.jpg","eventId":"972716","eventSlug":"atp-cerundo-blockx-2026-09-06","outcome":"Francisco Cerundolo","outcomeIndex":0,"oppositeOutcome":"Alexander Blockx","oppositeAsset":"20488508459243077453342742435120441784986906546179775131045208235418374945659","endDate":"2026-09-13","negativeRisk":false},{"proxyWallet":"0xb0e1197098e6d427c01720f1631cad24ce740fa0","asset":"5773844645584965470972524022010699106178185952131207760852529475000830684029","conditionId":"0xf7e8178ca9cc1ffe202ac6c9444cf71f11a16f8b50cb0dcf591a6ab675d7383d","size":12.1951,"avgPrice":0.4099,"initialValue":4.9999,"grossInitialValue":5.147486,"entryFeesUsdc":0.14749,"currentValue":0,"cashPnl":-4.9999,"percentPnl":-99.998,"totalBought":12.1951,"realizedPnl":-0.1475,"percentRealizedPnl":-100,"curPrice":0,"redeemable":true,"mergeable":false,"title":"Spread: Fenerbahçe SK (-2.5)","slug":"ucl-fen-gor-2026-07-21-spread-home-2pt5","icon":"https://polymarket-upload.s3.us-east-2.amazonaws.com/champions-league-pic-QIUFsL8vaDdq.png","eventId":"710983","eventSlug":"ucl-fen-gor-2026-07-21-more-markets","outcome":"Fenerbahçe SK","outcomeIndex":0,"oppositeOutcome":"Górnik Zabrze","oppositeAsset":"8847524725401975091054816134753056837502016583021893265688552721753749548897","endDate":"2026-07-21","negativeRisk":false},{"proxyWallet":"0xb0e1197098e6d427c01720f1631cad24ce740fa0","asset":"70748358739055600368462837643401395138732476881815857988466800539681966290724","conditionId":"0x11602c3e49309dc1db6990df88cf31eddf034a44df2a0303ffb3188b94ce553e","size":11.76,"avgPrice":0.42,"initialValue":4.9392,"grossInitialValue":4.9392,"entryFeesUsdc":0,"currentValue":0,"cashPnl":-4.9392,"percentPnl":-100,"totalBought":11.76,"realizedPnl":0,"percentRealizedPnl":-100,"curPrice":0,"redeemable":true,"mergeable":false,"title":"US Open ATP: Arthur Gea vs Botic van de Zandschulp","slug":"atp-gea-zandsch-2026-09-07","icon":"https://polymarket-upload.s3.us-east-2.amazonaws.com/atp-tour-b4390c4fb8.jpg","eventId":"974082","eventSlug":"atp-gea-zandsch-2026-09-07","outcome":"Arthur Gea","outcomeIndex":0,"oppositeOutcome":"Botic van de Zandschulp","oppositeAsset":"111703077666529355124773019378339323057832673993959133601043704236649357701734","endDate":"2026-09-14","negativeRisk":false},{"proxyWallet":"0xb0e1197098e6d427c01720f1631cad24ce740fa0","asset":"69853633437825970869349167521690639990983367962237642050232804088314156677352","conditionId":"0x305c79c16d067f5e30727fbb5151505a749db81ae5851465b34509a33e2c177f","size":11.6279,"avgPrice":0.4299,"initialValue":4.9999,"grossInitialValue":5.142487,"entryFeesUsdc":0.14249,"currentValue":0,"cashPnl":-4.9999,"percentPnl":-99.998,"totalBought":11.6279,"realizedPnl":-0.1425,"percentRealizedPnl":-100,"curPrice":0,"redeemable":true,"mergeable":false,"title":"Will the highest temperature in London be 21°C on May 2?","slug":"highest-temperature-in-london-on-may-2-2026-21c","icon":"https://polymarket-upload.s3.us-east-2.amazonaws.com/highest-temperature-in-london-on-jan-22-eouu0bkjph8i.jpg","eventId":"433168","eventSlug":"highest-temperature-in-london-on-may-2-2026","outcome":"Yes","outcomeIndex":0,"oppositeOutcome":"No","oppositeAsset":"94695068574573584775575621682341090327620317942703877276102998012577839045905","endDate":"2026-05-02","negativeRisk":true},{"proxyWallet":"0xb0e1197098e6d427c01720f1631cad24ce740fa0","asset":"30978243117475953759932607074058007963414504148093563401481670906879988686138","conditionId":"0x08d996fe0f519df90eee32192ed03d8fb45276ad81cec531179a17a17ba21cd0","size":10.75,"avgPrice":0.46,"initialValue":4.945,"grossInitialValue":4.945,"entryFeesUsdc":0,"currentValue":0,"cashPnl":-4.945,"percentPnl":-100,"totalBought":10.75,"realizedPnl":0,"percentRealizedPnl":-100,"curPrice":0,"redeemable":true,"mergeable":false,"title":"US Open WTA: Iga Swiatek vs Qinwen Zheng","slug":"wta-swiatek-zhen-2026-09-06","icon":"https://polymarket-upload.s3.us-east-2.amazonaws.com/wta-logo-41f331bdf1.png","eventId":"972488","eventSlug":"wta-swiatek-zhen-2026-09-06","outcome":"Iga Swiatek","outcomeIndex":0,"oppositeOutcome":"Qinwen Zheng","oppositeAsset":"95503986764657003620409154523093844460282239616669021937353776826098275510158","endDate":"2026-09-13","negativeRisk":false},{"proxyWallet":"0xb0e1197098e6d427c01720f1631cad24ce740fa0","asset":"35580256315118902102787891668619881338854099460390204671085013683302376525912","conditionId":"0x3a30c2dfc7dd2d4a3535ea17a9902210a09414b3f89488c183c4431300e83af8","size":10,"avgPrice":0.5,"initialValue":5,"grossInitialValue":5.125,"entryFeesUsdc":0.125,"currentValue":0,"cashPnl":-5,"percentPnl":-100,"totalBought":10,"realizedPnl":-0.125,"percentRealizedPnl":-100,"curPrice":0,"redeemable":true,"mergeable":false,"title":"Will CA Mineiro win on 2026-07-21?","slug":"bra-cam-bah-2026-07-21-cam","icon":"https://polymarket-upload.s3.us-east-2.amazonaws.com/brasilerirao-image-52ef283574.png","eventId":"681436","eventSlug":"bra-cam-bah-2026-07-21","outcome":"Yes","outcomeIndex":0,"oppositeOutcome":"No","oppositeAsset":"46765774234499321710665391290113161356989338050557588096273445344564473383113","endDate":"2026-07-21","negativeRisk":true},{"proxyWallet":"0xb0e1197098e6d427c01720f1631cad24ce740fa0","asset":"95257243047130577330564578753316956505821753497450252018887404981959107946272","conditionId":"0xace1187cff133fa44ab4a4ba13702f9926ca68f75c5e8b3418b896d0dee23020","size":8.9189,"avgPrice":0.3699,"initialValue":3.2999,"grossInitialValue":3.403931,"entryFeesUsdc":0.10394,"currentValue":0,"cashPnl":-3.2999,"percentPnl":-99.9972,"totalBought":8.9189,"realizedPnl":-0.104,"percentRealizedPnl":-100,"curPrice":0,"redeemable":true,"mergeable":false,"title":"Will Elon Musk post 200-219 tweets from June 19 to June 26, 2026?","slug":"elon-musk-of-tweets-june-19-june-26-200-219","icon":"https://polymarket-upload.s3.us-east-2.amazonaws.com/elon-musk-of-tweets-nov-22-29-apMPG21-pzx_.jpg","eventId":"599761","eventSlug":"elon-musk-of-tweets-june-19-june-26","outcome":"Yes","outcomeIndex":0,"oppositeOutcome":"No","oppositeAsset":"71368638697533884563164217836046843802502851081368168300226068777446293743079","endDate":"2026-06-26","negativeRisk":true},{"proxyWallet":"0xb0e1197098e6d427c01720f1631cad24ce740fa0","asset":"2941792697973465310989771659804412924755680205025579323140340469415537955208","conditionId":"0x11f4fab2e06c857531825df88eb045340105e7f8e58c4dd6c67bd3f329893995","size":8.85,"avgPrice":0.04,"initialValue":0.354,"grossInitialValue":0.354,"entryFeesUsdc":0,"currentValue":0,"cashPnl":-0.354,"percentPnl":-100,"totalBought":8.85,"realizedPnl":0,"percentRealizedPnl":-100,"curPrice":0,"redeemable":true,"mergeable":false,"title":"Will Zelenskyy post 160-179 posts from August 28 to September 4, 2026?","slug":"zelenskyy-of-tweets-august-28-september-4-2026-160-179","icon":"https://polymarket-upload.s3.us-east-2.amazonaws.com/Zelenskyy-1a63f08667.jpg","eventId":"907930","eventSlug":"zelenskyy-of-tweets-august-28-september-4-2026","outcome":"Yes","outcomeIndex":0,"oppositeOutcome":"No","oppositeAsset":"53138328792639844904943018978514912258500362943454781998893687547790740939725","endDate":"2026-09-04","negativeRisk":true},{"proxyWallet":"0xb0e1197098e6d427c01720f1631cad24ce740fa0","asset":"12368698772019898729449035865661918130286878521917505227214297557841897254973","conditionId":"0x02ddf24fbaf87a25f2fd14fa5416d43bcf38c89fb6c6bed5cb13bbc06e16ca41","size":8.26,"avgPrice":0.3149,"initialValue":2.6018,"grossInitialValue":2.691008,"entryFeesUsdc":0.08911,"currentValue":0,"cashPnl":-2.6018,"percentPnl":-99.9961,"totalBought":8.26,"realizedPnl":-0.0892,"percentRealizedPnl":-100,"curPrice":0,"redeemable":true,"mergeable":false,"title":"Will Elon Musk post 840-879 tweets in August 2026?","slug":"elon-musk-of-tweets-august-2026-840-879","icon":"https://polymarket-upload.s3.us-east-2.amazonaws.com/elon-musk-of-tweets-nov-22-29-apMPG21-pzx_.jpg","eventId":"741766","eventSlug":"elon-musk-of-tweets-august-2026","outcome":"Yes","outcomeIndex":0,"oppositeOutcome":"No","oppositeAsset":"8861807375571710484036440719970619670523285923949516853873582516293999138895","endDate":"2026-09-01","negativeRisk":true},{"proxyWallet":"0xb0e1197098e6d427c01720f1631cad24ce740fa0","asset":"37535125952391345369128785282985993873297849728010894879317768218154662856222","conditionId":"0x76175191f89ddb956baaf82c62f835ba23d297d7a6df83bca7a868b0845df646","size":6.25,"avgPrice":0.16,"initialValue":1,"grossInitialValue":1.042,"entryFeesUsdc":0.042,"currentValue":0,"cashPnl":-1,"percentPnl":-100,"totalBought":6.25,"realizedPnl":-0.042,"percentRealizedPnl":-100,"curPrice":0,"redeemable":true,"mergeable":false,"title":"Will Elon Musk post 90-114 tweets from July 30 to August 1, 2026?","slug":"elon-musk-of-tweets-july-30-august-1-90-114","icon":"https://polymarket-upload.s3.us-east-2.amazonaws.com/elon-musk-of-tweets-nov-22-29-apMPG21-pzx_.jpg","eventId":"756836","eventSlug":"elon-musk-of-tweets-july-30-august-1","outcome":"Yes","outcomeIndex":0,"oppositeOutcome":"No","oppositeAsset":"4407023068162764989570589016807305986030493435891977293723017392298592218249","endDate":"2026-08-01","negativeRisk":true},{"proxyWallet":"0xb0e1197098e6d427c01720f1631cad24ce740fa0","asset":"84031705396290692079311504936195678268620803528549688430126619905245522689457","conditionId":"0xdeb79fbe0b0644f52b601eba7a1efc1338906667bfdbc2554cf2929395d86060","size":6,"avgPrice":0.249,"initialValue":1.494,"grossInitialValue":1.494,"entryFeesUsdc":0,"currentValue":0,"cashPnl":-1.494,"percentPnl":-100,"totalBought":6,"realizedPnl":0,"percentRealizedPnl":-100,"curPrice":0,"redeemable":true,"mergeable":false,"title":"Will Zelenskyy post 40-59 posts from August 21 to August 28, 2026?","slug":"zelenskyy-of-tweets-august-21-august-28-2026-40-59","icon":"https://polymarket-upload.s3.us-east-2.amazonaws.com/Zelenskyy-1a63f08667.jpg","eventId":"868894","eventSlug":"zelenskyy-of-tweets-august-21-august-28-2026","outcome":"Yes","outcomeIndex":0,"oppositeOutcome":"No","oppositeAsset":"35316220436822737576450793483245539492309701227150516059024352954000414684229","endDate":"2026-08-28","negativeRisk":true},{"proxyWallet":"0xb0e1197098e6d427c01720f1631cad24ce740fa0","asset":"90089806348937407696533040077736093369238745032385441539699732779549364373709","conditionId":"0xf997fa4e89cbfb7d0142d488a0880c99c120579eee837619fba63b4b9da025b4","size":5,"avgPrice":0.01,"initialValue":0.05,"grossInitialValue":0.05,"entryFeesUsdc":0,"currentValue":0,"cashPnl":-0.05,"percentPnl":-100,"totalBought":5,"realizedPnl":0,"percentRealizedPnl":-100,"curPrice":0,"redeemable":true,"mergeable":false,"title":"Will Elon Musk post 120-139 tweets from August 7 to August 14, 2026?","slug":"elon-musk-of-tweets-august-7-august-14-120-139","icon":"https://polymarket-upload.s3.us-east-2.amazonaws.com/elon-musk-of-tweets-nov-22-29-apMPG21-pzx_.jpg","eventId":"794210","eventSlug":"elon-musk-of-tweets-august-7-august-14","outcome":"Yes","outcomeIndex":0,"oppositeOutcome":"No","oppositeAsset":"11404756457550749623844084765540216733391649361957393111649049588076692318875","endDate":"2026-08-14","negativeRisk":true},{"proxyWallet":"0xb0e1197098e6d427c01720f1631cad24ce740fa0","asset":"73985914927945810194625586237985773860069531575861796797261292258441153963343","conditionId":"0xc49be196b6d63ace2866c3b1e4eed36160c662ed7aacb4374a3b0fce7a88e617","size":4.5857,"avgPrice":0.3,"initialValue":1.3757,"grossInitialValue":1.375713,"entryFeesUsdc":0,"currentValue":1.3986,"cashPnl":0.0228,"percentPnl":1.6573,"totalBought":4.5857,"realizedPnl":0,"percentRealizedPnl":1.6635,"curPrice":0.305,"redeemable":false,"mergeable":false,"title":"Will Zelenskyy post 80-99 posts from September 11 to September 18, 2026?","slug":"zelenskyy-of-tweets-september-11-september-18-2026-80-99","icon":"https://polymarket-upload.s3.us-east-2.amazonaws.com/Zelenskyy-1a63f08667.jpg","eventId":"986498","eventSlug":"zelenskyy-of-tweets-september-11-september-18-2026","outcome":"Yes","outcomeIndex":0,"oppositeOutcome":"No","oppositeAsset":"81594036286372665762538367994600697420650087603754462412259440138942452983998","endDate":"2026-09-18","negativeRisk":true}]
== 8. tailscale ==
100.77.186.117  bot-poly  lamegawi@  linux    -                                                          
100.82.235.16   bot-vm3   lamegawi@  linux    offline, last seen 26d ago                                 
100.83.57.99    ferpc     lamegawi@  windows  active; direct 85.85.41.76:7363, tx 26415560 rx 288787912  

== 9. salida ip ==
46.225.146.21
