=== DIAG ESTADO ELON — 20260910_162210 UTC ===

== 1. TAMAÑO Y TOTALES ==
-rw-r--r-- 1 root root 157039 Sep 10 16:18 /opt/polymarket/bot-polymarket-elon/estado_tweets.json
Total items: 734
Posts: 282  Reposts: 452

== 2. ÚLTIMOS 15 ITEMS POR TIMESTAMP ==
FECHA UTC             KIND    ID                    PRIMERA_VISTA
Wed Sep 09 22:10:00 +0000 2026repost  2097809911635697767   Thu Sep 10 03:29:14 +0000 2026
Wed Sep 09 22:35:00 +0000 2026repost  2097816145017340054   Thu Sep 10 14:02:18 +0000 2026
Thu Sep 10 02:58:00 +0000 2026post    2097882250977382576   Thu Sep 10 03:29:14 +0000 2026
Thu Sep 10 03:06:00 +0000 2026post    2097884487455834543   Thu Sep 10 03:29:14 +0000 2026
Thu Sep 10 05:13:00 +0000 2026post    2097916357979615503   Thu Sep 10 05:28:49 +0000 2026
Thu Sep 10 06:03:00 +0000 2026repost  2097928969370710467   Thu Sep 10 13:33:07 +0000 2026
Thu Sep 10 06:04:00 +0000 2026post    2097929222639767712   Thu Sep 10 06:31:28 +0000 2026
Thu Sep 10 08:05:00 +0000 2026repost  2097959730723344727   Thu Sep 10 13:33:07 +0000 2026
Thu Sep 10 11:35:00 +0000 2026repost  2098012534011740165   Thu Sep 10 13:33:07 +0000 2026
Thu Sep 10 13:00:00 +0000 2026repost  2098033814698111453   Thu Sep 10 13:33:07 +0000 2026
Thu Sep 10 13:07:00 +0000 2026repost  2098035528046133403   Thu Sep 10 13:33:07 +0000 2026
Thu Sep 10 13:20:00 +0000 2026post    2098038952284586282   Thu Sep 10 13:33:07 +0000 2026
Thu Sep 10 13:39:00 +0000 2026post    2098043646037950756   Thu Sep 10 14:02:18 +0000 2026
Thu Sep 10 13:52:00 +0000 2026repost  2098046851585036788   Thu Sep 10 14:36:00 +0000 2026
Thu Sep 10 14:15:00 +0000 2026post    2098052817391092113   Thu Sep 10 14:36:00 +0000 2026

== 3. DISTRIBUCIÓN POR DÍA ET (sólo items con created_at parseable) ==
Items sin timestamp parseable: 0
Días (últimos 12):
  2026-08-26  1
  2026-08-27  9
  2026-08-28  7
  2026-08-29  15
  2026-08-30  9
  2026-09-03  1
  2026-09-05  5
  2026-09-06  21
  2026-09-07  21
  2026-09-08  25
  2026-09-09  22
  2026-09-10  18
TOTAL 4-11 sept (con timestamps OK): 112
