=== DIAGNÓSTICO SCRAPERS TWITTER · 20260919_073832 UTC ===

== ¿Qué scrapers existen? ==

-rwxr-xr-x 1 root root   4802 Sep 17 17:29 recoger_tweets_rapidapi.py

== Probar TwitterAPI.io directamente ==
Key: new1_c38fa...53248
Tamaño respuesta: 155771 bytes
{"status":"success","code":0,"msg":"success","data":{"pin_tweet":null,"tweets":[{"type":"tweet","id":"2101207701954974205","url":"https://x.com/elonmusk/status/2101207701954974205","twitterUrl":"https://twitter.com/elonmusk/status/2101207701954974205","text":"SpaceX","source":"Twitter for iPhone","retweetCount":229,"replyCount":380,"likeCount":1456,"quoteCount":31,"viewCount":489663,"createdAt":"Sat Sep 19 07:12:09 +0000 2026","lang":"en","bookmarkCount":40,"isReply":false,"inReplyToId":null,"conversationId":"2101207701954974205","displayTextRange":[0,6],"inReplyToUserId":null,"inReplyToUsername":null,"author":{"type":"user","userName":"elonmusk","url":"https://x.com/elonmusk","twitterUrl":"https://twitter.com/elonmusk","id":"44196397","name":"Elon Musk","isVerified":false,"isBlueVerified"

== ¿Está el cron funcionando? ==
*/5 * * * * /opt/polymarket/scraper_cron_elon.sh
0 */2 * * * cd /opt/polymarket/bot-polymarket-elon && /usr/bin/python3 recoger_tweets.py --dias 30 >> /var/log/poly/recoger_tweets_$(date +\%Y\%m\%d).log 2>&1
# RapidAPI: tweets para Elon + Trump + Zelenskyy cada 2h
# twitterapi.io: tweets para Elon + Trump + Zelenskyy cada 2h
5 */2 * * * cd /opt/polymarket && sleep 6 && /usr/bin/python3 recoger_tweets_rapidapi.py --bot elon >> /var/log/poly/twitterapi_elon_$(date +\%Y\%m\%d).log 2>&1
15 */2 * * * cd /opt/polymarket && sleep 12 && /usr/bin/python3 recoger_tweets_rapidapi.py --bot trump >> /var/log/poly/twitterapi_trump_$(date +\%Y\%m\%d).log 2>&1
25 */2 * * * cd /opt/polymarket && sleep 18 && /usr/bin/python3 recoger_tweets_rapidapi.py --bot zelenskyy >> /var/log/poly/twitterapi_zelen_$(date +\%Y\%m\%d).log 2>&1

== Estado cron: ¿se está ejecutando? ==

== Últimas 30 líneas del log del scraper TwitterAPI ==

== ¿El scraper in-process devuelve TWEET_COUNT? ==


== ¿Qué contiene polymarket_oficial.json (tweet count polymarket)? ==
{
  "fuente": "polymarket.com",
  "user": "elonmusk",
  "tweet_count_oficial": 153,
  "scrapeado_en": "2026-09-10T16:00:02.694763-04:00",
  "bins": {
    "0-19": 0.0,
    "20-39": 0.0,
    "40-59": 0.0,
    "60-79": 0.0,
    "80-99": 0.0,
    "100-119": 0.0,
    "120-139": 0.0,
    "140-159": 0.0335,
    "160-179": 0.645,
    "180-199": 0.285,
    "200-219": 0.0295,
    "220-239": 0.0055,
    "240-259": 0.0015,
    "260-279": 0.0005,
    "280-299": 0.0005,
    "300-319": 0.0005,
    "320-339": 0.0005,
    "340-359": 0.0005,
    "360-379": 0.0005,
    "380-399": 0.0005,
    "400-419": 0.0005,
    "420-439": 0.0005,
    "440-459": 0.0005,
    "460-479": 0.0005,
    "480-499": 0.0005
  }
}

== Verificar que los 3 CSV de tweets están sincronizados ==
--- bot-polymarket-elon/datos_elon.csv ---
2026-09-18,20
--- bot-polymarket-elon-semanal/datos_elon.csv ---
2026-09-18,20
--- bot-polymarket-elon-mensual/datos_elon.csv ---
2026-09-18,20
