=== OPERACIÓN HOY · 20260918_195701 UTC ===

== 1. Ver todas las operaciones (incluidas las nuevas) ==
-rw-r--r-- 1 root root 1091 Sep  2 18:16 /opt/polymarket/bot-polymarket-elon/resultados_real.csv

TOTAL líneas:
8 /opt/polymarket/bot-polymarket-elon/resultados_real.csv

TODAS las operaciones (completo):
id,fecha,mercado,bin,lado,precio,cuota,p_modelo,paso,stake,real,resultado,beneficio,saldo
9545c5c1841c,2026-08-18,elon-musk-of-tweets-august-17-august-19,<40,YES,0.23,4.35,0.9171,1,3.3,>40 (gestor vendió 18/08),P,-3.3,496.7
reconc,2026-08-20,elon-musk-of-tweets-august-20-august-22,90-114,YES,0.212,4.72,0.6359,2,7.43,vendido por el gestor en positivo (+2.70 a nivel cuenta),G,27.64,524.34
8c677c997237,2026-08-22,elon-musk-of-tweets-august-22-august-24-2026,90-114,YES,0.115,8.7,0.776,1,6.6,40-64,P,-6.6,517.74
reconc,2026-08-30,elon-musk-of-tweets-august-29-august-31-2026,<40,YES,0.056,17.86,0.7143,2,9.9,vendido por el gestor,P,-9.9,507.84
reconc,2026-08-30,elon-musk-of-tweets-august-29-august-31-2026,40-64,NO,0.28,3.57,0.1429,3,10.0,vendido/desaparecido (sin registro del gestor),P,-10.0,497.84
reconc,2026-09-01,elon-musk-of-tweets-august-31-september-2-2026,40-64,NO,0.325,3.08,0.0,4,10.0,vendido/desaparecido (sin registro del gestor),P,-10.0,487.84
7fabd7fc2966,2026-09-02,elon-musk-of-tweets-august-31-september-2-2026,40-64,NO,0.22,4.55,0.0,5,10.0,40-64,P,-10.0,477.84

== 2. Buscar la última operación ==
8c677c997237,2026-08-22,elon-musk-of-tweets-august-22-august-24-2026,90-114,YES,0.115,8.7,0.776,1,6.6,40-64,P,-6.6,517.74
reconc,2026-08-30,elon-musk-of-tweets-august-29-august-31-2026,<40,YES,0.056,17.86,0.7143,2,9.9,vendido por el gestor,P,-9.9,507.84
reconc,2026-08-30,elon-musk-of-tweets-august-29-august-31-2026,40-64,NO,0.28,3.57,0.1429,3,10.0,vendido/desaparecido (sin registro del gestor),P,-10.0,497.84
reconc,2026-09-01,elon-musk-of-tweets-august-31-september-2-2026,40-64,NO,0.325,3.08,0.0,4,10.0,vendido/desaparecido (sin registro del gestor),P,-10.0,487.84
7fabd7fc2966,2026-09-02,elon-musk-of-tweets-august-31-september-2-2026,40-64,NO,0.22,4.55,0.0,5,10.0,40-64,P,-10.0,477.84

== 3. Estado actual del JSON (real.json) ==
{
    "saldo": 227.98,
    "paso": 6,
    "activa": null,
    "historial": [
        {
            "id": "9545c5c1841c",
            "fecha": "2026-08-18",
            "mercado": "elon-musk-of-tweets-august-17-august-19",
            "bin": "<40",
            "lado": "YES",
            "precio": 0.23,
            "cuota": 4.35,
            "p_modelo": 0.9171,
            "paso": 1,
            "stake": 3.3,
            "real": ">40 (gestor vendi\u00f3 18/08)",
            "resultado": "P",
            "beneficio": -3.3,
            "saldo": 496.7
        },
        {
            "id": "reconc",
            "fecha": "2026-08-20",
            "mercado": "elon-musk-of-tweets-august-20-august-22",
            "bin": "90-114",
            "lado": "YES",
            "precio": 0.212,
            "cuota": 4.72,
            "p_modelo": 0.6359,
            "paso": 2,
            "stake": 7.43,
            "real": "vendido por el gestor en positivo (+2.70 a nivel cuenta)",
            "resultado": "G",
            "beneficio": 27.64,
            "saldo": 524.34
        },
        {
            "id": "8c677c997237",
            "fecha": "2026-08-22",
            "mercado": "elon-musk-of-tweets-august-22-august-24-2026",
            "bin": "90-114",
            "lado": "YES",
            "precio": 0.115,
            "cuota": 8.7,
            "p_modelo": 0.776,
            "paso": 1,
            "stake": 6.6,
            "real": "40-64",
            "motor": "motor_v2_ev_escalones_tope10",
            "ev": 6.748,
            "resultado": "P",
            "beneficio": -6.6,
            "saldo": 517.74
        },
        {
            "id": "reconc",
            "fecha": "2026-08-30",
            "mercado": "elon-musk-of-tweets-august-29-august-31-2026",
            "bin": "<40",
            "lado": "YES",
            "precio": 0.056,
            "cuota": 17.86,
            "p_modelo": 0.7143,
            "paso": 2,
            "stake": 9.9,
            "real": "vendido por el gestor",
            "resultado": "P",
            "beneficio": -9.9,
            "saldo": 507.84
        },
        {
            "id": "reconc",
            "fecha": "2026-08-30",
            "mercado": "elon-musk-of-tweets-august-29-august-31-2026",
            "bin": "40-64",
            "lado": "NO",
            "precio": 0.28,
            "cuota": 3.57,
            "p_modelo": 0.1429,
            "paso": 3,
            "stake": 10.0,
            "real": "vendido/desaparecido (sin registro del gestor)",
            "resultado": "P",
            "beneficio": -10.0,
            "saldo": 497.84
        },
        {
            "id": "reconc",
            "fecha": "2026-09-01",
            "mercado": "elon-musk-of-tweets-august-31-september-2-2026",
            "bin": "40-64",
            "lado": "NO",
            "precio": 0.325,
            "cuota": 3.08,
            "p_modelo": 0.0,
            "paso": 4,
            "stake": 10.0,
            "real": "vendido/desaparecido (sin registro del gestor)",
            "resultado": "P",
            "beneficio": -10.0,
            "saldo": 487.84
        },
        {
            "id": "7fabd7fc2966",
            "fecha": "2026-09-02",
            "mercado": "elon-musk-of-tweets-august-31-september-2-2026",
            "bin": "40-64",
            "lado": "NO",
            "precio": 0.22,
            "cuota": 4.55,
            "p_modelo": 0.0,
            "paso": 5,
            "stake": 10.0,
            "real": "40-64",
            "motor": "motor_v2_ev_escalones_tope10",
            "ev": 4.545,
            "resultado": "P",
            "beneficio": -10.0,
            "saldo": 477.84
        }
    ],
    "_sincronizado_con_real": true,
    "_sincronizado_ts": "2026-09-12T07:42:49.606772+00:00",
    "_bankroll_inicial_real": 228.45,
    "_pnl_historico_acumulado": 0.0,
    "saldo_real_timestamp": "20260916_200552",
    "saldo_real_anterior": 69.0474,
    "saldo_resinc_timestamp": "20260917_181745",
    "saldo_resinc_anterior": 59.8319,
    "saldo_resinc_fuente": "user UI polymarket.com 17-sept 08:30",
    "saldo_resinc2_timestamp": "20260917_191638",
    "saldo_resinc2_anterior": 122.0,
    "saldo_resinc2_fuente": "user UI polymarket.com 17-sept 19:30",
    "saldo_resinc_anterior_ayer": 59.8319,
    "saldo_real_clob_timestamp": "20260918_193224",
    "saldo_real_clob_anterior": 163.0,
    "saldo_real_clob_fuente": "CLOB API autenticado get_balance_allowance 227983980 raw"
}

== 4. ¿Está 'activa' (operación abierta) AHORA? ==
<stdin>:5: SyntaxWarning: invalid escape sequence '\$'
activa: None
saldo: \$227.98
paso: 6

== 5. Buscar en logs la última ejecución ==
Sep 13 07:08:53 bot-poly systemd[1]: Started poly-elon.service - Bot Polymarket Elon 48h (v1).
Sep 13 19:54:24 bot-poly systemd[1]: Stopping poly-elon.service - Bot Polymarket Elon 48h (v1)...
Sep 13 19:54:24 bot-poly systemd[1]: poly-elon.service: Deactivated successfully.
Sep 13 19:54:24 bot-poly systemd[1]: Stopped poly-elon.service - Bot Polymarket Elon 48h (v1).
Sep 13 19:54:24 bot-poly systemd[1]: poly-elon.service: Consumed 9min 1.812s CPU time, 55.8M memory peak, 0B memory swap peak.
Sep 13 19:54:24 bot-poly systemd[1]: Started poly-elon.service - Bot Polymarket Elon 48h (v1).
