=== REFRESCAR MERCADO BOT 48H · 20260917_145028 UTC ===

== 1. Ejecutar mercado_polymarket.py ==
   480-499         0.0005     2000.00        1.00       2,345  ← cuota ≥ 3
   500-519         0.0005     2000.00        1.00         876  ← cuota ≥ 3
   520-539         0.0005     2000.00        1.00         696  ← cuota ≥ 3
   540-559         0.0005     2000.00        1.00         942  ← cuota ≥ 3
   560-579         0.0040      250.00        1.00       1,333  ← cuota ≥ 3
   580-599         0.0025      400.00        1.00       2,191  ← cuota ≥ 3
   600-619         0.0035      285.71        1.00       1,065  ← cuota ≥ 3
   620-639         0.0055      181.82        1.01       1,491  ← cuota ≥ 3
   640-659         0.0035      285.71        1.00       1,349  ← cuota ≥ 3
   660-679         0.0045      222.22        1.00       1,330  ← cuota ≥ 3
   680-699         0.0055      181.82        1.01       1,350  ← cuota ≥ 3
   700-719         0.0070      142.86        1.01       2,440  ← cuota ≥ 3
   720-739         0.0115       86.96        1.01       2,426  ← cuota ≥ 3
   740-759         0.0170       58.82        1.02       1,756  ← cuota ≥ 3
   760-779         0.0225       44.44        1.02       1,960  ← cuota ≥ 3
   780-799         0.0650       15.38        1.07       4,309  ← cuota ≥ 3
   800-839         0.1350        7.41        1.16       8,830  ← cuota ≥ 3
   840-879         0.1350        7.41        1.16       8,184  ← cuota ≥ 3
   880-919         0.1350        7.41        1.16       8,958  ← cuota ≥ 3
   920-959         0.1350        7.41        1.16       7,073  ← cuota ≥ 3
   960-999         0.1250        8.00        1.14       5,751  ← cuota ≥ 3
   1000+           0.2250        4.44        1.29       5,140  ← cuota ≥ 3

■ Elon Musk # tweets February 21 - February 23, 2026?  [CERRADO]  tipo: 48h  volumen: $3,208,138
   ventana: 2026-02-21T12:00:00-05:00 → 2026-02-23T12:00:00-05:00 (48 h)
   bin         precio YES   cuota YES    cuota NO     volumen
   <40             0.0000           —        1.00     264,216
   40-64           0.0000           —        1.00     672,157
   65-89           1.0000        1.00           —     608,918
   90-114          0.0000           —        1.00     476,397
   115-139         0.0000           —        1.00     362,308
   140-164         0.0000           —        1.00     245,848
   165-189         0.0000           —        1.00     205,512
   190-214         0.0000           —        1.00     149,378
   215-239         0.0000           —        1.00     112,499
   240+            0.0000           —        1.00     110,907

■ Elon Musk # tweets September 14 - September 16, 2026?  [CERRADO]  tipo: 48h  volumen: $551,382
   ventana: 2026-09-14T12:00:00-04:00 → 2026-09-16T12:00:00-04:00 (48 h)
   bin         precio YES   cuota YES    cuota NO     volumen
   <40             0.0000           —        1.00      78,798
   40-64           1.0000        1.00           —     124,182
   65-89           0.0000           —        1.00     143,302
   90-114          0.0000           —        1.00     116,477
   115-139         0.0000           —        1.00      64,680
   140-164         0.0000           —        1.00      11,250
   165-189         0.0000           —        1.00       2,339
   190-214         0.0000           —        1.00       5,156
   215-239         0.0000           —        1.00       2,618
   240+            0.0000           —        1.00       2,578

== 2. Ver mercado_activo.json actualizado ==
Actualizado: 2026-09-17T14:50:46.515563+00:00
Total: 6


TODOS los 48h abiertos:
