=== RESTAURAR Y FIX CREDS · 20260913_175847 UTC ===
✅ restaurado desde bak_v2 (compilaba y arrancaba)
✅ compila OK tras restaurar
✅ creds fix aplicado con indentación correcta

== Verificar ==
✅ compila OK

== Probar pasada única ==
[2026-09-13 17:58:56]   ✅ proxy SDK inyectado con {'http2': True, 'proxy': 'http://100.83.57.99:8888'}
[2026-09-13 17:58:56]    importando ClobClient + OrderArgs OK
[2026-09-13 17:58:56]    cliente creado
[2026-09-13 17:58:56]    ✅ API creds derivadas
[2026-09-13 17:58:56]    enviando orden BUY 78.57 shares @ $0.042
[2026-09-13 17:58:57]    ERROR ejecutando: PolyApiException[status_code=400, error_message={'error': 'invalid order version, please use the latest clob-client'}]
[2026-09-13 17:58:57] Traceback (most recent call last):
  File "/opt/polymarket/bot-polymarket-elon-semanal/bot_semanal.py", line 205, in try_ejecutar_orden
    resp = client.create_and_post_order(order)
           ^^^^^^^^^^^^^^^^^^^^^^^^^^^^^^^^^^^
  File "/usr/local/lib/python3.12/dist-packages/py_clob_client/client.py", line 661, in create_and_post_order
    return self.post_order(ord)
           ^^^^^^^^^^^^^^^^^^^^
  File "/usr/local/lib/python3.12/dist-packages/py_clob_client/client.py", line 648, in post_order
    return post(
           ^^^^^
  File "/usr/local/lib/python3.12/dist-packages/py_clob_client/http_helpers/helpers.py", line 69, in post
    return request(endpoint, POST, headers, data)
           ^^^^^^^^^^^^^^^^^^^^^^^^^^^^^^^^^^^^^^
  File "/usr/local/lib/python3.12/dist-packages/py_clob_client/http_helpers/helpers.py", line 57, in request
    raise PolyApiException(resp)
py_clob_client.exceptions.PolyApiException: PolyApiException[status_code=400, error_message={'error': 'invalid order version, please use the latest clob-client'}]

[2026-09-13 17:58:57] ════════════════════════════════════════════
[2026-09-13 17:58:57] Pasada completada

== Reiniciar servicio ==
● poly-elon-semanal.service - Bot Polymarket Elon SEMANAL (ventanas semanales, paralelo al 48h)
     Loaded: loaded (/etc/systemd/system/poly-elon-semanal.service; enabled; preset: enabled)
     Active: active (running) since Sun 2026-09-13 17:58:57 UTC; 5s ago
   Main PID: 47818 (python3)
      Tasks: 2 (limit: 4538)
     Memory: 9.4M (peak: 9.9M)
        CPU: 973ms
     CGroup: /system.slice/poly-elon-semanal.service

== Verificar log ==
Sep 13 17:58:44 bot-poly systemd[1]: poly-elon-semanal.service: Scheduled restart job, restart counter is at 18.
Sep 13 17:58:44 bot-poly systemd[1]: Started poly-elon-semanal.service - Bot Polymarket Elon SEMANAL (ventanas semanales, paralelo al 48h).
Sep 13 17:58:44 bot-poly python3[47639]:   File "/opt/polymarket/bot-polymarket-elon-semanal/bot_semanal.py", line 185
Sep 13 17:58:44 bot-poly python3[47639]:     creds = client.create_or_derive_api_keys()
Sep 13 17:58:44 bot-poly python3[47639]:     ^
Sep 13 17:58:44 bot-poly python3[47639]: IndentationError: expected an indented block after 'try' statement on line 184
Sep 13 17:58:44 bot-poly systemd[1]: poly-elon-semanal.service: Main process exited, code=exited, status=1/FAILURE
Sep 13 17:58:44 bot-poly systemd[1]: poly-elon-semanal.service: Failed with result 'exit-code'.
Sep 13 17:58:57 bot-poly systemd[1]: Stopped poly-elon-semanal.service - Bot Polymarket Elon SEMANAL (ventanas semanales, paralelo al 48h).
Sep 13 17:58:57 bot-poly systemd[1]: Started poly-elon-semanal.service - Bot Polymarket Elon SEMANAL (ventanas semanales, paralelo al 48h).
Sep 13 17:58:57 bot-poly python3[47818]: [2026-09-13 17:58:57] BOT SEMANAL ELON arrancado (loop=True, intervalo=15 min)
Sep 13 17:58:57 bot-poly python3[47818]: [2026-09-13 17:58:57] ════════════════════════════════════════════
Sep 13 17:58:57 bot-poly python3[47818]: [2026-09-13 17:58:57] PASADA COMPLETA (ELON SEMANAL) · MODO: REAL
Sep 13 17:58:57 bot-poly python3[47818]: [2026-09-13 17:58:57] ════════════════════════════════════════════
Sep 13 17:58:57 bot-poly python3[47818]: [2026-09-13 17:58:57] AVG7=22.43  AVG30=27.43  R=0.818  ajuste=0.927
