=== SALUD poly-mention-bot — 2026-09-15 06:00 UTC ===

== 1) SERVICIO ==
  ✅ servicio active
  ·  activo desde: Sun 2026-09-13 07:08:53 UTC
  ·  memoria: 70 MB

== 2) CÓDIGO ==
  ·  archivos .py: 2072
  ✅ código completo

== 3) TRADES Y ESTADO ==
  ·  Total: 7 | Abiertas: 2 | Wins: 2 | Losses: 3
  ·  PnL: $18.41

== 4) PROXY ==
  ❌ proxy sin respuesta

== 5) APIs ==
  ✅ gamma-api.polymarket.com/markets?limit=1 → 200
  ✅ gamma-api.polymarket.com/markets?limit=1&closed=false → 200

== 6) RECURSOS ==
  ✅ disco al 35%
  ·  log: 12219 líneas

== 7) ERRORES RECIENTES ==
  ❌ 3 traceback(s) recientes

== 8) ÚLTIMO ESCANEO ==
  ·  último: 05:55:18 │ INFO     │ ✅ Ciclo completado | 0 mercados | 0 resueltos

==============================================
RESULTADO: ⚠️ 2 FALLO(S)
==============================================
