=== SALUD poly-overreaction-bot — 2026-09-11 21:29 UTC ===

== 1) SERVICIO ==
  ✅ servicio active
  ·  memoria: 47 MB

== 2) CÓDIGO ==
  ·  archivos .py: 9
  ✅ código completo

== 3) DATOS ==
  ·  precios almacenados: 102 mercados
  ✅ base de precios OK
  ·  spikes pendientes: 3 | procesados: 0

== 4) TRADES ==
  ·  sin trades aún

== 5) PROXY ==
  ✅ proxy OK (85.85.41.76)

== 6) APIs ==
  ✅ gamma-api.polymarket.com/markets?limit=1
  ❌ clob.polymarket.com/midpoint?token_id=1 → 404

== 7) RECURSOS ==
  ✅ disco 33%

== 8) ERRORES ==
  ❌ 6 traceback(s)

== 9) ÚLTIMA ACTIVIDAD ==
   21:23:50 │ INFO     │ 📉 SPIKE: Exact Score: Viking FK 0 - 3 Kristiansund BK?... | -12.7% | 0.021 → 0.018
   21:26:23 │ INFO     │ 📉 SPIKE: Will Christian Democrats (KD) win less than 5% of ... | -10.5% | 0.095 → 0.085
   21:29:02 │ INFO     │ 📉 SPIKE: BNB Up or Down - September 11, 5PM ET... | -14.0% | 0.750 → 0.645

==============================================
RESULTADO: ⚠️ 2 FALLO(S)
==============================================
