=== SALUD poly-mention-bot — 2026-09-13 18:00 UTC ===

== 1) SERVICIO ==
  ✅ servicio active
  ·  activo desde: Sun 2026-09-13 07:08:53 UTC
  ·  memoria: 70 MB

== 2) CÓDIGO ==
  ·  archivos .py: 2072
  ✅ código completo

== 3) TRADES Y ESTADO ==
  ·  Total: 6 | Abiertas: 4 | Wins: 1 | Losses: 1
  ·  PnL: $65.00

== 4) PROXY ==
  ✅ proxy OK (IP: 85.85.41.76)

== 5) APIs ==
  ✅ gamma-api.polymarket.com/markets?limit=1 → 200
  ✅ gamma-api.polymarket.com/markets?limit=1&closed=false → 200

== 6) RECURSOS ==
  ✅ disco al 35%
  ·  log: 8879 líneas

== 7) ERRORES RECIENTES ==
  ✅ sin errores recientes

== 8) ÚLTIMO ESCANEO ==
  ·  último: 17:58:09 │ INFO     │ ✅ Ciclo completado | 0 mercados | 0 resueltos

==============================================
RESULTADO: ✅ SALUD OK
==============================================
