=== SALUD poly-mention-bot — 2026-09-12 12:00 UTC ===

== 1) SERVICIO ==
  ✅ servicio active
  ·  activo desde: Sat 2026-09-12 06:06:01 UTC
  ·  memoria: 68 MB

== 2) CÓDIGO ==
  ·  archivos .py: 2072
  ✅ código completo

== 3) TRADES Y ESTADO ==
  ·  Total: 4 | Abiertas: 3 | Wins: 1 | Losses: 0
  ·  PnL: $90.00

== 4) PROXY ==
  ✅ proxy OK (IP: 85.85.41.76)

== 5) APIs ==
  ✅ gamma-api.polymarket.com/markets?limit=1 → 200
  ✅ gamma-api.polymarket.com/markets?limit=1&closed=false → 200

== 6) RECURSOS ==
  ✅ disco al 34%
  ·  log: 6355 líneas

== 7) ERRORES RECIENTES ==
  ✅ sin errores recientes

== 8) ÚLTIMO ESCANEO ==
  ·  último: 11:56:23 │ INFO     │ ✅ Ciclo completado | 0 mercados | 0 resueltos

==============================================
RESULTADO: ✅ SALUD OK
==============================================
