=== SALUD poly-mention-bot — 2026-09-18 06:00 UTC ===

== 1) SERVICIO ==
  ✅ servicio active
  ·  activo desde: Thu 2026-09-17 14:53:23 UTC
  ·  memoria: 68 MB

== 2) CÓDIGO ==
  ·  archivos .py: 2072
  ✅ código completo

== 3) TRADES Y ESTADO ==
  ·  Total: 9 | Abiertas: 2 | Wins: 2 | Losses: 5
  ·  PnL: $-79.00

== 4) PROXY ==
  ✅ proxy OK (IP: 85.85.41.76)

== 5) APIs ==
  ✅ gamma-api.polymarket.com/markets?limit=1 → 200
  ✅ gamma-api.polymarket.com/markets?limit=1&closed=false → 200

== 6) RECURSOS ==
  ✅ disco al 39%
  ·  log: 18577 líneas

== 7) ERRORES RECIENTES ==
  ✅ sin errores recientes

== 8) ÚLTIMO ESCANEO ==
  ·  último: 05:59:33 │ INFO     │ ✅ Ciclo completado | 0 mercados | 0 resueltos

==============================================
RESULTADO: ✅ SALUD OK
==============================================
