=== SALUD poly-mention-bot — 2026-09-10 06:00 UTC ===

== 1) SERVICIO ==
  ✅ servicio active
  ·  activo desde: Wed 2026-09-09 18:15:56 UTC
  ·  memoria: 43 MB

== 2) CÓDIGO ==
  ·  archivos .py: 2029
  ✅ código completo

== 3) TRADES Y ESTADO ==
  ·  sin trades aún

== 4) PROXY ==
  ✅ proxy OK (IP: 85.85.41.76)

== 5) APIs ==
  ✅ gamma-api.polymarket.com/markets?limit=1 → 200
  ✅ gamma-api.polymarket.com/markets?limit=1&closed=false → 200

== 6) RECURSOS ==
  ✅ disco al 32%
  ·  log: 645 líneas

== 7) ERRORES RECIENTES ==
  ✅ sin errores recientes

== 8) ÚLTIMO ESCANEO ==
  ·  último: 05:57:13 │ INFO     │ ✅ Ciclo completado | 0 mercados analizados

==============================================
RESULTADO: ✅ SALUD OK
==============================================
