=== SALUD poly-mention-bot — 2026-09-09 20:04 UTC ===

== 1) SERVICIO ==
  ✅ servicio active
  ·  activo desde: Wed 2026-09-09 18:15:56 UTC
  ·  memoria: 43 MB

== 2) CÓDIGO ==
  ·  archivos .py: 2029
  ✅ código completo

== 3) TRADES Y ESTADO ==
  ·  sin trades aún

== 4) PROXY ==
  ✅ proxy OK (IP: 85.85.41.76)

== 5) APIs ==
  ✅ gamma-api.polymarket.com/markets?limit=1 → 200
  ✅ gamma-api.polymarket.com/markets?limit=1&closed=false → 200

== 6) RECURSOS ==
  ✅ disco al 31%
  ·  log: 50 líneas

== 7) ERRORES RECIENTES ==
/opt/polymarket/test_salud_mention.sh: line 83: [: 0
0: integer expression expected
  ✅ sin errores recientes

== 8) ÚLTIMO ESCANEO ==
  ·  último: 20:01:09 │ INFO     │ ✅ Ciclo completado | 0 mercados analizados

==============================================
RESULTADO: ✅ SALUD OK
==============================================
