=== SALUD poly-mention-bot — 2026-09-16 00:00 UTC ===

== 1) SERVICIO ==
  ✅ servicio active
  ·  activo desde: Sun 2026-09-13 07:08:53 UTC
  ·  memoria: 82 MB

== 2) CÓDIGO ==
  ·  archivos .py: 2072
  ✅ código completo

== 3) TRADES Y ESTADO ==
  ·  Total: 8 | Abiertas: 2 | Wins: 2 | Losses: 4
  ·  PnL: $-30.00

== 4) PROXY ==
  ✅ proxy OK (IP: 85.85.41.76)

== 5) APIs ==
  ✅ gamma-api.polymarket.com/markets?limit=1 → 200
  ✅ gamma-api.polymarket.com/markets?limit=1&closed=false → 200

== 6) RECURSOS ==
  ✅ disco al 37%
  ·  log: 13927 líneas

== 7) ERRORES RECIENTES ==
  ✅ sin errores recientes

== 8) ÚLTIMO ESCANEO ==
  ·  último: 23:56:19 │ INFO     │ ✅ Ciclo completado | 0 mercados | 0 resueltos

==============================================
RESULTADO: ✅ SALUD OK
==============================================
