=== DETALLE SCRAPER · 20260917_151725 UTC ===

== 1. Contenido scraper_cron_elon.sh ==
#!/usr/bin/env bash
# Ejecuta el scraper de Polymarket SIN --actualizar-csv.
# El TWEET_COUNT es el TOTAL del periodo, no el conteo de un día.
# Si activamos --actualizar-csv, sobreescribe 09-10 con el TOTAL.
TS=$(date -u +%Y%m%d_%H%M%S)
LOG=/var/log/poly/scraper_elon_${TS}.log
cd /opt/polymarket/bot-polymarket-elon
python3 scraper_tweets_pm.py --user elonmusk >> "$LOG" 2>&1
# limpiar logs de más de 7 días
find /var/log/poly/scraper_elon_*.log -mtime +7 -delete 2>/dev/null

== 2. ¿Qué script ejecuta? ==
#!/usr/bin/env python3
# -*- coding: utf-8 -*-
"""
RECOGIDA AUTOMÁTICA DE TWEETS DE @elonmusk — para mercados Polymarket
=====================================================================
Recoge la actividad de @elonmusk (posts + quote posts + reposts;
SIN replies, igual que las reglas de resolución de los mercados
«Elon Musk # tweets») y genera datos_elon.csv con el formato que
espera senal.py (fecha,tweets) en días COMPLETOS (hora ET).

FUENTES (por orden de preferencia):
  1) x.com renderizado vía r.jina.ai (timestamps EXACTOS de posts Y
     reposts — la hora que se ve en el perfil es la del repost).
     Sin API key. ~15-20 tweets por pasada: en modo --loop se acumula.
  2) xcancel.com (espejo Nitter, página 1) — respaldo si jina falla.
     Ojo: los reposts muestran la fecha del tweet ORIGINAL.
  3) X API v2 oficial (exacta, con paginación completa):
     export X_BEARER_TOKEN=...   (plan Basic $100/mes para conteo
     completo ~60k posts/mes; free tier insuficiente para esto)

USO:
  python3 recoger_tweets.py --dias 30              # pasada única
  python3 recoger_tweets.py --resumen              # conteos diarios + métricas
  python3 recoger_tweets.py --loop --intervalo 20  # continuo (recomendado)
  python3 recoger_tweets.py --manual 2026-08-08 35 # corregir un día a mano
  python3 recoger_tweets.py --limpiar              # borrar datos y empezar de cero

CRON sugerido (1 vez al día basta para la señal del día):
  0 12 * * * cd /ruta/estrategia_elon_tweets && python3 recoger_tweets.py --dias 30 >> recoger.log 2>&1
"""
import argparse
import csv
import json
import os
import re
import subprocess
import sys
import time
from datetime import date, datetime, timedelta, timezone
from zoneinfo import ZoneInfo

try:
    import mercado_polymarket as mp
except ImportError:
    mp = None

# ----------------------------------------------------------------------------
SCREEN = "elonmusk"
try:
    ET = ZoneInfo("America/New_York")
except Exception:
    # Windows sin tzdata: fallback a hora fija de verano (UTC-4)
    from datetime import timedelta
    from datetime import timezone as _tz
    ET = _tz(timedelta(hours=-4), name="EDT")
CSV = "datos_elon.csv"
ESTADO = "estado_tweets.json"
RAW_DIR = "datos_raw"
JINA_X = f"https://r.jina.ai/https://x.com/{SCREEN}"
JINA_TW = f"https://r.jina.ai/https://twitter.com/{SCREEN}"
XCANCEL = f"https://xcancel.com/{SCREEN}"
# Espejos Nitter (markup antiguo tipo xcancel) como respaldo, por orden de
# preferencia. xcancel.com es el más fiable ahora mismo; el resto se prueba
# por si alguno vuelve a estar operativo.
NITTER_ESPEJOS = [
    "xcancel.com",
    "nitter.poast.org",
    "nitter.privacyredirect.com",
    "lightbrd.com",
    "nitter.space",
]
UA = ("Mozilla/5.0 (Windows NT 10.0; Win64; x64) AppleWebKit/537.36 "
      "(KHTML, like Gecko) Chrome/126.0.0.0 Safari/537.36")
T_FMT = "%a %b %d %H:%M:%S +0000 %Y"
MESES = {"Jan": 1, "Feb": 2, "Mar": 3, "Apr": 4, "May": 5, "Jun": 6,
         "Jul": 7, "Aug": 8, "Sep": 9, "Oct": 10, "Nov": 11, "Dec": 12}
# ----------------------------------------------------------------------------


def hoy_et():
    return datetime.now(ET).date()


def ahora_utc():
    return datetime.now(timezone.utc)


def curl(url, headers=None, timeout=60):
    cmd = ["curl", "-s", "--max-time", str(timeout), "-L", url]
    for k, v in (headers or {}).items():
        cmd += ["-H", f"{k}: {v}"]
    r = subprocess.run(cmd, capture_output=True, text=True, encoding="utf-8", errors="replace")
    if r.returncode != 0:
        raise RuntimeError(f"curl falló ({r.returncode}): {r.stderr[:200]}")
    return r.stdout


# ---------------------------------------------------------------- fuentes

def _descargar_jina(url):
---
== 2b. ¿O scraper_tweets_pm.py? ==
#!/usr/bin/env python3
# -*- coding: utf-8 -*-
"""
scraper_tweets_pm.py — extrae el conteo OFICIAL de Polymarket SIN jina
========================================================================
Estrategia en cascada (cada fuente es fallback de la anterior):
  1) curl directo a xtracker.polymarket.com (HTML, parseable)
  2) curl directo a polymarket.com/event/... (HTML, parseable)
  3) curl a gamma-api.polymarket.com (JSON, sólo para precios/bin)
  4) jina (si hay clave) — desactivado por defecto

USO:
  python3 scraper_tweets_pm.py --user elonmusk
  python3 scraper_tweets_pm.py --user elonmusk --actualizar-csv
"""
import argparse
import csv
import json
import os
import re
import subprocess
import sys
from datetime import datetime, date
from zoneinfo import ZoneInfo

try:
    ET = ZoneInfo("America/New_York")
except Exception:
    from datetime import timezone, timedelta
    ET = timezone(timedelta(hours=-4), name="EDT")

JINA_KEY_FILE = "/opt/polymarket/.jina_key"
CSV = "datos_elon.csv"


def curl(url, headers=None, timeout=30):
    """Usa urllib con SSL no verificado (porque el bot corre como servicio
    systemd sin acceso a CA certs del sistema, lo que hace fallar
    'curl' con exit 60)."""
    import urllib.request
    import ssl
    ctx = ssl.create_default_context()
    ctx.check_hostname = False
    ctx.verify_mode = ssl.CERT_NONE
    req = urllib.request.Request(url, headers=headers or {})
    req.add_header("User-Agent", "Mozilla/5.0 (X11; Linux x86_64) AppleWebKit/537.36 (KHTML, like Gecko) Chrome/126.0.0.0 Safari/537.36")
    with urllib.request.urlopen(req, timeout=timeout, context=ctx) as r:
        return r.read().decode("utf-8", errors="replace")



== 3. ¿Bearer token en algún lado? ==
/opt/polymarket/bot-polymarket-elon-mensual-v2/recoger_tweets.py:     export X_BEARER_TOKEN=...   (plan Basic $100/mes para conteo
/opt/polymarket/bot-polymarket-elon-mensual-v2/recoger_tweets.py:    """X API v2 oficial (exacta). Requiere X_BEARER_TOKEN."""
/opt/polymarket/bot-polymarket-elon-mensual-v2/recoger_tweets.py:    token = os.environ.get("X_BEARER_TOKEN")
/opt/polymarket/bot-polymarket-elon-mensual-v2/recoger_tweets.py:        sys.exit("Modo api requiere: export X_BEARER_TOKEN=<tu token>")
/opt/polymarket/bot-polymarket-elon-mensual-v2/recoger_tweets.py:                    help="fuente de datos (api requiere X_BEARER_TOKEN)")
/opt/polymarket/bot-polymarket-elon-mensual/recoger_tweets.py:     export X_BEARER_TOKEN=...   (plan Basic $100/mes para conteo
/opt/polymarket/bot-polymarket-elon-mensual/recoger_tweets.py:    """X API v2 oficial (exacta). Requiere X_BEARER_TOKEN."""
/opt/polymarket/bot-polymarket-elon-mensual/recoger_tweets.py:    token = os.environ.get("X_BEARER_TOKEN")
/opt/polymarket/bot-polymarket-elon-mensual/recoger_tweets.py:        sys.exit("Modo api requiere: export X_BEARER_TOKEN=<tu token>")
/opt/polymarket/bot-polymarket-elon-mensual/recoger_tweets.py:                    help="fuente de datos (api requiere X_BEARER_TOKEN)")
/opt/polymarket/backup_trump_20260831_201030/recoger_tweets.py:     export X_BEARER_TOKEN=...   (plan Basic $100/mes para conteo
/opt/polymarket/backup_trump_20260831_201030/recoger_tweets.py:    """X API v2 oficial (exacta). Requiere X_BEARER_TOKEN."""
/opt/polymarket/backup_trump_20260831_201030/recoger_tweets.py:    token = os.environ.get("X_BEARER_TOKEN")
/opt/polymarket/backup_trump_20260831_201030/recoger_tweets.py:        sys.exit("Modo api requiere: export X_BEARER_TOKEN=<tu token>")
/opt/polymarket/backup_trump_20260831_201030/recoger_tweets.py:                    help="fuente de datos (api requiere X_BEARER_TOKEN)")
/opt/polymarket/bot-polymarket-elon-v2/recoger_tweets.py:     export X_BEARER_TOKEN=...   (plan Basic $100/mes para conteo
/opt/polymarket/bot-polymarket-elon-v2/recoger_tweets.py:    """X API v2 oficial (exacta). Requiere X_BEARER_TOKEN."""
/opt/polymarket/bot-polymarket-elon-v2/recoger_tweets.py:    token = os.environ.get("X_BEARER_TOKEN")
/opt/polymarket/bot-polymarket-elon-v2/recoger_tweets.py:        sys.exit("Modo api requiere: export X_BEARER_TOKEN=<tu token>")
/opt/polymarket/bot-polymarket-elon-v2/recoger_tweets.py:                    help="fuente de datos (api requiere X_BEARER_TOKEN)")

== 4. ¿Hay servicio poly-telegram-elon o poly_scraper_elon? ==
/etc/systemd/system/poly-elon-semanal.service
/etc/systemd/system/poly-elon.service
/etc/systemd/system/poly-elon-v2.service

ls: cannot access '/etc/systemd/system/*scraper*': No such file or directory

/etc/systemd/system/poly-telegram.service
/etc/systemd/system/poly-telegram-trump.service
/etc/systemd/system/poly-telegram-zelen.service

== 5. ¿Qué PID 788 está haciendo? ==
lrwxrwxrwx 1 root root 0 Sep 17 06:46 /proc/788/cwd -> /opt/polymarket/bot-polymarket-trump
cmdline:
/usr/bin/python3 bot_semanal.py --loop --intervalo 15 --modo real 


== 6. Última línea del log que muestra 5030 tweets ==
Sep 17 14:45:41 bot-poly python3[788]: [2026-09-17 10:45:41 EDT]       · tweets únicos: 5030 (reposts 0) · CSV: 229 días (nuevos/mejorados: 0)
Sep 17 15:01:03 bot-poly python3[788]: [2026-09-17 11:01:03 EDT]       · xtracker: 5030 items
Sep 17 15:01:03 bot-poly python3[788]: [2026-09-17 11:01:03 EDT]       · tweets únicos: 5030 (reposts 0) · CSV: 229 días (nuevos/mejorados: 0)
Sep 17 15:16:24 bot-poly python3[788]: [2026-09-17 11:16:24 EDT]       · xtracker: 5030 items
Sep 17 15:16:25 bot-poly python3[788]: [2026-09-17 11:16:25 EDT]       · tweets únicos: 5030 (reposts 0) · CSV: 229 días (nuevos/mejorados: 0)

== 7. ¿Cuántos tweets hay en la BD/memoria del scraper? ==
Sep 17 14:30:19 bot-poly python3[788]: [2026-09-17 10:30:19 EDT]       · tweets únicos: 5030 (reposts 0) · CSV: 229 días (nuevos/mejorados: 0)
Sep 17 14:45:41 bot-poly python3[788]: [2026-09-17 10:45:41 EDT]       · tweets únicos: 5030 (reposts 0) · CSV: 229 días (nuevos/mejorados: 0)
Sep 17 15:01:03 bot-poly python3[788]: [2026-09-17 11:01:03 EDT]       · tweets únicos: 5030 (reposts 0) · CSV: 229 días (nuevos/mejorados: 0)
Sep 17 15:16:25 bot-poly python3[788]: [2026-09-17 11:16:25 EDT]       · tweets únicos: 5030 (reposts 0) · CSV: 229 días (nuevos/mejorados: 0)

== 8. ¿Está usando RapidAPI u otra fuente? ==
/opt/polymarket/bot-polymarket-elon/bot.py:  1) Recoge tweets de @elonmusk (jina/x.com con tiempos exactos +
/opt/polymarket/bot-polymarket-elon/recoger_tweets.py:  1) x.com renderizado vía r.jina.ai (timestamps EXACTOS de posts Y
/opt/polymarket/bot-polymarket-elon/recoger_tweets.py:JINA_X = f"https://r.jina.ai/https://x.com/{SCREEN}"
/opt/polymarket/bot-polymarket-elon/recoger_tweets.py:    Acepta tanto el render de x.com como el de twitter.com (perfil en x.com,
/opt/polymarket/bot-polymarket-elon/recoger_tweets.py:    enlaces de estado en twitter.com o x.com). La hora relativa que muestra el
/opt/polymarket/bot-polymarket-elon/recoger_tweets.py:            # Formato timeline (x.com y twitter.com):
/opt/polymarket/bot-polymarket-elon/recoger_tweets.py:            #   [@elonmusk](https://x.com/elonmusk)  [17h](https://twitter.com/elonmusk/status/ID)
/opt/polymarket/bot-polymarket-elon/recoger_tweets.py:    """jina sobre twitter.com (suele esquivar el Cloudflare de x.com)."""
/opt/polymarket/bot-polymarket-elon/recoger_tweets.py:    """jina sobre x.com (formato original)."""
/opt/polymarket/bot-polymarket-elon/recoger_tweets.py:        url = ("https://api.x.com/2/users/44196397/tweets?exclude=replies"
