=== SCRAPER POLYMARKET (sin jina) — 20260910_172633 UTC ===

[1/3] Probando xtracker.polymarket.com directo...
  HTML guardado: 11817 bytes
[2/3] Probando polymarket.com directo...
  HTML guardado: 927222 bytes
[3/3] Probando gamma-api.polymarket.com...
  [OK] gamma: 25 bins

=== RESULTADO ===
{
  "user": "elonmusk",
  "fuente": "gamma-api.polymarket.com",
  "bins": {
    "0-19": 0.0,
    "20-39": 0.0,
    "40-59": 0.0,
    "60-79": 0.0,
    "80-99": 0.0,
    "100-119": 0.0,
    "120-139": 0.0,
    "140-159": 0.0375,
    "160-179": 0.605,
    "180-199": 0.305,
    "200-219": 0.043,
    "220-239": 0.007,
    "240-259": 0.0015,
    "260-279": 0.0005,
    "280-299": 0.0005,
    "300-319": 0.0005,
    "320-339": 0.0005,
    "340-359": 0.0005,
    "360-379": 0.0005,
    "380-399": 0.0005,
    "400-419": 0.0005,
    "420-439": 0.0005,
    "440-459": 0.0005,
    "460-479": 0.0005,
    "480-499": 0.0005
  }
}

== HTML DE XTRACKER (descargado aparte) ==
tamaño: 11817 bytes
---busca '150' en xtracker---
1
---busca 'Sep 4' en xtracker---
0
---busca 'September 4' en xtracker---
0
---primeras 5 lineas con 'Sep' en xtracker---

== CSV FINAL ==
fecha,tweets
2025-01-24,1
2026-02-26,1
2026-05-11,1
2026-07-25,15
2026-07-26,14
2026-07-27,15
2026-07-28,17
2026-07-29,21
2026-07-30,31
2026-07-31,38
2026-08-01,32
2026-08-02,25
2026-08-03,24
2026-08-04,26
2026-08-05,25
2026-08-06,25
2026-08-07,26
2026-08-08,26
2026-08-09,18
2026-08-10,29
2026-08-11,17
2026-08-12,33
2026-08-13,50
2026-08-14,22
2026-08-15,26
2026-08-16,9
2026-08-17,21
2026-08-18,47
2026-08-19,86
2026-08-20,85
2026-08-21,52
2026-08-22,17
2026-08-23,31
2026-08-24,33
2026-08-25,26
2026-08-26,14
2026-08-27,30
2026-08-28,7
2026-08-29,16
2026-08-30,9
2026-09-03,1
2026-09-05,5
2026-09-06,21
2026-09-07,21
2026-09-08,25
2026-09-09,22
2026-09-10,18
