=== BUSCAR MERCADO SEPTIEMBRE EN ESPAÑOL · 20260919_170928 UTC ===

== Probar slug en español ==
--- slug: elon-musk-of-tweets-en-septiembre-de-2026 ---
HTTP: 200 bytes:3
[]

--- slug: elon-musk-tweets-septiembre-2026 ---
HTTP: 200 bytes:3
[]

--- slug: elon-musk-de-tweets-en-septiembre-de-2026 ---
HTTP: 200 bytes:3
[]

--- slug: will-elon-musk-post-tweets-in-september-2026 ---
HTTP: 200 bytes:3
[]

--- slug: elon-musk-tweets-september-2026-spanish ---
HTTP: 200 bytes:3
[]


== Búsqueda por palabra 'septiembre' ==
HTTP: 200
Total eventos: 100

== ¿Cómo busca el bot los mensuales? ==
