=== V10 LOG - Sat Sep  5 11:42:16 PM UTC 2026 ===

== Status ==
● poly-combos-bot.service - Poly Combos Bot (Telegram copy-trading)
     Loaded: loaded (/etc/systemd/system/poly-combos-bot.service; enabled; preset: enabled)
     Active: active (running) since Sat 2026-09-05 23:35:17 UTC; 6min ago
   Main PID: 924563 (python3)
      Tasks: 2 (limit: 4538)
     Memory: 43.0M (peak: 43.5M)
        CPU: 1.179s
     CGroup: /system.slice/poly-combos-bot.service
             └─924563 /usr/bin/python3 -u /opt/polymarket/poly_combos_bot.py


== Ultimas 50 lineas del log ==
[23:31:30]   token real resuelto: 574452736916002160...
[23:31:31]   precio=0.485 cuota=2.06 stake=$2.0
[23:31:31]   ERROR: size_4.12_muy_pequeno
[23:32:27] update err: name 'condition_id' is not defined
[23:35:17] v10 cargado · modo=AUTO · stake=$5.0
[23:35:17] Proxy: http://100.83.57.99:8888
[23:35:18] Test proxy: 200
[23:35:18] v10 iniciado
[23:35:52] [AUTO] pasada
[23:35:53]   pagina 1: +50 mercados, 0 combos de deportes
[23:35:53]   pagina 2: +50 mercados, 1 combos de deportes
[23:35:53]   pagina 3: +50 mercados, 10 combos de deportes
[23:35:54]   pagina 4: +50 mercados, 48 combos de deportes
[23:35:54]   pagina 5: +50 mercados, 85 combos de deportes
[23:35:54] [TRADE] US Open ATP: Michael Zheng vs Arthur Gea
[23:35:54]   token real resuelto: 234333119502820491...
[23:35:55]   precio=0.675 cuota=1.48 stake=$5.0
[py_clob_client_v2] request error status=403 url=https://clob.polymarket.com/order body={"error":"Trading restricted in your region, please refer to available regions - https://docs.polymarket.com/developers/CLOB/geoblock"}
[23:35:56]   ERROR: PolyApiException[status_code=403, error_message={'error': 'Trading restricted in your region, please refer to available regions - https://docs.polymarket.com/developers/CLOB/geoblock'}]
[23:35:59] [TRADE] Spread: Philadelphia Union (-1.5)
[23:35:59]   token real resuelto: 958718972036241424...
[23:35:59]   precio=0.445 cuota=2.25 stake=$5.0
[py_clob_client_v2] request error status=403 url=https://clob.polymarket.com/order body={"error":"Trading restricted in your region, please refer to available regions - https://docs.polymarket.com/developers/CLOB/geoblock"}
[23:35:59]   ERROR: PolyApiException[status_code=403, error_message={'error': 'Trading restricted in your region, please refer to available regions - https://docs.polymarket.com/developers/CLOB/geoblock'}]
[23:36:02] [TRADE] Will Columbus Crew win on 2026-09-05?
[23:36:03]   token real resuelto: 574452736916002160...
[23:36:03]   precio=0.475 cuota=2.11 stake=$5.0
[py_clob_client_v2] request error status=403 url=https://clob.polymarket.com/order body={"error":"Trading restricted in your region, please refer to available regions - https://docs.polymarket.com/developers/CLOB/geoblock"}
[23:36:03]   ERROR: PolyApiException[status_code=403, error_message={'error': 'Trading restricted in your region, please refer to available regions - https://docs.polymarket.com/developers/CLOB/geoblock'}]
[23:40:18] [AUTO] pasada
[23:40:18]   pagina 1: +50 mercados, 0 combos de deportes
[23:40:19]   pagina 2: +50 mercados, 1 combos de deportes
[23:40:19]   pagina 3: +50 mercados, 10 combos de deportes
[23:40:20]   pagina 4: +50 mercados, 51 combos de deportes
[23:40:20]   pagina 5: +50 mercados, 87 combos de deportes
[23:40:20] [TRADE] US Open ATP: Michael Zheng vs Arthur Gea
[23:40:21]   token real resuelto: 234333119502820491...
[23:40:21]   precio=0.605 cuota=1.65 stake=$5.0
[py_clob_client_v2] request error status=403 url=https://clob.polymarket.com/order body={"error":"Trading restricted in your region, please refer to available regions - https://docs.polymarket.com/developers/CLOB/geoblock"}
[23:40:21]   ERROR: PolyApiException[status_code=403, error_message={'error': 'Trading restricted in your region, please refer to available regions - https://docs.polymarket.com/developers/CLOB/geoblock'}]
[23:40:24] [TRADE] US Open ATP: Zizou Bergs vs Botic van de Zandschulp
[23:40:25]   token real resuelto: 786246390407539017...
[23:40:25]   precio=0.635 cuota=1.57 stake=$5.0
[py_clob_client_v2] request error status=403 url=https://clob.polymarket.com/order body={"error":"Trading restricted in your region, please refer to available regions - https://docs.polymarket.com/developers/CLOB/geoblock"}
[23:40:25]   ERROR: PolyApiException[status_code=403, error_message={'error': 'Trading restricted in your region, please refer to available regions - https://docs.polymarket.com/developers/CLOB/geoblock'}]
[23:40:28] [TRADE] Spread: Philadelphia Union (-1.5)
[23:40:28]   token real resuelto: 958718972036241424...
[23:40:29]   precio=0.445 cuota=2.25 stake=$5.0
[py_clob_client_v2] request error status=403 url=https://clob.polymarket.com/order body={"error":"Trading restricted in your region, please refer to available regions - https://docs.polymarket.com/developers/CLOB/geoblock"}
[23:40:29]   ERROR: PolyApiException[status_code=403, error_message={'error': 'Trading restricted in your region, please refer to available regions - https://docs.polymarket.com/developers/CLOB/geoblock'}]

== estado ==
{
  "modo": "AUTO",
  "trades_copiados": [
    {
      "trader": "pleaseplease123",
      "peso": 10,
      "titulo": "Washington Nationals vs. Los Angeles Dodgers: O/U 8.5",
      "side": "BUY",
      "price": 0.54,
      "size": 434.0,
      "asset": "95952339111587815223537791500571044605986864428829629834185439441029088171356",
      "timestamp": 1788559234,
      "cuota": 1.85,
      "stake_sugerido": 2.0,
      "copiado_en": "2026-09-05T19:00:01.832312",
      "status": "error",
      "chat_id": 250818720,
      "order_id": "tamaño 3.7 < 5 shares mínimo"
    }
  ],
  "historial": []
}