=== VER V10.6 - Mon Sep  7 02:49:49 PM UTC 2026 ===

== Status ==
● poly-combos-bot.service - Poly Combos Bot (Telegram copy-trading)
     Loaded: loaded (/etc/systemd/system/poly-combos-bot.service; enabled; preset: enabled)
     Active: active (running) since Mon 2026-09-07 14:27:03 UTC; 22min ago
   Main PID: 1081081 (python3)
      Tasks: 2 (limit: 4538)
     Memory: 14.1M (peak: 14.7M)
        CPU: 800ms
     CGroup: /system.slice/poly-combos-bot.service

== Ultimas 30 lineas ==
[14:42:07]   token real resuelto: 114602688616062054...
[14:42:07]   precio=0.635 cuota=1.57 stake=$5.0
[14:42:07]   ERROR: sin_credenciales
[14:42:10] [TRADE] US Open WTA: Iga Swiatek vs Qinwen Zheng
[14:42:10]   token real resuelto: 309782431174759537...
[14:42:11]   precio=0.815 cuota=1.23 stake=$5.0
[14:42:11]   ERROR: sin_credenciales
[14:42:14] [TRADE] Counter-Strike: Nuclear TigeRES vs CYBERSHOKE Esports (BO3) 
[14:42:14]   token real resuelto: 994168584266180032...
[14:42:14]   precio=0.535 cuota=1.87 stake=$5.0
[14:42:14]   ERROR: sin_credenciales
[14:46:45] loop err: The read operation timed out
[14:47:17] [AUTO] pasada
[14:47:18]   pagina 1: +50 mercados, 0 combos de deportes
[14:47:18]   pagina 2: +50 mercados, 0 combos de deportes
[14:47:19]   pagina 3: +50 mercados, 12 combos de deportes
[14:47:19]   pagina 4: +50 mercados, 54 combos de deportes
[14:47:19]   pagina 5: +50 mercados, 101 combos de deportes
[14:47:19] [TRADE] LoL: Invictus Gaming vs LGD Gaming (BO5) - LPL Playoffs
[14:47:20]   token real resuelto: 114602688616062054...
[14:47:20]   precio=0.635 cuota=1.57 stake=$5.0
[14:47:20]   ERROR: sin_credenciales
[14:47:23] [TRADE] US Open WTA: Iga Swiatek vs Qinwen Zheng
[14:47:23]   token real resuelto: 309782431174759537...
[14:47:24]   precio=0.815 cuota=1.23 stake=$5.0
[14:47:24]   ERROR: sin_credenciales
[14:47:27] [TRADE] Counter-Strike: Nuclear TigeRES vs CYBERSHOKE Esports (BO3) 
[14:47:27]   token real resuelto: 994168584266180032...
[14:47:28]   precio=0.535 cuota=1.87 stake=$5.0
[14:47:28]   ERROR: sin_credenciales