=== VER V10.6 - Mon Sep  7 04:04:26 PM UTC 2026 ===

== Status ==
● poly-combos-bot.service - Poly Combos Bot (Telegram copy-trading)
     Loaded: loaded (/etc/systemd/system/poly-combos-bot.service; enabled; preset: enabled)
     Active: active (running) since Mon 2026-09-07 15:44:54 UTC; 19min ago
   Main PID: 1085892 (python3)
      Tasks: 2 (limit: 4538)
     Memory: 13.0M (peak: 13.5M)
        CPU: 311ms
     CGroup: /system.slice/poly-combos-bot.service

== Ultimas 30 lineas ==
[15:35:22]   token real resuelto: 981793670138259096...
[15:35:22]   precio=0.795 cuota=1.26 stake=$5.0
[15:35:22]   ERROR: sin_credenciales
[15:35:25] [TRADE] Counter-Strike: Nuclear TigeRES vs CYBERSHOKE Esports (BO3) 
[15:35:25]   token real resuelto: 994168584266180032...
[15:35:25]   precio=0.525 cuota=1.90 stake=$5.0
[15:35:25]   ERROR: sin_credenciales
[15:40:59] [AUTO] pasada
[15:40:59]   pagina 1: +50 mercados, 0 combos de deportes
[15:41:03]   pagina 2: +50 mercados, 0 combos de deportes
[15:41:03]   pagina 3: +50 mercados, 13 combos de deportes
[15:41:04]   pagina 4: +50 mercados, 57 combos de deportes
[15:41:04]   pagina 5: +50 mercados, 104 combos de deportes
[15:41:34] [TRADE] LoL: Invictus Gaming vs LGD Gaming (BO5) - LPL Playoffs
[15:41:37]   token real resuelto: 114602688616062054...
[15:41:37]   precio=0.635 cuota=1.57 stake=$5.0
[15:41:37]   ERROR: sin_credenciales
[15:41:40] [TRADE] US Open WTA: Mirra Andreeva vs Anastasia Potapova
[15:41:41]   token real resuelto: 981793670138259096...
[15:41:41]   precio=0.785 cuota=1.27 stake=$5.0
[15:41:41]   ERROR: sin_credenciales
[15:41:44] [TRADE] Counter-Strike: Nuclear TigeRES vs CYBERSHOKE Esports (BO3) 
[15:41:44]   token real resuelto: 994168584266180032...
[15:41:44]   precio=0.525 cuota=1.90 stake=$5.0
[15:41:44]   ERROR: sin_credenciales
[15:43:31] loop err: The read operation timed out
[15:44:54] v10.7 cargado · modo=AUTO · stake=$5.0
[15:44:54] Proxy: http://100.83.57.99:8888
[15:44:57] Test proxy: 200
[15:44:57] v10.7 iniciado